D/dalvikvm(23912): GC_CONCURRENT freed 303K, 6% free 7931K/8388K, paused 3ms+7ms, total 41ms
D/dalvikvm(23912): GC_CONCURRENT freed 265K, 5% free 8075K/8492K, paused 4ms+2ms, total 23ms
D/dalvikvm(23912): GC_CONCURRENT freed 398K, 7% free 8074K/8624K, paused 7ms+3ms, total 29ms
I/Choreographer(23912): Skipped 315 frames!  The application may be doing too much work on its main thread.
W/InputMethodManagerService(  449): Window already focused, ignoring focus gain of: com.android.internal.view.IInputMethodClient$Stub$Proxy@426bfaf0 attribute=null, token = android.os.BinderProxy@428454d8
D/PhoneStatusBar(  576): disable: < expand icons alerts TICKER* SYSTEM_INFO* back home recent clock search >
I/ActivityManager(  449): START u0 {act=android.settings.WIFI_SETTINGS flg=0x14000000 cmp=com.android.settings/.Settings$WifiSettingsActivity} from pid 576
D/PhoneStatusBar(  576): disable: < expand icons alerts ticker* system_info* back home recent clock search >
W/System.err(22805): Removed 2131231194
W/System.err(22805): Removed 2131231203
D/dalvikvm(22805): GC_CONCURRENT freed 443K, 7% free 8823K/9420K, paused 18ms+41ms, total 100ms
I/ActivityManager(  449): Displayed com.android.settings/.Settings$WifiSettingsActivity: +432ms
W/System.err(22805): Removed 2131231194
W/System.err(22805): Removed 2131231203
D/WifiService(  449): setWifiEnabled: true pid=22805, uid=1000
D/SoftapController(  123): Softap fwReload - Ok
D/CommandListener(  123): Setting iface cfg
D/CommandListener(  123): Trying to bring down wlan0
E/WifiHW  (  449): Unable to open connection to supplicant on "wlan0": No such file or directory
I/wpa_supplicant(24259): Successfully initialized wpa_supplicant
E/BroadcastReceiver( 7570): BroadcastReceiver trying to return result during a non-ordered broadcast
E/BroadcastReceiver( 7570): java.lang.RuntimeException: BroadcastReceiver trying to return result during a non-ordered broadcast
E/BroadcastReceiver( 7570): 	at android.content.BroadcastReceiver.checkSynchronousHint(BroadcastReceiver.java:783)
E/BroadcastReceiver( 7570): 	at android.content.BroadcastReceiver.setResult(BroadcastReceiver.java:658)
E/BroadcastReceiver( 7570): 	at com.tcx.mdm.receivers.GlobalBroadcastReceiver.onReceive(SourceFile:40)
E/BroadcastReceiver( 7570): 	at android.app.ActivityThread.handleReceiver(ActivityThread.java:2376)
E/BroadcastReceiver( 7570): 	at android.app.ActivityThread.access$1500(ActivityThread.java:141)
E/BroadcastReceiver( 7570): 	at android.app.ActivityThread$H.handleMessage(ActivityThread.java:1310)
E/BroadcastReceiver( 7570): 	at android.os.Handler.dispatchMessage(Handler.java:99)
E/BroadcastReceiver( 7570): 	at android.os.Looper.loop(Looper.java:137)
E/BroadcastReceiver( 7570): 	at android.app.ActivityThread.main(ActivityThread.java:5039)
E/BroadcastReceiver( 7570): 	at java.lang.reflect.Method.invokeNative(Native Method)
E/BroadcastReceiver( 7570): 	at java.lang.reflect.Method.invoke(Method.java:511)
E/BroadcastReceiver( 7570): 	at com.android.internal.os.ZygoteInit$MethodAndArgsCaller.run(ZygoteInit.java:793)
E/BroadcastReceiver( 7570): 	at com.android.internal.os.ZygoteInit.main(ZygoteInit.java:560)
E/BroadcastReceiver( 7570): 	at dalvik.system.NativeStart.main(Native Method)
D/BluetoothAdapter(22805): 1110975816: getState() :  mService = null. Returning STATE_OFF
I/wpa_supplicant(24259): rfkill: Cannot open RFKILL control device
I/wpa_supplicant(24259): rfkill: Cannot open RFKILL control device
D/CommandListener(  123): Setting iface cfg
D/CommandListener(  123): Trying to bring up p2p0
E/BroadcastReceiver( 7570): BroadcastReceiver trying to return result during a non-ordered broadcast
E/BroadcastReceiver( 7570): java.lang.RuntimeException: BroadcastReceiver trying to return result during a non-ordered broadcast
E/BroadcastReceiver( 7570): 	at android.content.BroadcastReceiver.checkSynchronousHint(BroadcastReceiver.java:783)
E/BroadcastReceiver( 7570): 	at android.content.BroadcastReceiver.setResult(BroadcastReceiver.java:658)
E/BroadcastReceiver( 7570): 	at com.tcx.mdm.receivers.GlobalBroadcastReceiver.onReceive(SourceFile:40)
E/BroadcastReceiver( 7570): 	at android.app.ActivityThread.handleReceiver(ActivityThread.java:2376)
E/BroadcastReceiver( 7570): 	at android.app.ActivityThread.access$1500(ActivityThread.java:141)
E/BroadcastReceiver( 7570): 	at android.app.ActivityThread$H.handleMessage(ActivityThread.java:1310)
E/BroadcastReceiver( 7570): 	at android.os.Handler.dispatchMessage(Handler.java:99)
E/BroadcastReceiver( 7570): 	at android.os.Looper.loop(Looper.java:137)
E/BroadcastReceiver( 7570): 	at android.app.ActivityThread.main(ActivityThread.java:5039)
E/BroadcastReceiver( 7570): 	at java.lang.reflect.Method.invokeNative(Native Method)
E/BroadcastReceiver( 7570): 	at java.lang.reflect.Method.invoke(Method.java:511)
E/BroadcastReceiver( 7570): 	at com.android.internal.os.ZygoteInit$MethodAndArgsCaller.run(ZygoteInit.java:793)
E/BroadcastReceiver( 7570): 	at com.android.internal.os.ZygoteInit.main(ZygoteInit.java:560)
E/BroadcastReceiver( 7570): 	at dalvik.system.NativeStart.main(Native Method)
D/BluetoothAdapter(22805): 1110975816: getState() :  mService = null. Returning STATE_OFF
I/wpa_supplicant(24259): wlan0: Trying to associate with 84:1b:5e:27:91:d4 (SSID='Gilma' freq=2452 MHz)
D/dalvikvm(22805): GC_CONCURRENT freed 558K, 9% free 8667K/9428K, paused 17ms+3ms, total 55ms
I/wpa_supplicant(24259): wlan0: Associated with 84:1b:5e:27:91:d4
I/wpa_supplicant(24259): wlan0: WPA: Key negotiation completed with 84:1b:5e:27:91:d4 [PTK=CCMP GTK=CCMP]
I/wpa_supplicant(24259): wlan0: CTRL-EVENT-CONNECTED - Connection to 84:1b:5e:27:91:d4 completed (auth) [id=6 id_str=]
I/dalvikvm(23428): Total arena pages for JIT: 11
I/dalvikvm(23428): Total arena pages for JIT: 12
I/dalvikvm(23428): Total arena pages for JIT: 13
I/dalvikvm(23428): Total arena pages for JIT: 14
I/dalvikvm(23428): Total arena pages for JIT: 15
I/dalvikvm(23428): Total arena pages for JIT: 16
I/dalvikvm(23428): Total arena pages for JIT: 17
D/dalvikvm(  735): GC_CONCURRENT freed 308K, 8% free 8309K/8972K, paused 58ms+3ms, total 283ms
D/dalvikvm(22805): GC_CONCURRENT freed 166K, 6% free 8948K/9428K, paused 1ms+6ms, total 29ms
D/dalvikvm(22805): GC_CONCURRENT freed 483K, 7% free 8914K/9552K, paused 1ms+6ms, total 28ms
D/dalvikvm(22805): GC_FOR_ALLOC freed 61K, 8% free 8891K/9584K, paused 20ms, total 20ms
D/dalvikvm(22805): GC_FOR_ALLOC freed 25K, 8% free 8883K/9584K, paused 20ms, total 20ms
D/dalvikvm(22805): GC_FOR_ALLOC freed 3K, 8% free 8888K/9584K, paused 19ms, total 19ms
I/dalvikvm-heap(22805): Grow heap (frag case) to 8.833MB for 7412-byte allocation
D/dalvikvm(22805): GC_FOR_ALLOC freed 5K, 8% free 8890K/9592K, paused 21ms, total 21ms
D/dalvikvm(22805): GC_FOR_ALLOC freed 20K, 8% free 8870K/9592K, paused 19ms, total 19ms
D/dalvikvm(22805): GC_CONCURRENT freed 318K, 7% free 8991K/9592K, paused 1ms+5ms, total 27ms
W/ProcessStats(  449): Skipping unknown process pid 24282
W/ProcessStats(  449): Skipping unknown process pid 24284
D/DhcpInfoInternal(  449): makeLinkProperties with empty dns2!
D/DhcpInfoInternal(  449): makeLinkProperties with empty dns2!
D/ConnectivityService(  449): Captive portal check NetworkInfo: type: WIFI[], state: CONNECTING/CAPTIVE_PORTAL_CHECK, reason: (unspecified), extra: "Gilma", roaming: false, failover: false, isAvailable: true
D/ConnectivityService(  449): Captive portal check NetworkInfo: type: WIFI[], state: CONNECTING/CAPTIVE_PORTAL_CHECK, reason: (unspecified), extra: "Gilma", roaming: false, failover: false, isAvailable: true
D/ConnectivityService(  449): ConnectivityChange for WIFI: CONNECTED/CONNECTED
E/WifiStateMachine(  449): Error! unhandled message{ what=131092 when=-26ms }
D/ConnectivityService(  449): ConnectivityChange for WIFI: CONNECTED/CONNECTED
D/ConnectivityService(  449): handleConnectivityChange: address are the same reset per doReset linkProperty[1]: resetMask=0
D/dalvikvm(22805): GC_CONCURRENT freed 462K, 7% free 9068K/9688K, paused 3ms+12ms, total 53ms
D/dalvikvm(22805): WAIT_FOR_CONCURRENT_GC blocked 3ms
D/Tethering(  449): MasterInitialState.processMessage what=3
D/Tethering(  449): MasterInitialState.processMessage what=3
I/GTalkService/c(  809): [AndroidEndpoint@1110861608] connect: acct=1000000, state=CONNECTING
D/PicasaSyncManager(18730): active network: NetworkInfo: type: WIFI[], state: CONNECTED/CONNECTED, reason: (unspecified), extra: "Gilma", roaming: false, failover: false, isAvailable: true
I/GTalkService/c(  809): [GTalkConnection@1110643376] connect: acct=1, state=CONNECTING
D/PicasaUploaderSyncManager(23977): active network: NetworkInfo: type: WIFI[], state: CONNECTED/CONNECTED, reason: (unspecified), extra: "Gilma", roaming: false, failover: false, isAvailable: true
D/dalvikvm(23977): GC_CONCURRENT freed 335K, 7% free 7470K/7988K, paused 3ms+3ms, total 25ms
D/dalvikvm(  449): GC_EXPLICIT freed 3924K, 31% free 25338K/36316K, paused 12ms+12ms, total 244ms
D/libgps  (  449): proxy_agps_ril_update_network_state()
D/libgps  (  449): proxy_agps_ril_request_setid_cb()
D/libgps  (  449): proxy_agps_ril_set_set_id()
D/libgps  (  449): proxy_agps_ril_update_network_state: called
D/libgps  (  449): proxy_agps_ril_update_network_availability()
D/libgps  (  449): proxy_agps_ril_update_network_state()
D/libgps  (  449): proxy_agps_ril_request_setid_cb()
D/libgps  (  449): proxy_agps_ril_update_network_state: called
D/libgps  (  449): proxy_agps_ril_update_network_availability()
D/libgps  (  449): proxy_agps_ril_set_set_id()
I/ActivityManager(  449): Start proc android.process.acore for content provider com.android.providers.contacts/.ContactsProvider2: pid=24329 uid=10000 gids={50000, 3003, 1015, 1028}
I/ActivityThread(24329): Pub call_log: com.android.providers.contacts.CallLogProvider
I/ActivityThread(24329): Pub com.android.voicemail: com.android.providers.contacts.VoicemailContentProvider
I/ActivityThread(24329): Pub com.android.contacts.dumpfile: com.android.providers.contacts.debug.DumpFileProvider
I/ActivityThread(24329): Pub user_dictionary: com.android.providers.userdictionary.UserDictionaryProvider
I/ActivityThread(24329): Pub applications: com.android.providers.applications.ApplicationsProvider
I/ActivityThread(24329): Pub contacts;com.android.contacts: com.android.providers.contacts.ContactsProvider2
D/dalvikvm(24329): GC_CONCURRENT freed 198K, 5% free 7605K/7956K, paused 3ms+2ms, total 21ms
D/ConnectivityService(  449): handleInetConditionHoldEnd: net=1, condition=100, published condition=0
I/ActivityManager(  449): Start proc com.google.android.talk for broadcast com.google.android.talk/.ConnectionStateOnlineReceiver: pid=24345 uid=10051 gids={50051, 3003, 1015, 1006, 1028, 3002}
I/ActivityThread(24345): Pub com.google.android.talk.SuggestionProvider: com.google.android.talk.SuggestionsProvider
D/vclib:CallStateClient(24345): startListening
D/dalvikvm(24345): GC_CONCURRENT freed 246K, 5% free 7634K/8032K, paused 2ms+2ms, total 22ms
D/dalvikvm(24345): WAIT_FOR_CONCURRENT_GC blocked 4ms
D/dalvikvm(24345): WAIT_FOR_CONCURRENT_GC blocked 8ms
D/dalvikvm(24345): WAIT_FOR_CONCURRENT_GC blocked 6ms
D/dalvikvm(  809): GC_CONCURRENT freed 329K, 6% free 8518K/9060K, paused 3ms+3ms, total 26ms
I/ActivityManager(  449): No longer want com.android.vending (pid 23613): empty #17
D/dalvikvm(24329): GC_CONCURRENT freed 185K, 5% free 7828K/8168K, paused 1ms+2ms, total 19ms
D/dalvikvm(22805): GC_CONCURRENT freed 638K, 9% free 8873K/9724K, paused 3ms+5ms, total 41ms
D/dalvikvm(22805): GC_CONCURRENT freed 292K, 8% free 9039K/9724K, paused 9ms+12ms, total 56ms
D/dalvikvm(22805): GC_FOR_ALLOC freed 372K, 10% free 8852K/9752K, paused 21ms, total 24ms
D/dalvikvm(14444): GC_CONCURRENT freed 478K, 8% free 9138K/9880K, paused 121ms+3ms, total 150ms
D/dalvikvm(22805): GC_CONCURRENT freed 388K, 9% free 8925K/9752K, paused 12ms+14ms, total 57ms
D/dalvikvm(22805): GC_CONCURRENT freed 369K, 8% free 9006K/9748K, paused 1ms+4ms, total 30ms
D/dalvikvm(22805): GC_CONCURRENT freed 570K, 9% free 8905K/9748K, paused 20ms+5ms, total 84ms
I/dalvikvm(22805): Jit: resizing JitTable from 4096 to 8192
D/dalvikvm(22805): GC_CONCURRENT freed 401K, 8% free 8977K/9748K, paused 11ms+13ms, total 56ms
D/dalvikvm(22805): GC_CONCURRENT freed 506K, 9% free 8920K/9748K, paused 9ms+7ms, total 53ms
D/dalvikvm(22805): GC_CONCURRENT freed 434K, 9% free 8923K/9748K, paused 7ms+4ms, total 56ms
D/dalvikvm(  735): GC_CONCURRENT freed 322K, 6% free 8383K/8904K, paused 8ms+3ms, total 33ms
D/dalvikvm(22805): GC_CONCURRENT freed 486K, 9% free 8925K/9748K, paused 8ms+15ms, total 55ms
D/dalvikvm(22805): WAIT_FOR_CONCURRENT_GC blocked 7ms
D/dalvikvm(22805): GC_CONCURRENT freed 461K, 9% free 8921K/9740K, paused 5ms+9ms, total 53ms
D/dalvikvm(22805): GC_CONCURRENT freed 375K, 7% free 9066K/9740K, paused 14ms+12ms, total 48ms
D/dalvikvm(22805): WAIT_FOR_CONCURRENT_GC blocked 7ms
D/dalvikvm(22805): GC_CONCURRENT freed 561K, 8% free 8968K/9748K, paused 5ms+4ms, total 50ms
D/dalvikvm(14444): GC_CONCURRENT freed 382K, 7% free 9262K/9880K, paused 1ms+4ms, total 172ms
D/dalvikvm( 7570): GC_FOR_ALLOC freed 307K, 10% free 7605K/8400K, paused 32ms, total 33ms
I/NotificationStore(22543): file does not exist: /data/data/com.google.android.gms/files/notification_data.dat
D/dalvikvm(22805): GC_FOR_ALLOC freed 297K, 10% free 8812K/9748K, paused 20ms, total 21ms
I/ActivityManager(  449): No longer want com.google.android.apps.maps (pid 20121): empty #17
W/ActivityManager(  449): Scheduling restart of crashed service com.google.android.apps.maps/com.google.googlenav.prefetch.android.PrefetcherService in 5000ms
I/ActivityManager(  449): Start proc com.google.android.apps.maps for service com.google.android.apps.maps/com.google.googlenav.prefetch.android.PrefetcherService: pid=25170 uid=10034 gids={50034, 3003, 1015, 1028}
D/dalvikvm(25170): GC_CONCURRENT freed 165K, 4% free 7708K/8028K, paused 4ms+3ms, total 33ms
D/dalvikvm(25170): GC_CONCURRENT freed 145K, 4% free 8064K/8372K, paused 2ms+2ms, total 17ms
D/dalvikvm(25170): WAIT_FOR_CONCURRENT_GC blocked 4ms
I/ActivityThread(25170): Pub com.google.android.maps.OfflineIndexProvider: com.google.googlenav.provider.OfflineIndexProvider
I/ActivityThread(25170): Pub com.google.android.maps.SearchHistoryProvider: com.google.googlenav.provider.SearchHistoryProvider
I/ActivityThread(25170): Pub com.google.android.maps.SuggestionProvider: com.google.googlenav.suggest.android.SuggestContentProvider
D/dalvikvm(25170): GC_CONCURRENT freed 144K, 4% free 8385K/8700K, paused 2ms+4ms, total 22ms
I/ActivityThread(25170): Pub com.google.android.maps.LayerInfoProvider: com.google.googlenav.layer.LayerInfoProvider
I/ActivityThread(25170): Pub com.google.android.maps.TrafficAppWidgetProvider: com.google.googlenav.appwidget.traffic.TrafficAppWidgetProvider
I/ActivityThread(25170): Pub com.google.android.maps.LocalActivePlacesProvider: com.google.googlenav.provider.LocalActivePlacesProvider
I/ActivityThread(25170): Pub com.google.android.maps.StarredItemProvider: com.google.googlenav.provider.StarredItemProvider
D/dalvikvm(25170): GC_CONCURRENT freed 259K, 5% free 8634K/9048K, paused 2ms+2ms, total 21ms
D/dalvikvm(25170): WAIT_FOR_CONCURRENT_GC blocked 6ms
I/ActivityThread(25170): Pub com.google.android.maps.LocalSuggestionProvider: com.google.googlenav.provider.LocalSuggestionProvider
I/ActivityThread(25170): Pub com.google.android.maps.NavigationAvailabilityProvider: com.google.googlenav.provider.NavigationAvailabilityProvider
D/dalvikvm(25170): GC_FOR_ALLOC freed 102K, 5% free 8901K/9296K, paused 21ms, total 21ms
D/dalvikvm(25170): GC_FOR_ALLOC freed 101K, 5% free 9155K/9560K, paused 20ms, total 20ms
D/dalvikvm(25170): GC_FOR_ALLOC freed 83K, 4% free 9399K/9764K, paused 29ms, total 29ms
D/dalvikvm(22805): GC_CONCURRENT freed 369K, 9% free 8912K/9748K, paused 6ms+8ms, total 43ms
D/dalvikvm(22805): WAIT_FOR_CONCURRENT_GC blocked 2ms
D/dalvikvm(22805): GC_CONCURRENT freed 392K, 8% free 9019K/9748K, paused 2ms+9ms, total 43ms
D/dalvikvm(22805): WAIT_FOR_CONCURRENT_GC blocked 7ms
D/dalvikvm(22805): GC_FOR_ALLOC freed 153K, 9% free 8917K/9748K, paused 20ms, total 20ms
D/dalvikvm(22805): GC_CONCURRENT freed 318K, 7% free 9078K/9748K, paused 11ms+15ms, total 60ms
D/dalvikvm(  735): GC_CONCURRENT freed 383K, 7% free 8391K/8932K, paused 17ms+3ms, total 127ms
D/dalvikvm(22805): GC_CONCURRENT freed 632K, 9% free 8919K/9748K, paused 5ms+13ms, total 50ms
I/AndroidRuntime(23912): VM exiting with result code 1, cleanup skipped.
I/WindowState(  449): WIN DEATH: Window{422d39c0 u0 com.microsoft.hsg.android.custom/com.microsoft.hsg.android.custom.CustomActivity}
I/ActivityManager(  449): Process com.microsoft.hsg.android.custom (pid 23912) has died.
D/Zygote  (  126): Process 23912 exited cleanly (1)
D/dalvikvm(22805): GC_CONCURRENT freed 411K, 8% free 9001K/9748K, paused 14ms+13ms, total 46ms
D/dalvikvm(22805): GC_CONCURRENT freed 419K, 7% free 9078K/9748K, paused 8ms+5ms, total 55ms
D/dalvikvm(14444): GC_CONCURRENT freed 638K, 8% free 9250K/10044K, paused 3ms+5ms, total 52ms
D/dalvikvm(14444): WAIT_FOR_CONCURRENT_GC blocked 21ms
I/dalvikvm(23428): Total arena pages for JIT: 18
W/fb4a(:<default>):fb:ImmutableBundle(17462): Unsupported value type in bundle for key fb4a_new with value {"new_version":"154780","min_version":"148914","new_version_url":"https://m.facebook.com/mobile_builds?build_number=154780&no_fw=1","new_version_notes":"","everstore_handle":"FuuCCQA5cQwCBxEkAFAANnxuPwYAAAA:"}
W/fb4a(:<default>):fb:ImmutableBundle(17462): Unsupported value type in bundle for key fb4a_master_new with value {"new_version":"130613","new_version_url":"https://m.facebook.com/mobile_builds?build_number=130613&no_fw=1"}
D/dalvikvm(17462): GC_CONCURRENT freed 1328K, 11% free 12201K/13684K, paused 29ms+4ms, total 122ms
D/dalvikvm(17462): WAIT_FOR_CONCURRENT_GC blocked 33ms
D/dalvikvm(17462): WAIT_FOR_CONCURRENT_GC blocked 34ms
D/dalvikvm(22805): GC_CONCURRENT freed 637K, 9% free 8969K/9760K, paused 5ms+18ms, total 70ms
D/dalvikvm(22805): GC_CONCURRENT freed 422K, 8% free 9045K/9760K, paused 14ms+13ms, total 58ms
D/dalvikvm(22805): GC_CONCURRENT freed 585K, 9% free 8904K/9760K, paused 14ms+6ms, total 44ms
D/dalvikvm(22805): WAIT_FOR_CONCURRENT_GC blocked 7ms
D/dalvikvm(22805): GC_FOR_ALLOC freed 74K, 10% free 8847K/9760K, paused 22ms, total 23ms
D/dalvikvm(22805): GC_FOR_ALLOC freed 75K, 10% free 8789K/9760K, paused 19ms, total 20ms
D/dalvikvm(22805): GC_FOR_ALLOC freed 28K, 10% free 8813K/9760K, paused 18ms, total 19ms
D/dalvikvm(22805): GC_FOR_ALLOC freed 10K, 10% free 8829K/9760K, paused 19ms, total 19ms
D/dalvikvm(22805): GC_FOR_ALLOC freed 9K, 10% free 8827K/9760K, paused 19ms, total 19ms
D/dalvikvm(22805): GC_FOR_ALLOC freed <1K, 10% free 8836K/9760K, paused 19ms, total 19ms
I/dalvikvm-heap(22805): Grow heap (frag case) to 8.783MB for 7412-byte allocation
D/dalvikvm(22805): GC_FOR_ALLOC freed 0K, 10% free 8843K/9768K, paused 19ms, total 19ms
D/dalvikvm(22805): GC_CONCURRENT freed 285K, 8% free 9006K/9768K, paused 7ms+9ms, total 48ms
D/dalvikvm(22805): WAIT_FOR_CONCURRENT_GC blocked 4ms
D/dalvikvm(22805): GC_FOR_ALLOC freed 54K, 9% free 8968K/9768K, paused 19ms, total 19ms
D/dalvikvm(22805): GC_FOR_ALLOC freed 68K, 9% free 8943K/9768K, paused 19ms, total 19ms
D/dalvikvm(22805): GC_FOR_ALLOC freed 9K, 9% free 8952K/9768K, paused 20ms, total 20ms
D/dalvikvm(22805): GC_FOR_ALLOC freed 10K, 9% free 8958K/9768K, paused 19ms, total 19ms
D/dalvikvm(22805): GC_FOR_ALLOC freed 9K, 9% free 8957K/9768K, paused 19ms, total 19ms
D/dalvikvm(22805): GC_FOR_ALLOC freed <1K, 9% free 8966K/9768K, paused 19ms, total 19ms
I/dalvikvm-heap(22805): Grow heap (frag case) to 8.909MB for 7412-byte allocation
D/dalvikvm(22805): GC_FOR_ALLOC freed 0K, 9% free 8973K/9776K, paused 20ms, total 20ms
D/dalvikvm(22805): GC_FOR_ALLOC freed 9K, 9% free 8965K/9776K, paused 21ms, total 21ms
D/dalvikvm(22805): GC_FOR_ALLOC freed <1K, 9% free 8974K/9776K, paused 19ms, total 19ms
I/dalvikvm-heap(22805): Grow heap (frag case) to 8.916MB for 7412-byte allocation
D/dalvikvm(22805): GC_FOR_ALLOC freed 0K, 9% free 8981K/9784K, paused 20ms, total 20ms
D/dalvikvm(22805): GC_CONCURRENT freed 472K, 9% free 8981K/9784K, paused 13ms+12ms, total 70ms
D/dalvikvm(  735): GC_CONCURRENT freed 386K, 7% free 8405K/8948K, paused 2ms+22ms, total 174ms
D/dalvikvm(22805): GC_CONCURRENT freed 533K, 9% free 8929K/9784K, paused 2ms+4ms, total 49ms
D/dalvikvm(22805): GC_CONCURRENT freed 363K, 8% free 9021K/9784K, paused 3ms+13ms, total 48ms
D/dalvikvm(22805): GC_CONCURRENT freed 565K, 9% free 8906K/9784K, paused 4ms+19ms, total 63ms
D/dalvikvm(14444): GC_CONCURRENT freed 500K, 8% free 9272K/10044K, paused 117ms+3ms, total 142ms
D/dalvikvm(22805): GC_CONCURRENT freed 405K, 9% free 8985K/9784K, paused 7ms+9ms, total 48ms
D/dalvikvm(22805): GC_CONCURRENT freed 407K, 8% free 9059K/9784K, paused 3ms+5ms, total 53ms
D/dalvikvm(22805): GC_CONCURRENT freed 585K, 8% free 9024K/9784K, paused 3ms+10ms, total 47ms
D/dalvikvm(22805): WAIT_FOR_CONCURRENT_GC blocked 8ms
D/dalvikvm(22805): GC_FOR_ALLOC freed 144K, 9% free 8930K/9784K, paused 20ms, total 20ms
D/dalvikvm(22805): GC_CONCURRENT freed 320K, 8% free 9066K/9784K, paused 3ms+9ms, total 51ms
D/dalvikvm(22805): GC_CONCURRENT freed 599K, 9% free 8955K/9756K, paused 2ms+6ms, total 45ms
D/dalvikvm(22805): GC_FOR_ALLOC freed 179K, 10% free 8870K/9756K, paused 20ms, total 20ms
D/dalvikvm(22805): GC_CONCURRENT freed 279K, 8% free 9031K/9756K, paused 3ms+6ms, total 42ms
D/dalvikvm(22805): WAIT_FOR_CONCURRENT_GC blocked 5ms
D/dalvikvm(22805): GC_FOR_ALLOC freed 70K, 8% free 8995K/9756K, paused 19ms, total 19ms
D/dalvikvm(22805): GC_FOR_ALLOC freed 52K, 9% free 8969K/9756K, paused 20ms, total 20ms
D/dalvikvm(22805): GC_FOR_ALLOC freed 10K, 9% free 8967K/9756K, paused 19ms, total 19ms
D/dalvikvm(22805): GC_FOR_ALLOC freed <1K, 8% free 8976K/9756K, paused 19ms, total 19ms
I/dalvikvm-heap(22805): Grow heap (frag case) to 8.919MB for 7412-byte allocation
D/dalvikvm(22805): GC_FOR_ALLOC freed 0K, 8% free 8983K/9764K, paused 20ms, total 20ms
D/dalvikvm(22805): GC_FOR_ALLOC freed 9K, 9% free 8975K/9764K, paused 21ms, total 21ms
D/dalvikvm(22805): GC_FOR_ALLOC freed <1K, 8% free 8984K/9764K, paused 19ms, total 19ms
I/dalvikvm-heap(22805): Grow heap (frag case) to 8.926MB for 7412-byte allocation
D/dalvikvm(22805): GC_FOR_ALLOC freed 0K, 8% free 8991K/9772K, paused 20ms, total 20ms
D/dalvikvm(22805): GC_FOR_ALLOC freed 9K, 9% free 8982K/9772K, paused 20ms, total 20ms
D/dalvikvm(22805): GC_FOR_ALLOC freed <1K, 8% free 8991K/9772K, paused 20ms, total 20ms
I/dalvikvm-heap(22805): Grow heap (frag case) to 8.934MB for 7412-byte allocation
D/dalvikvm(22805): GC_FOR_ALLOC freed 0K, 8% free 8999K/9780K, paused 21ms, total 21ms
D/dalvikvm(22805): GC_CONCURRENT freed 571K, 10% free 8868K/9780K, paused 5ms+4ms, total 49ms
D/dalvikvm(22805): GC_FOR_ALLOC freed 172K, 11% free 8791K/9780K, paused 20ms, total 20ms
D/dalvikvm(22805): GC_CONCURRENT freed 345K, 10% free 8854K/9780K, paused 5ms+12ms, total 57ms
D/dalvikvm(22805): GC_CONCURRENT freed 339K, 9% free 8913K/9780K, paused 8ms+4ms, total 43ms
D/dalvikvm(  735): GC_CONCURRENT freed 382K, 7% free 8441K/8984K, paused 68ms+3ms, total 134ms
D/dalvikvm(22805): GC_CONCURRENT freed 266K, 7% free 9095K/9756K, paused 2ms+3ms, total 45ms
D/dalvikvm(22805): GC_CONCURRENT freed 666K, 9% free 8986K/9808K, paused 6ms+13ms, total 57ms
D/dalvikvm(22805): GC_FOR_ALLOC freed 179K, 11% free 8826K/9808K, paused 20ms, total 20ms
D/dalvikvm(22805): GC_CONCURRENT freed 282K, 9% free 8983K/9804K, paused 3ms+15ms, total 45ms
W/ThrottleService(  449): unable to find stats for iface rmnet0
D/dalvikvm(22805): GC_CONCURRENT freed 408K, 8% free 9039K/9804K, paused 2ms+14ms, total 51ms
D/dalvikvm(  449): GC_CONCURRENT freed 4421K, 31% free 25307K/36316K, paused 6ms+31ms, total 196ms
D/dalvikvm(14444): GC_CONCURRENT freed 617K, 8% free 9294K/10064K, paused 3ms+3ms, total 37ms
D/dalvikvm(14444): WAIT_FOR_CONCURRENT_GC blocked 18ms
D/dalvikvm(22805): GC_CONCURRENT freed 552K, 9% free 8989K/9804K, paused 5ms+21ms, total 56ms
D/libgps  (  449): proxy_gps_set_position_mode()
D/libgps  (  449): proxy_gps_inject_location()
D/dalvikvm(  735): GC_CONCURRENT freed 561K, 8% free 8373K/9096K, paused 4ms+2ms, total 39ms
D/libgps  (  449): proxy_gps_status_cb()
D/libgps  (  449): proxy_gps_status_cb()
D/libgps  (  449): proxy_gps_acquire_wakelock_cb()
D/libgps  (  449): proxy_agps_ril_request_setid_cb()
D/libgps  (  449): proxy_agps_ril_set_set_id()
D/libgps  (  449): proxy_gps_nmea_cb()
D/libgps  (  449): proxy_gps_nmea_cb()
D/libgps  (  449): proxy_gps_nmea_cb()
D/libgps  (  449): proxy_gps_nmea_cb()
D/libgps  (  449): proxy_gps_nmea_cb()
D/libgps  (  449): proxy_gps_nmea_cb()
D/libgps  (  449): proxy_gps_nmea_cb()
D/libgps  (  449): proxy_gps_nmea_cb()
D/libgps  (  449): proxy_gps_nmea_cb()
D/libgps  (  449): proxy_gps_nmea_cb()
D/libgps  (  449): proxy_gps_nmea_cb()
D/libgps  (  449): proxy_gps_nmea_cb()
D/libgps  (  449): proxy_gps_nmea_cb()
D/libgps  (  449): proxy_gps_nmea_cb()
D/libgps  (  449): proxy_gps_nmea_cb()
D/libgps  (  449): proxy_gps_nmea_cb()
D/libgps  (  449): proxy_gps_sv_status_cb()
D/libgps  (  449): proxy_gps_nmea_cb()
D/libgps  (  449): proxy_gps_nmea_cb()
D/libgps  (  449): proxy_gps_nmea_cb()
D/libgps  (  449): proxy_gps_nmea_cb()
D/libgps  (  449): proxy_gps_nmea_cb()
D/libgps  (  449): proxy_gps_nmea_cb()
D/libgps  (  449): proxy_gps_nmea_cb()
D/libgps  (  449): proxy_gps_nmea_cb()
D/libgps  (  449): proxy_gps_nmea_cb()
D/libgps  (  449): proxy_gps_nmea_cb()
D/libgps  (  449): proxy_gps_nmea_cb()
D/libgps  (  449): proxy_gps_nmea_cb()
D/libgps  (  449): proxy_gps_nmea_cb()
D/libgps  (  449): proxy_gps_nmea_cb()
D/libgps  (  449): proxy_gps_nmea_cb()
D/libgps  (  449): proxy_gps_sv_status_cb()
D/libgps  (  449): proxy_gps_nmea_cb()
D/libgps  (  449): proxy_gps_nmea_cb()
D/libgps  (  449): proxy_gps_nmea_cb()
D/libgps  (  449): proxy_gps_nmea_cb()
D/libgps  (  449): proxy_gps_nmea_cb()
D/libgps  (  449): proxy_gps_nmea_cb()
D/libgps  (  449): proxy_gps_nmea_cb()
D/libgps  (  449): proxy_gps_nmea_cb()
D/libgps  (  449): proxy_gps_nmea_cb()
D/libgps  (  449): proxy_gps_nmea_cb()
D/libgps  (  449): proxy_gps_nmea_cb()
D/libgps  (  449): proxy_gps_nmea_cb()
D/libgps  (  449): proxy_gps_nmea_cb()
D/libgps  (  449): proxy_gps_nmea_cb()
D/libgps  (  449): proxy_gps_nmea_cb()
D/libgps  (  449): proxy_gps_sv_status_cb()
D/dalvikvm(22805): GC_CONCURRENT freed 396K, 8% free 9047K/9804K, paused 2ms+5ms, total 33ms
D/libgps  (  449): proxy_gps_nmea_cb()
D/libgps  (  449): proxy_gps_nmea_cb()
D/libgps  (  449): proxy_gps_nmea_cb()
D/libgps  (  449): proxy_gps_nmea_cb()
D/libgps  (  449): proxy_gps_nmea_cb()
D/libgps  (  449): proxy_gps_nmea_cb()
D/libgps  (  449): proxy_gps_nmea_cb()
D/libgps  (  449): proxy_gps_nmea_cb()
D/libgps  (  449): proxy_gps_nmea_cb()
D/libgps  (  449): proxy_gps_nmea_cb()
D/libgps  (  449): proxy_gps_nmea_cb()
D/libgps  (  449): proxy_gps_nmea_cb()
D/libgps  (  449): proxy_gps_nmea_cb()
D/libgps  (  449): proxy_gps_nmea_cb()
D/libgps  (  449): proxy_gps_nmea_cb()
D/libgps  (  449): proxy_gps_sv_status_cb()
D/libgps  (  449): proxy_gps_nmea_cb()
D/libgps  (  449): proxy_gps_nmea_cb()
D/libgps  (  449): proxy_gps_nmea_cb()
D/libgps  (  449): proxy_gps_nmea_cb()
D/libgps  (  449): proxy_gps_nmea_cb()
D/libgps  (  449): proxy_gps_nmea_cb()
D/libgps  (  449): proxy_gps_nmea_cb()
D/libgps  (  449): proxy_gps_nmea_cb()
D/libgps  (  449): proxy_gps_nmea_cb()
D/libgps  (  449): proxy_gps_nmea_cb()
D/libgps  (  449): proxy_gps_nmea_cb()
D/libgps  (  449): proxy_gps_nmea_cb()
D/libgps  (  449): proxy_gps_nmea_cb()
D/libgps  (  449): proxy_gps_nmea_cb()
D/libgps  (  449): proxy_gps_nmea_cb()
D/libgps  (  449): proxy_gps_nmea_cb()
D/libgps  (  449): proxy_gps_nmea_cb()
D/libgps  (  449): proxy_gps_nmea_cb()
D/libgps  (  449): proxy_gps_sv_status_cb()
D/libgps  (  449): proxy_gps_nmea_cb()
D/libgps  (  449): proxy_gps_nmea_cb()
D/libgps  (  449): proxy_gps_nmea_cb()
D/libgps  (  449): proxy_gps_nmea_cb()
D/libgps  (  449): proxy_gps_nmea_cb()
D/libgps  (  449): proxy_gps_nmea_cb()
D/libgps  (  449): proxy_gps_nmea_cb()
D/libgps  (  449): proxy_gps_nmea_cb()
D/libgps  (  449): proxy_gps_nmea_cb()
D/libgps  (  449): proxy_gps_nmea_cb()
D/libgps  (  449): proxy_gps_nmea_cb()
D/libgps  (  449): proxy_gps_nmea_cb()
D/libgps  (  449): proxy_gps_nmea_cb()
D/libgps  (  449): proxy_gps_nmea_cb()
D/libgps  (  449): proxy_gps_nmea_cb()
D/libgps  (  449): proxy_gps_nmea_cb()
D/libgps  (  449): proxy_gps_nmea_cb()
D/libgps  (  449): proxy_gps_nmea_cb()
D/libgps  (  449): proxy_gps_sv_status_cb()
D/libgps  (  449): proxy_gps_nmea_cb()
D/libgps  (  449): proxy_gps_nmea_cb()
D/libgps  (  449): proxy_gps_nmea_cb()
D/libgps  (  449): proxy_gps_nmea_cb()
D/libgps  (  449): proxy_gps_nmea_cb()
D/libgps  (  449): proxy_gps_nmea_cb()
D/libgps  (  449): proxy_gps_nmea_cb()
D/libgps  (  449): proxy_gps_nmea_cb()
D/libgps  (  449): proxy_gps_nmea_cb()
D/libgps  (  449): proxy_gps_nmea_cb()
D/libgps  (  449): proxy_gps_nmea_cb()
D/libgps  (  449): proxy_gps_nmea_cb()
D/libgps  (  449): proxy_gps_nmea_cb()
D/libgps  (  449): proxy_gps_nmea_cb()
D/libgps  (  449): proxy_gps_nmea_cb()
D/libgps  (  449): proxy_gps_nmea_cb()
D/libgps  (  449): proxy_gps_nmea_cb()
D/libgps  (  449): proxy_gps_nmea_cb()
D/libgps  (  449): proxy_gps_sv_status_cb()
D/libgps  (  449): proxy_gps_nmea_cb()
D/libgps  (  449): proxy_gps_nmea_cb()
D/libgps  (  449): proxy_gps_nmea_cb()
D/libgps  (  449): proxy_gps_nmea_cb()
D/libgps  (  449): proxy_gps_nmea_cb()
D/libgps  (  449): proxy_gps_nmea_cb()
D/libgps  (  449): proxy_gps_nmea_cb()
D/libgps  (  449): proxy_gps_nmea_cb()
D/libgps  (  449): proxy_gps_nmea_cb()
D/libgps  (  449): proxy_gps_nmea_cb()
D/libgps  (  449): proxy_gps_nmea_cb()
D/libgps  (  449): proxy_gps_nmea_cb()
D/libgps  (  449): proxy_gps_nmea_cb()
D/libgps  (  449): proxy_gps_nmea_cb()
D/libgps  (  449): proxy_gps_nmea_cb()
D/libgps  (  449): proxy_gps_nmea_cb()
D/libgps  (  449): proxy_gps_nmea_cb()
D/libgps  (  449): proxy_gps_nmea_cb()
D/libgps  (  449): proxy_gps_sv_status_cb()
D/libgps  (  449): proxy_gps_nmea_cb()
D/libgps  (  449): proxy_gps_nmea_cb()
D/libgps  (  449): proxy_gps_nmea_cb()
D/libgps  (  449): proxy_gps_nmea_cb()
D/libgps  (  449): proxy_gps_nmea_cb()
D/libgps  (  449): proxy_gps_nmea_cb()
D/libgps  (  449): proxy_gps_nmea_cb()
D/libgps  (  449): proxy_gps_nmea_cb()
D/libgps  (  449): proxy_gps_nmea_cb()
D/libgps  (  449): proxy_gps_nmea_cb()
D/libgps  (  449): proxy_gps_nmea_cb()
D/libgps  (  449): proxy_gps_nmea_cb()
D/libgps  (  449): proxy_gps_nmea_cb()
D/libgps  (  449): proxy_gps_nmea_cb()
D/libgps  (  449): proxy_gps_nmea_cb()
D/libgps  (  449): proxy_gps_nmea_cb()
D/libgps  (  449): proxy_gps_nmea_cb()
D/libgps  (  449): proxy_gps_nmea_cb()
D/libgps  (  449): proxy_gps_sv_status_cb()
D/libgps  (  449): proxy_gps_nmea_cb()
D/libgps  (  449): proxy_gps_nmea_cb()
D/libgps  (  449): proxy_gps_nmea_cb()
D/libgps  (  449): proxy_gps_nmea_cb()
D/libgps  (  449): proxy_gps_nmea_cb()
D/libgps  (  449): proxy_gps_nmea_cb()
D/libgps  (  449): proxy_gps_nmea_cb()
D/libgps  (  449): proxy_gps_nmea_cb()
D/libgps  (  449): proxy_gps_nmea_cb()
D/libgps  (  449): proxy_gps_nmea_cb()
D/libgps  (  449): proxy_gps_nmea_cb()
D/libgps  (  449): proxy_gps_nmea_cb()
D/libgps  (  449): proxy_gps_nmea_cb()
D/libgps  (  449): proxy_gps_nmea_cb()
D/libgps  (  449): proxy_gps_nmea_cb()
D/libgps  (  449): proxy_gps_sv_status_cb()
D/libgps  (  449): proxy_gps_nmea_cb()
D/libgps  (  449): proxy_gps_nmea_cb()
D/libgps  (  449): proxy_gps_nmea_cb()
D/libgps  (  449): proxy_gps_nmea_cb()
D/libgps  (  449): proxy_gps_nmea_cb()
D/libgps  (  449): proxy_gps_nmea_cb()
D/libgps  (  449): proxy_gps_nmea_cb()
D/libgps  (  449): proxy_gps_nmea_cb()
D/libgps  (  449): proxy_gps_nmea_cb()
D/libgps  (  449): proxy_gps_nmea_cb()
D/libgps  (  449): proxy_gps_nmea_cb()
D/libgps  (  449): proxy_gps_nmea_cb()
D/libgps  (  449): proxy_gps_nmea_cb()
D/libgps  (  449): proxy_gps_nmea_cb()
D/libgps  (  449): proxy_gps_nmea_cb()
D/libgps  (  449): proxy_gps_sv_status_cb()
D/libgps  (  449): proxy_gps_nmea_cb()
D/libgps  (  449): proxy_gps_nmea_cb()
D/libgps  (  449): proxy_gps_nmea_cb()
D/libgps  (  449): proxy_gps_nmea_cb()
D/libgps  (  449): proxy_gps_nmea_cb()
D/libgps  (  449): proxy_gps_nmea_cb()
D/libgps  (  449): proxy_gps_nmea_cb()
D/libgps  (  449): proxy_gps_nmea_cb()
D/libgps  (  449): proxy_gps_nmea_cb()
D/libgps  (  449): proxy_gps_nmea_cb()
D/libgps  (  449): proxy_gps_nmea_cb()
D/libgps  (  449): proxy_gps_nmea_cb()
D/libgps  (  449): proxy_gps_nmea_cb()
D/libgps  (  449): proxy_gps_nmea_cb()
D/libgps  (  449): proxy_gps_nmea_cb()
D/libgps  (  449): proxy_gps_sv_status_cb()
D/libgps  (  449): proxy_gps_nmea_cb()
D/libgps  (  449): proxy_gps_nmea_cb()
D/libgps  (  449): proxy_gps_nmea_cb()
D/libgps  (  449): proxy_gps_nmea_cb()
D/libgps  (  449): proxy_gps_nmea_cb()
D/libgps  (  449): proxy_gps_nmea_cb()
D/libgps  (  449): proxy_gps_nmea_cb()
D/libgps  (  449): proxy_gps_nmea_cb()
D/libgps  (  449): proxy_gps_nmea_cb()
D/libgps  (  449): proxy_gps_nmea_cb()
D/libgps  (  449): proxy_gps_nmea_cb()
D/libgps  (  449): proxy_gps_nmea_cb()
D/libgps  (  449): proxy_gps_nmea_cb()
D/libgps  (  449): proxy_gps_nmea_cb()
D/libgps  (  449): proxy_gps_nmea_cb()
D/libgps  (  449): proxy_gps_sv_status_cb()
D/libgps  (  449): proxy_gps_nmea_cb()
D/libgps  (  449): proxy_gps_nmea_cb()
D/libgps  (  449): proxy_gps_nmea_cb()
D/libgps  (  449): proxy_gps_nmea_cb()
D/libgps  (  449): proxy_gps_nmea_cb()
D/libgps  (  449): proxy_gps_nmea_cb()
D/libgps  (  449): proxy_gps_nmea_cb()
D/libgps  (  449): proxy_gps_nmea_cb()
D/libgps  (  449): proxy_gps_nmea_cb()
D/libgps  (  449): proxy_gps_nmea_cb()
D/libgps  (  449): proxy_gps_nmea_cb()
D/libgps  (  449): proxy_gps_nmea_cb()
D/libgps  (  449): proxy_gps_nmea_cb()
D/libgps  (  449): proxy_gps_nmea_cb()
D/libgps  (  449): proxy_gps_nmea_cb()
D/libgps  (  449): proxy_gps_sv_status_cb()
D/libgps  (  449): proxy_gps_nmea_cb()
D/libgps  (  449): proxy_gps_nmea_cb()
D/libgps  (  449): proxy_gps_nmea_cb()
D/libgps  (  449): proxy_gps_nmea_cb()
D/libgps  (  449): proxy_gps_nmea_cb()
D/libgps  (  449): proxy_gps_nmea_cb()
D/libgps  (  449): proxy_gps_nmea_cb()
D/libgps  (  449): proxy_gps_nmea_cb()
D/libgps  (  449): proxy_gps_nmea_cb()
D/libgps  (  449): proxy_gps_nmea_cb()
D/libgps  (  449): proxy_gps_nmea_cb()
D/libgps  (  449): proxy_gps_nmea_cb()
D/libgps  (  449): proxy_gps_nmea_cb()
D/libgps  (  449): proxy_gps_nmea_cb()
D/libgps  (  449): proxy_gps_nmea_cb()
D/libgps  (  449): proxy_gps_sv_status_cb()
D/libgps  (  449): proxy_gps_nmea_cb()
D/libgps  (  449): proxy_gps_nmea_cb()
D/libgps  (  449): proxy_gps_nmea_cb()
D/libgps  (  449): proxy_gps_nmea_cb()
D/libgps  (  449): proxy_gps_nmea_cb()
D/libgps  (  449): proxy_gps_nmea_cb()
D/libgps  (  449): proxy_gps_nmea_cb()
D/libgps  (  449): proxy_gps_nmea_cb()
D/libgps  (  449): proxy_gps_nmea_cb()
D/libgps  (  449): proxy_gps_nmea_cb()
D/libgps  (  449): proxy_gps_nmea_cb()
D/libgps  (  449): proxy_gps_nmea_cb()
D/libgps  (  449): proxy_gps_nmea_cb()
D/libgps  (  449): proxy_gps_nmea_cb()
D/libgps  (  449): proxy_gps_nmea_cb()
D/libgps  (  449): proxy_gps_sv_status_cb()
D/libgps  (  449): proxy_gps_nmea_cb()
D/libgps  (  449): proxy_gps_nmea_cb()
D/libgps  (  449): proxy_gps_nmea_cb()
D/libgps  (  449): proxy_gps_nmea_cb()
D/libgps  (  449): proxy_gps_nmea_cb()
D/libgps  (  449): proxy_gps_nmea_cb()
D/libgps  (  449): proxy_gps_nmea_cb()
D/libgps  (  449): proxy_gps_nmea_cb()
D/libgps  (  449): proxy_gps_nmea_cb()
D/libgps  (  449): proxy_gps_nmea_cb()
D/libgps  (  449): proxy_gps_nmea_cb()
D/libgps  (  449): proxy_gps_nmea_cb()
D/libgps  (  449): proxy_gps_nmea_cb()
D/libgps  (  449): proxy_gps_nmea_cb()
D/libgps  (  449): proxy_gps_nmea_cb()
D/libgps  (  449): proxy_gps_sv_status_cb()
D/libgps  (  449): proxy_gps_nmea_cb()
D/libgps  (  449): proxy_gps_nmea_cb()
D/libgps  (  449): proxy_gps_nmea_cb()
D/libgps  (  449): proxy_gps_nmea_cb()
D/libgps  (  449): proxy_gps_nmea_cb()
D/libgps  (  449): proxy_gps_nmea_cb()
D/libgps  (  449): proxy_gps_nmea_cb()
D/libgps  (  449): proxy_gps_nmea_cb()
D/libgps  (  449): proxy_gps_nmea_cb()
D/libgps  (  449): proxy_gps_nmea_cb()
D/libgps  (  449): proxy_gps_nmea_cb()
D/libgps  (  449): proxy_gps_nmea_cb()
D/libgps  (  449): proxy_gps_nmea_cb()
D/libgps  (  449): proxy_gps_nmea_cb()
D/libgps  (  449): proxy_gps_nmea_cb()
D/libgps  (  449): proxy_gps_sv_status_cb()
D/libgps  (  449): proxy_gps_nmea_cb()
D/libgps  (  449): proxy_gps_nmea_cb()
D/libgps  (  449): proxy_gps_nmea_cb()
D/libgps  (  449): proxy_gps_nmea_cb()
D/libgps  (  449): proxy_gps_nmea_cb()
D/libgps  (  449): proxy_gps_nmea_cb()
D/libgps  (  449): proxy_gps_nmea_cb()
D/libgps  (  449): proxy_gps_nmea_cb()
D/libgps  (  449): proxy_gps_nmea_cb()
D/libgps  (  449): proxy_gps_nmea_cb()
D/libgps  (  449): proxy_gps_nmea_cb()
D/libgps  (  449): proxy_gps_nmea_cb()
D/libgps  (  449): proxy_gps_nmea_cb()
D/libgps  (  449): proxy_gps_nmea_cb()
D/libgps  (  449): proxy_gps_nmea_cb()
D/libgps  (  449): proxy_gps_sv_status_cb()
D/libgps  (  449): proxy_gps_inject_location()
D/libgps  (  449): proxy_gps_nmea_cb()
D/libgps  (  449): proxy_gps_nmea_cb()
D/libgps  (  449): proxy_gps_nmea_cb()
D/libgps  (  449): proxy_gps_nmea_cb()
D/libgps  (  449): proxy_gps_nmea_cb()
D/libgps  (  449): proxy_gps_nmea_cb()
D/libgps  (  449): proxy_gps_nmea_cb()
D/libgps  (  449): proxy_gps_nmea_cb()
D/libgps  (  449): proxy_gps_nmea_cb()
D/libgps  (  449): proxy_gps_nmea_cb()
D/libgps  (  449): proxy_gps_nmea_cb()
D/libgps  (  449): proxy_gps_nmea_cb()
D/libgps  (  449): proxy_gps_nmea_cb()
D/libgps  (  449): proxy_gps_nmea_cb()
D/libgps  (  449): proxy_gps_nmea_cb()
D/libgps  (  449): proxy_gps_sv_status_cb()
D/libgps  (  449): proxy_gps_nmea_cb()
D/libgps  (  449): proxy_gps_nmea_cb()
D/libgps  (  449): proxy_gps_nmea_cb()
D/libgps  (  449): proxy_gps_nmea_cb()
D/libgps  (  449): proxy_gps_nmea_cb()
D/libgps  (  449): proxy_gps_nmea_cb()
D/libgps  (  449): proxy_gps_nmea_cb()
D/libgps  (  449): proxy_gps_nmea_cb()
D/libgps  (  449): proxy_gps_nmea_cb()
D/libgps  (  449): proxy_gps_nmea_cb()
D/libgps  (  449): proxy_gps_nmea_cb()
D/libgps  (  449): proxy_gps_nmea_cb()
D/libgps  (  449): proxy_gps_nmea_cb()
D/libgps  (  449): proxy_gps_nmea_cb()
D/libgps  (  449): proxy_gps_nmea_cb()
D/libgps  (  449): proxy_gps_sv_status_cb()
D/libgps  (  449): proxy_gps_nmea_cb()
D/libgps  (  449): proxy_gps_nmea_cb()
D/libgps  (  449): proxy_gps_nmea_cb()
D/libgps  (  449): proxy_gps_nmea_cb()
D/libgps  (  449): proxy_gps_nmea_cb()
D/libgps  (  449): proxy_gps_nmea_cb()
D/libgps  (  449): proxy_gps_nmea_cb()
D/libgps  (  449): proxy_gps_nmea_cb()
D/libgps  (  449): proxy_gps_nmea_cb()
D/libgps  (  449): proxy_gps_nmea_cb()
D/libgps  (  449): proxy_gps_nmea_cb()
D/libgps  (  449): proxy_gps_nmea_cb()
D/libgps  (  449): proxy_gps_nmea_cb()
D/libgps  (  449): proxy_gps_nmea_cb()
D/libgps  (  449): proxy_gps_nmea_cb()
D/libgps  (  449): proxy_gps_sv_status_cb()
D/libgps  (  449): proxy_gps_nmea_cb()
D/libgps  (  449): proxy_gps_nmea_cb()
D/libgps  (  449): proxy_gps_nmea_cb()
D/libgps  (  449): proxy_gps_nmea_cb()
D/libgps  (  449): proxy_gps_nmea_cb()
D/libgps  (  449): proxy_gps_nmea_cb()
D/libgps  (  449): proxy_gps_nmea_cb()
D/libgps  (  449): proxy_gps_nmea_cb()
D/libgps  (  449): proxy_gps_nmea_cb()
D/libgps  (  449): proxy_gps_nmea_cb()
D/libgps  (  449): proxy_gps_nmea_cb()
D/libgps  (  449): proxy_gps_nmea_cb()
D/libgps  (  449): proxy_gps_nmea_cb()
D/libgps  (  449): proxy_gps_nmea_cb()
D/libgps  (  449): proxy_gps_sv_status_cb()
D/dalvikvm(22805): GC_CONCURRENT freed 582K, 9% free 8992K/9804K, paused 9ms+17ms, total 61ms
D/libgps  (  449): proxy_gps_nmea_cb()
D/libgps  (  449): proxy_gps_nmea_cb()
D/libgps  (  449): proxy_gps_nmea_cb()
D/libgps  (  449): proxy_gps_nmea_cb()
D/libgps  (  449): proxy_gps_nmea_cb()
D/libgps  (  449): proxy_gps_nmea_cb()
D/libgps  (  449): proxy_gps_nmea_cb()
D/libgps  (  449): proxy_gps_nmea_cb()
D/libgps  (  449): proxy_gps_nmea_cb()
D/libgps  (  449): proxy_gps_nmea_cb()
D/libgps  (  449): proxy_gps_nmea_cb()
D/libgps  (  449): proxy_gps_nmea_cb()
D/libgps  (  449): proxy_gps_nmea_cb()
D/libgps  (  449): proxy_gps_nmea_cb()
D/libgps  (  449): proxy_gps_sv_status_cb()
D/libgps  (  449): proxy_gps_nmea_cb()
D/libgps  (  449): proxy_gps_nmea_cb()
D/libgps  (  449): proxy_gps_nmea_cb()
D/libgps  (  449): proxy_gps_nmea_cb()
D/libgps  (  449): proxy_gps_nmea_cb()
D/libgps  (  449): proxy_gps_nmea_cb()
D/libgps  (  449): proxy_gps_nmea_cb()
D/libgps  (  449): proxy_gps_nmea_cb()
D/libgps  (  449): proxy_gps_nmea_cb()
D/libgps  (  449): proxy_gps_nmea_cb()
D/libgps  (  449): proxy_gps_nmea_cb()
D/libgps  (  449): proxy_gps_nmea_cb()
D/libgps  (  449): proxy_gps_nmea_cb()
D/libgps  (  449): proxy_gps_nmea_cb()
D/libgps  (  449): proxy_gps_sv_status_cb()
D/libgps  (  449): proxy_gps_nmea_cb()
D/libgps  (  449): proxy_gps_nmea_cb()
D/libgps  (  449): proxy_gps_nmea_cb()
D/libgps  (  449): proxy_gps_nmea_cb()
D/libgps  (  449): proxy_gps_nmea_cb()
D/libgps  (  449): proxy_gps_nmea_cb()
D/libgps  (  449): proxy_gps_nmea_cb()
D/libgps  (  449): proxy_gps_nmea_cb()
D/libgps  (  449): proxy_gps_nmea_cb()
D/libgps  (  449): proxy_gps_nmea_cb()
D/libgps  (  449): proxy_gps_nmea_cb()
D/libgps  (  449): proxy_gps_nmea_cb()
D/libgps  (  449): proxy_gps_nmea_cb()
D/libgps  (  449): proxy_gps_nmea_cb()
D/libgps  (  449): proxy_gps_sv_status_cb()
D/libgps  (  449): proxy_gps_nmea_cb()
D/libgps  (  449): proxy_gps_nmea_cb()
D/libgps  (  449): proxy_gps_nmea_cb()
D/libgps  (  449): proxy_gps_nmea_cb()
D/libgps  (  449): proxy_gps_nmea_cb()
D/libgps  (  449): proxy_gps_nmea_cb()
D/libgps  (  449): proxy_gps_nmea_cb()
D/libgps  (  449): proxy_gps_nmea_cb()
D/libgps  (  449): proxy_gps_nmea_cb()
D/libgps  (  449): proxy_gps_nmea_cb()
D/libgps  (  449): proxy_gps_nmea_cb()
D/libgps  (  449): proxy_gps_nmea_cb()
D/libgps  (  449): proxy_gps_nmea_cb()
D/libgps  (  449): proxy_gps_nmea_cb()
D/libgps  (  449): proxy_gps_nmea_cb()
D/libgps  (  449): proxy_gps_sv_status_cb()
D/libgps  (  449): proxy_gps_nmea_cb()
D/libgps  (  449): proxy_gps_nmea_cb()
D/libgps  (  449): proxy_gps_nmea_cb()
D/libgps  (  449): proxy_gps_nmea_cb()
D/libgps  (  449): proxy_gps_nmea_cb()
D/libgps  (  449): proxy_gps_nmea_cb()
D/libgps  (  449): proxy_gps_nmea_cb()
D/libgps  (  449): proxy_gps_nmea_cb()
D/libgps  (  449): proxy_gps_nmea_cb()
D/libgps  (  449): proxy_gps_nmea_cb()
D/libgps  (  449): proxy_gps_nmea_cb()
D/libgps  (  449): proxy_gps_nmea_cb()
D/libgps  (  449): proxy_gps_nmea_cb()
D/libgps  (  449): proxy_gps_nmea_cb()
D/libgps  (  449): proxy_gps_sv_status_cb()
D/libgps  (  449): proxy_gps_nmea_cb()
D/libgps  (  449): proxy_gps_nmea_cb()
D/libgps  (  449): proxy_gps_nmea_cb()
D/libgps  (  449): proxy_gps_nmea_cb()
D/libgps  (  449): proxy_gps_nmea_cb()
D/libgps  (  449): proxy_gps_nmea_cb()
D/libgps  (  449): proxy_gps_nmea_cb()
D/libgps  (  449): proxy_gps_nmea_cb()
D/libgps  (  449): proxy_gps_nmea_cb()
D/libgps  (  449): proxy_gps_nmea_cb()
D/libgps  (  449): proxy_gps_nmea_cb()
D/libgps  (  449): proxy_gps_nmea_cb()
D/libgps  (  449): proxy_gps_nmea_cb()
D/libgps  (  449): proxy_gps_nmea_cb()
D/libgps  (  449): proxy_gps_sv_status_cb()
D/libgps  (  449): proxy_gps_nmea_cb()
D/libgps  (  449): proxy_gps_nmea_cb()
D/libgps  (  449): proxy_gps_nmea_cb()
D/libgps  (  449): proxy_gps_nmea_cb()
D/libgps  (  449): proxy_gps_nmea_cb()
D/libgps  (  449): proxy_gps_nmea_cb()
D/libgps  (  449): proxy_gps_nmea_cb()
D/libgps  (  449): proxy_gps_nmea_cb()
D/libgps  (  449): proxy_gps_nmea_cb()
D/libgps  (  449): proxy_gps_nmea_cb()
D/libgps  (  449): proxy_gps_nmea_cb()
D/libgps  (  449): proxy_gps_nmea_cb()
D/libgps  (  449): proxy_gps_nmea_cb()
D/libgps  (  449): proxy_gps_nmea_cb()
D/libgps  (  449): proxy_gps_sv_status_cb()
D/libgps  (  449): proxy_gps_nmea_cb()
D/libgps  (  449): proxy_gps_nmea_cb()
D/libgps  (  449): proxy_gps_nmea_cb()
D/libgps  (  449): proxy_gps_nmea_cb()
D/libgps  (  449): proxy_gps_nmea_cb()
D/libgps  (  449): proxy_gps_nmea_cb()
D/libgps  (  449): proxy_gps_nmea_cb()
D/libgps  (  449): proxy_gps_nmea_cb()
D/libgps  (  449): proxy_gps_nmea_cb()
D/libgps  (  449): proxy_gps_nmea_cb()
D/libgps  (  449): proxy_gps_nmea_cb()
D/libgps  (  449): proxy_gps_nmea_cb()
D/libgps  (  449): proxy_gps_nmea_cb()
D/libgps  (  449): proxy_gps_nmea_cb()
D/libgps  (  449): proxy_gps_sv_status_cb()
D/libgps  (  449): proxy_gps_nmea_cb()
D/libgps  (  449): proxy_gps_nmea_cb()
D/libgps  (  449): proxy_gps_nmea_cb()
D/libgps  (  449): proxy_gps_nmea_cb()
D/libgps  (  449): proxy_gps_nmea_cb()
D/libgps  (  449): proxy_gps_nmea_cb()
D/libgps  (  449): proxy_gps_nmea_cb()
D/libgps  (  449): proxy_gps_nmea_cb()
D/libgps  (  449): proxy_gps_nmea_cb()
D/libgps  (  449): proxy_gps_nmea_cb()
D/libgps  (  449): proxy_gps_nmea_cb()
D/libgps  (  449): proxy_gps_nmea_cb()
D/libgps  (  449): proxy_gps_nmea_cb()
D/libgps  (  449): proxy_gps_nmea_cb()
D/libgps  (  449): proxy_gps_sv_status_cb()
D/libgps  (  449): proxy_gps_nmea_cb()
D/libgps  (  449): proxy_gps_nmea_cb()
D/libgps  (  449): proxy_gps_nmea_cb()
D/libgps  (  449): proxy_gps_nmea_cb()
D/libgps  (  449): proxy_gps_nmea_cb()
D/libgps  (  449): proxy_gps_nmea_cb()
D/libgps  (  449): proxy_gps_nmea_cb()
D/libgps  (  449): proxy_gps_nmea_cb()
D/libgps  (  449): proxy_gps_nmea_cb()
D/libgps  (  449): proxy_gps_nmea_cb()
D/libgps  (  449): proxy_gps_nmea_cb()
D/libgps  (  449): proxy_gps_nmea_cb()
D/libgps  (  449): proxy_gps_nmea_cb()
D/libgps  (  449): proxy_gps_nmea_cb()
D/libgps  (  449): proxy_gps_sv_status_cb()
D/dalvikvm(  735): GC_CONCURRENT freed 457K, 9% free 8335K/9096K, paused 14ms+2ms, total 34ms
D/dalvikvm(22805): GC_CONCURRENT freed 424K, 8% free 9040K/9804K, paused 3ms+5ms, total 50ms
D/libgps  (  449): proxy_gps_nmea_cb()
D/libgps  (  449): proxy_gps_nmea_cb()
D/libgps  (  449): proxy_gps_nmea_cb()
D/libgps  (  449): proxy_gps_nmea_cb()
D/libgps  (  449): proxy_gps_nmea_cb()
D/libgps  (  449): proxy_gps_nmea_cb()
D/libgps  (  449): proxy_gps_nmea_cb()
D/libgps  (  449): proxy_gps_nmea_cb()
D/libgps  (  449): proxy_gps_nmea_cb()
D/libgps  (  449): proxy_gps_nmea_cb()
D/libgps  (  449): proxy_gps_nmea_cb()
D/libgps  (  449): proxy_gps_nmea_cb()
D/libgps  (  449): proxy_gps_nmea_cb()
D/libgps  (  449): proxy_gps_nmea_cb()
D/libgps  (  449): proxy_gps_sv_status_cb()
D/libgps  (  449): proxy_gps_nmea_cb()
D/libgps  (  449): proxy_gps_nmea_cb()
D/libgps  (  449): proxy_gps_nmea_cb()
D/libgps  (  449): proxy_gps_nmea_cb()
D/libgps  (  449): proxy_gps_nmea_cb()
D/libgps  (  449): proxy_gps_nmea_cb()
D/libgps  (  449): proxy_gps_nmea_cb()
D/libgps  (  449): proxy_gps_nmea_cb()
D/libgps  (  449): proxy_gps_nmea_cb()
D/libgps  (  449): proxy_gps_nmea_cb()
D/libgps  (  449): proxy_gps_nmea_cb()
D/libgps  (  449): proxy_gps_nmea_cb()
D/libgps  (  449): proxy_gps_nmea_cb()
D/libgps  (  449): proxy_gps_nmea_cb()
D/libgps  (  449): proxy_gps_sv_status_cb()
D/libgps  (  449): proxy_gps_nmea_cb()
D/libgps  (  449): proxy_gps_nmea_cb()
D/libgps  (  449): proxy_gps_nmea_cb()
D/libgps  (  449): proxy_gps_nmea_cb()
D/libgps  (  449): proxy_gps_nmea_cb()
D/libgps  (  449): proxy_gps_nmea_cb()
D/libgps  (  449): proxy_gps_nmea_cb()
D/libgps  (  449): proxy_gps_nmea_cb()
D/libgps  (  449): proxy_gps_nmea_cb()
D/libgps  (  449): proxy_gps_nmea_cb()
D/libgps  (  449): proxy_gps_nmea_cb()
D/libgps  (  449): proxy_gps_nmea_cb()
D/libgps  (  449): proxy_gps_nmea_cb()
D/libgps  (  449): proxy_gps_nmea_cb()
D/libgps  (  449): proxy_gps_nmea_cb()
D/libgps  (  449): proxy_gps_sv_status_cb()
D/libgps  (  449): proxy_gps_nmea_cb()
D/libgps  (  449): proxy_gps_nmea_cb()
D/libgps  (  449): proxy_gps_nmea_cb()
D/libgps  (  449): proxy_gps_nmea_cb()
D/libgps  (  449): proxy_gps_nmea_cb()
D/libgps  (  449): proxy_gps_nmea_cb()
D/libgps  (  449): proxy_gps_nmea_cb()
D/libgps  (  449): proxy_gps_nmea_cb()
D/libgps  (  449): proxy_gps_nmea_cb()
D/libgps  (  449): proxy_gps_nmea_cb()
D/libgps  (  449): proxy_gps_nmea_cb()
D/libgps  (  449): proxy_gps_nmea_cb()
D/libgps  (  449): proxy_gps_nmea_cb()
D/libgps  (  449): proxy_gps_nmea_cb()
D/libgps  (  449): proxy_gps_sv_status_cb()
D/libgps  (  449): proxy_gps_nmea_cb()
D/libgps  (  449): proxy_gps_nmea_cb()
D/libgps  (  449): proxy_gps_nmea_cb()
D/libgps  (  449): proxy_gps_nmea_cb()
D/libgps  (  449): proxy_gps_nmea_cb()
D/libgps  (  449): proxy_gps_nmea_cb()
D/libgps  (  449): proxy_gps_nmea_cb()
D/libgps  (  449): proxy_gps_nmea_cb()
D/libgps  (  449): proxy_gps_nmea_cb()
D/libgps  (  449): proxy_gps_nmea_cb()
D/libgps  (  449): proxy_gps_nmea_cb()
D/libgps  (  449): proxy_gps_nmea_cb()
D/libgps  (  449): proxy_gps_nmea_cb()
D/libgps  (  449): proxy_gps_nmea_cb()
D/libgps  (  449): proxy_gps_sv_status_cb()
D/libgps  (  449): proxy_gps_nmea_cb()
D/libgps  (  449): proxy_gps_nmea_cb()
D/libgps  (  449): proxy_gps_nmea_cb()
D/libgps  (  449): proxy_gps_nmea_cb()
