--------- beginning of /dev/log/system
I/ActivityManager(  449): No longer want android.process.acore (pid 18511): empty for 1801s
I/ActivityManager(  449): No longer want android.process.media (pid 18620): empty for 1809s
I/ActivityManager(  449): No longer want com.android.settings (pid 18847): empty for 1805s
D/MountService(  449): An IMountServiceListener has died!
W/ActivityManager(  449): Scheduling restart of crashed service com.android.providers.media/.MtpService in 5000ms
I/ActivityManager(  449): Start proc android.process.media for service com.android.providers.media/.MtpService: pid=20421 uid=10013 gids={50013, 1015, 1023, 1024, 1028, 2001, 3003, 3007}
W/ThrottleService(  449): unable to find stats for iface rmnet0
I/ActivityManager(  449): Start proc com.android.providers.calendar for content provider com.android.providers.calendar/.CalendarProvider2: pid=20526 uid=10007 gids={50007, 3003, 1015, 1028}
I/ActivityManager(  449): Start proc com.google.android.calendar for broadcast com.google.android.calendar/com.android.calendar.alerts.AlertReceiver: pid=20544 uid=10006 gids={50006, 3003, 1028}
I/ActivityManager(  449): No longer want com.google.android.gsf.login (pid 14038): empty for 1818s
I/ActivityManager(  449): Start proc com.google.android.gsf.login for service com.google.android.gsf.login/com.google.android.gsf.loginservice.GoogleLoginService: pid=20784 uid=10019 gids={50019, 3003, 1007, 1028, 1015, 2001, 3006}
I/ActivityManager(  449): No longer want com.google.android.apps.maps:FriendService (pid 19350): empty for 1817s
W/ThrottleService(  449): unable to find stats for iface rmnet0
I/ActivityManager(  449): Start proc android.process.acore for content provider com.android.providers.contacts/.CallLogProvider: pid=20991 uid=10000 gids={50000, 3003, 1015, 1028}
W/ActivityThread( 7570): Content provider com.android.providers.contacts.CallLogProvider already published as call_log
W/ActivityThread( 7570): Content provider com.android.providers.contacts.CallLogProvider already published as call_log
D/PerformBackupTask(  449): starting agent for backup of BackupRequest{pkg=android}
D/BackupManagerService(  449): awaiting agent for ApplicationInfo{42276ad8 android}
D/BackupManagerService(  449): agentConnected pkg=android agent=android.app.backup.BackupAgent$BackupServiceBinder@432cf2b8
I/PerformBackupTask(  449): Backup pass finished.
I/ActivityManager(  449): No longer want com.google.android.apps.plus (pid 18798): empty for 1800s
W/ActivityManager(  449): Unable to start service Intent { flg=0x4 cmp=com.facebook.katana/com.facebook.orca.sms.MmsSmsLogExternalMessagesLogic$MmsSmsLogExternalMessagesService (has extras) } U=0: not found
W/ThrottleService(  449): unable to find stats for iface rmnet0
I/ActivityManager(  449): No longer want com.google.android.apps.maps:GoogleLocationService (pid 19316): empty for 2574s
W/ActivityManager(  449): Scheduling restart of crashed service com.google.android.apps.maps/com.google.android.location.internal.server.GoogleLocationService in 5000ms
I/ActivityManager(  449): Start proc com.google.android.apps.maps:GoogleLocationService for service com.google.android.apps.maps/com.google.android.location.internal.server.GoogleLocationService: pid=21443 uid=10034 gids={50034, 3003, 1015, 1028}
I/ActivityManager(  449): Start proc com.google.android.apps.maps:FriendService for broadcast com.google.android.apps.maps/com.google.googlenav.friend.android.ServiceReceiver: pid=21476 uid=10034 gids={50034, 3003, 1015, 1028}
W/ActivityThread( 7570): Content provider com.android.providers.contacts.CallLogProvider already published as call_log
W/ActivityThread( 7570): Content provider com.android.providers.contacts.CallLogProvider already published as call_log
I/ActivityManager(  449): No longer want com.accuweather.android:com.urbanairship.push.process (pid 20321): empty for 1854s
I/ActivityManager(  449): No longer want com.accuweather.android (pid 20295): empty for 1854s
W/ActivityManager(  449): Scheduling restart of crashed service com.accuweather.android/.widgets.AL_WidgetUpdateService in 5000ms
I/ActivityManager(  449): Start proc com.accuweather.android for service com.accuweather.android/.widgets.AL_WidgetUpdateService: pid=21864 uid=10081 gids={50081, 3003, 1028, 1015}
I/ActivityManager(  449): Start proc com.accuweather.android:com.urbanairship.push.process for service com.accuweather.android/com.urbanairship.push.PushService: pid=21891 uid=10081 gids={50081, 3003, 1028, 1015}
I/ActivityManager(  449): No longer want android.process.media (pid 20421): empty for 1811s
W/ThrottleService(  449): unable to find stats for iface rmnet0
D/MountService(  449): An IMountServiceListener has died!
W/ActivityManager(  449): Scheduling restart of crashed service com.android.providers.media/.MtpService in 5000ms
I/ActivityManager(  449): Start proc android.process.media for service com.android.providers.media/.MtpService: pid=21972 uid=10013 gids={50013, 1015, 1023, 1024, 1028, 2001, 3003, 3007}
I/ActivityManager(  449): No longer want com.android.providers.calendar (pid 20526): empty for 1802s
I/ActivityManager(  449): No longer want com.google.android.calendar (pid 20544): empty for 1803s
I/ActivityManager(  449): Kill com.google.android.calendar (pid 20544): provider com.android.providers.calendar.CalendarProvider2 in dying process com.android.providers.calendar
W/ThrottleService(  449): unable to find stats for iface rmnet0
I/ActivityManager(  449): No longer want android.process.acore (pid 20991): empty for 1802s
W/ActivityThread( 7570): Content provider com.android.providers.contacts.CallLogProvider already published as call_log
I/ActivityManager(  449): Start proc android.process.acore for content provider com.android.providers.contacts/.CallLogProvider: pid=22483 uid=10000 gids={50000, 3003, 1015, 1028}
W/ActivityThread( 7570): Content provider com.android.providers.contacts.CallLogProvider already published as call_log
W/ActivityThread( 7570): Content provider com.android.providers.contacts.CallLogProvider already published as call_log
I/ActivityManager(  449): Start proc com.google.android.apps.plus for service com.google.android.apps.plus/.service.EsService: pid=22685 uid=10044 gids={50044, 3003, 3002, 1015, 1006, 1028}
I/ActivityManager(  449): Start proc com.google.android.apps.magazines for service com.google.android.apps.magazines/com.google.apps.dots.android.app.service.SyncService: pid=22717 uid=10033 gids={50033, 3003, 1015, 1028}
D/ActivityThread(22717): Loading provider com.google.android.apps.magazines: com.google.apps.dots.android.magazines.provider.MagazinesContentProvider
I/ActivityManager(  449): Start proc com.google.android.gms for broadcast com.google.android.gms/.recovery.AccountRecoveryService$Receiver: pid=22739 uid=10019 gids={50019, 3003, 1007, 1028, 1015, 2001, 3006}
I/ActivityManager(  449): Start proc com.google.android.apps.currents for service com.google.android.apps.currents/com.google.apps.dots.android.app.service.SyncService: pid=22780 uid=10010 gids={50010, 3003, 1015, 1028}
D/ActivityThread(22780): Loading provider com.google.android.apps.currents: com.google.apps.dots.android.currents.provider.CurrentsContentProvider
W/ActivityManager(  449): Unable to start service Intent { act=com.google.android.gms.analytics.service.START (has extras) } U=0: not found
I/ActivityManager(  449): Start proc com.android.settings for broadcast com.android.settings/.users.ProfileUpdateReceiver: pid=22822 uid=1000 gids={41000, 1015, 1028, 3002, 3001, 3003, 3007}
W/ActivityManager(  449): Unable to start service Intent { act=com.google.android.gms.analytics.service.START (has extras) } U=0: not found
W/ActivityManager(  449): Unable to start service Intent { act=com.google.android.gms.analytics.service.START (has extras) } U=0: not found
W/ActivityManager(  449): Unable to start service Intent { act=com.google.android.gms.analytics.service.START (has extras) } U=0: not found
I/ActivityManager(  449): Start proc com.android.providers.calendar for content provider com.android.providers.calendar/.CalendarProvider2: pid=22897 uid=10007 gids={50007, 3003, 1015, 1028}
I/ActivityManager(  449): Start proc com.google.android.calendar for broadcast com.google.android.calendar/com.android.calendar.alerts.AlertReceiver: pid=22915 uid=10006 gids={50006, 3003, 1028}
W/ThrottleService(  449): unable to find stats for iface rmnet0
I/ActivityManager(  449): No longer want com.google.android.apps.maps:FriendService (pid 21476): empty for 1854s
W/ActivityThread( 7570): Content provider com.android.providers.contacts.CallLogProvider already published as call_log
W/ActivityThread( 7570): Content provider com.android.providers.contacts.CallLogProvider already published as call_log
I/ActivityManager(  449): No longer want com.accuweather.android:com.urbanairship.push.process (pid 21891): empty for 1843s
I/ActivityManager(  449): No longer want com.accuweather.android (pid 21864): empty for 1844s
W/ActivityManager(  449): Scheduling restart of crashed service com.accuweather.android/.widgets.AL_WidgetUpdateService in 5000ms
I/ActivityManager(  449): Start proc com.accuweather.android for service com.accuweather.android/.widgets.AL_WidgetUpdateService: pid=23565 uid=10081 gids={50081, 3003, 1028, 1015}
I/ActivityManager(  449): Start proc com.accuweather.android:com.urbanairship.push.process for service com.accuweather.android/com.urbanairship.push.PushService: pid=23588 uid=10081 gids={50081, 3003, 1028, 1015}
W/ThrottleService(  449): unable to find stats for iface rmnet0
I/ActivityManager(  449): Start proc com.facebook.katana:providers for content provider com.facebook.katana/.provider.GraphQLNotificationsContentProvider: pid=23763 uid=10070 gids={50070, 3003, 1006, 1015, 1028}
I/ActivityManager(  449): No longer want com.google.android.gms (pid 22739): empty #17
I/ActivityManager(  449): No longer want com.google.android.apps.maps:GoogleLocationService (pid 21443): empty for 2634s
W/ActivityManager(  449): Scheduling restart of crashed service com.google.android.apps.maps/com.google.android.location.internal.server.GoogleLocationService in 5000ms
I/ActivityManager(  449): Start proc com.google.android.apps.maps:GoogleLocationService for service com.google.android.apps.maps/com.google.android.location.internal.server.GoogleLocationService: pid=23864 uid=10034 gids={50034, 3003, 1015, 1028}
I/ActivityManager(  449): Start proc com.google.android.apps.maps:FriendService for broadcast com.google.android.apps.maps/com.google.googlenav.friend.android.ServiceReceiver: pid=23902 uid=10034 gids={50034, 3003, 1015, 1028}
W/ThrottleService(  449): unable to find stats for iface rmnet0
W/ActivityThread( 7570): Content provider com.android.providers.contacts.CallLogProvider already published as call_log
W/ActivityThread( 7570): Content provider com.android.providers.contacts.CallLogProvider already published as call_log
D/PerformBackupTask(  449): starting agent for backup of BackupRequest{pkg=android}
D/BackupManagerService(  449): awaiting agent for ApplicationInfo{42276ad8 android}
D/BackupManagerService(  449): agentConnected pkg=android agent=android.app.backup.BackupAgent$BackupServiceBinder@42a27218
I/PerformBackupTask(  449): Backup pass finished.
I/ActivityManager(  449): No longer want com.android.settings (pid 22822): empty for 1800s
I/ActivityManager(  449): No longer want com.google.android.apps.currents (pid 22780): empty for 1804s
I/ActivityManager(  449): No longer want com.google.android.apps.magazines (pid 22717): empty for 1808s
I/ActivityManager(  449): No longer want com.android.providers.calendar (pid 22897): empty for 1821s
I/ActivityManager(  449): No longer want com.google.android.calendar (pid 22915): empty for 1821s
I/ActivityManager(  449): No longer want android.process.acore (pid 22483): empty for 1850s
I/ActivityManager(  449): No longer want android.process.media (pid 21972): empty for 1857s
I/ActivityManager(  449): Kill com.google.android.calendar (pid 22915): provider com.android.providers.calendar.CalendarProvider2 in dying process com.android.providers.calendar
D/MountService(  449): An IMountServiceListener has died!
W/ActivityManager(  449): Scheduling restart of crashed service com.android.providers.media/.MtpService in 5000ms
I/ActivityManager(  449): Start proc android.process.media for service com.android.providers.media/.MtpService: pid=24465 uid=10013 gids={50013, 1015, 1023, 1024, 1028, 2001, 3003, 3007}
W/ThrottleService(  449): unable to find stats for iface rmnet0
I/ActivityManager(  449): Start proc android.process.acore for content provider com.android.providers.contacts/.CallLogProvider: pid=24938 uid=10000 gids={50000, 3003, 1015, 1028}
W/ActivityThread( 7570): Content provider com.android.providers.contacts.CallLogProvider already published as call_log
W/ActivityThread( 7570): Content provider com.android.providers.contacts.CallLogProvider already published as call_log
I/ActivityManager(  449): Start proc com.android.providers.calendar for content provider com.android.providers.calendar/.CalendarProvider2: pid=25119 uid=10007 gids={50007, 3003, 1015, 1028}
I/ActivityManager(  449): Start proc com.google.android.calendar for broadcast com.google.android.calendar/com.android.calendar.alerts.AlertReceiver: pid=25136 uid=10006 gids={50006, 3003, 1028}
I/ActivityManager(  449): No longer want com.accuweather.android:com.urbanairship.push.process (pid 23588): empty for 1805s
I/ActivityManager(  449): No longer want com.accuweather.android (pid 23565): empty for 1805s
I/ActivityManager(  449): No longer want com.google.android.apps.plus (pid 22685): empty for 1810s
W/ActivityManager(  449): Scheduling restart of crashed service com.accuweather.android/.widgets.AL_WidgetUpdateService in 5000ms
I/ActivityManager(  449): Start proc com.accuweather.android for service com.accuweather.android/.widgets.AL_WidgetUpdateService: pid=25190 uid=10081 gids={50081, 3003, 1028, 1015}
I/ActivityManager(  449): Start proc com.accuweather.android:com.urbanairship.push.process for service com.accuweather.android/com.urbanairship.push.PushService: pid=25213 uid=10081 gids={50081, 3003, 1028, 1015}
W/ThrottleService(  449): unable to find stats for iface rmnet0
I/ActivityManager(  449): No longer want com.google.android.apps.maps:FriendService (pid 23902): empty for 1854s
W/ThrottleService(  449): unable to find stats for iface rmnet0
W/ActivityThread( 7570): Content provider com.android.providers.contacts.CallLogProvider already published as call_log
W/ActivityThread( 7570): Content provider com.android.providers.contacts.CallLogProvider already published as call_log
I/ActivityManager(  449): No longer want android.process.media (pid 24465): empty for 1854s
D/MountService(  449): An IMountServiceListener has died!
W/ActivityManager(  449): Scheduling restart of crashed service com.android.providers.media/.MtpService in 5000ms
I/ActivityManager(  449): Start proc android.process.media for service com.android.providers.media/.MtpService: pid=25938 uid=10013 gids={50013, 1015, 1023, 1024, 1028, 2001, 3003, 3007}
I/ActivityManager(  449): No longer want com.google.android.apps.maps:GoogleLocationService (pid 23864): empty for 2563s
W/ActivityManager(  449): Scheduling restart of crashed service com.google.android.apps.maps/com.google.android.location.internal.server.GoogleLocationService in 5000ms
I/ActivityManager(  449): Start proc com.google.android.apps.maps:GoogleLocationService for service com.google.android.apps.maps/com.google.android.location.internal.server.GoogleLocationService: pid=25963 uid=10034 gids={50034, 3003, 1015, 1028}
I/ActivityManager(  449): No longer want com.facebook.katana:providers (pid 23763): empty for 1804s
I/ActivityManager(  449): Start proc com.google.android.apps.maps:FriendService for broadcast com.google.android.apps.maps/com.google.googlenav.friend.android.ServiceReceiver: pid=25993 uid=10034 gids={50034, 3003, 1015, 1028}
W/ThrottleService(  449): unable to find stats for iface rmnet0
I/ActivityManager(  449): No longer want android.process.acore (pid 24938): empty for 1802s
W/ActivityThread( 7570): Content provider com.android.providers.contacts.CallLogProvider already published as call_log
I/ActivityManager(  449): Start proc android.process.acore for content provider com.android.providers.contacts/.CallLogProvider: pid=26096 uid=10000 gids={50000, 3003, 1015, 1028}
W/ActivityThread( 7570): Content provider com.android.providers.contacts.CallLogProvider already published as call_log
W/ActivityThread( 7570): Content provider com.android.providers.contacts.CallLogProvider already published as call_log
I/ActivityManager(  449): Start proc com.google.android.apps.plus for service com.google.android.apps.plus/.service.EsService: pid=26144 uid=10044 gids={50044, 3003, 3002, 1015, 1006, 1028}
I/ActivityManager(  449): No longer want com.android.providers.calendar (pid 25119): empty for 1829s
I/ActivityManager(  449): No longer want com.google.android.calendar (pid 25136): empty for 1829s
I/ActivityManager(  449): Kill com.google.android.calendar (pid 25136): provider com.android.providers.calendar.CalendarProvider2 in dying process com.android.providers.calendar
I/ActivityManager(  449): Start proc com.android.settings for broadcast com.android.settings/.users.ProfileUpdateReceiver: pid=26193 uid=1000 gids={41000, 1015, 1028, 3002, 3001, 3003, 3007}
I/ActivityManager(  449): No longer want com.accuweather.android:com.urbanairship.push.process (pid 25213): empty for 1811s
I/ActivityManager(  449): No longer want com.accuweather.android (pid 25190): empty for 1812s
W/ThrottleService(  449): unable to find stats for iface rmnet0
W/ActivityManager(  449): Scheduling restart of crashed service com.accuweather.android/.widgets.AL_WidgetUpdateService in 5000ms
I/ActivityManager(  449): Start proc com.accuweather.android for service com.accuweather.android/.widgets.AL_WidgetUpdateService: pid=26231 uid=10081 gids={50081, 3003, 1028, 1015}
I/ActivityManager(  449): Start proc com.accuweather.android:com.urbanairship.push.process for service com.accuweather.android/com.urbanairship.push.PushService: pid=26249 uid=10081 gids={50081, 3003, 1028, 1015}
I/ActivityManager(  449): Start proc com.facebook.katana:providers for content provider com.facebook.katana/.provider.GraphQLNotificationsContentProvider: pid=26292 uid=10070 gids={50070, 3003, 1006, 1015, 1028}
W/ThrottleService(  449): unable to find stats for iface rmnet0
W/ActivityThread( 7570): Content provider com.android.providers.contacts.CallLogProvider already published as call_log
W/ActivityThread( 7570): Content provider com.android.providers.contacts.CallLogProvider already published as call_log
I/ActivityManager(  449): Start proc com.android.providers.calendar for content provider com.android.providers.calendar/.CalendarProvider2: pid=26451 uid=10007 gids={50007, 3003, 1015, 1028}
I/ActivityManager(  449): Start proc com.google.android.calendar for broadcast com.google.android.calendar/com.android.calendar.alerts.AlertReceiver: pid=26469 uid=10006 gids={50006, 3003, 1028}
D/PerformBackupTask(  449): starting agent for backup of BackupRequest{pkg=android}
D/BackupManagerService(  449): awaiting agent for ApplicationInfo{42276ad8 android}
D/BackupManagerService(  449): agentConnected pkg=android agent=android.app.backup.BackupAgent$BackupServiceBinder@4252ae80
I/PerformBackupTask(  449): Backup pass finished.
I/ActivityManager(  449): No longer want com.google.android.apps.maps (pid 18902): empty for 9867s
W/ActivityManager(  449): Scheduling restart of crashed service com.google.android.apps.maps/com.google.googlenav.prefetch.android.PrefetcherService in 5000ms
I/ActivityManager(  449): Start proc com.google.android.apps.maps for service com.google.android.apps.maps/com.google.googlenav.prefetch.android.PrefetcherService: pid=26511 uid=10034 gids={50034, 3003, 1015, 1028}
I/ActivityManager(  449): No longer want com.google.android.apps.maps:FriendService (pid 25993): empty for 1805s
W/ThrottleService(  449): unable to find stats for iface rmnet0
W/ActivityThread( 7570): Content provider com.android.providers.contacts.CallLogProvider already published as call_log
W/ActivityThread( 7570): Content provider com.android.providers.contacts.CallLogProvider already published as call_log
I/ActivityManager(  449): No longer want android.process.acore (pid 26096): empty for 1802s
I/ActivityManager(  449): No longer want android.process.media (pid 25938): empty for 1809s
I/ActivityManager(  449): No longer want com.android.settings (pid 26193): empty for 1805s
D/MountService(  449): An IMountServiceListener has died!
W/ActivityManager(  449): Scheduling restart of crashed service com.android.providers.media/.MtpService in 5000ms
I/ActivityManager(  449): Start proc android.process.media for service com.android.providers.media/.MtpService: pid=26659 uid=10013 gids={50013, 1015, 1023, 1024, 1028, 2001, 3003, 3007}
W/ThrottleService(  449): unable to find stats for iface rmnet0
I/ActivityManager(  449): No longer want com.accuweather.android:com.urbanairship.push.process (pid 26249): empty for 1816s
I/ActivityManager(  449): No longer want com.accuweather.android (pid 26231): empty for 1816s
W/ActivityManager(  449): Scheduling restart of crashed service com.accuweather.android/.widgets.AL_WidgetUpdateService in 5000ms
I/ActivityManager(  449): Start proc com.accuweather.android for service com.accuweather.android/.widgets.AL_WidgetUpdateService: pid=26683 uid=10081 gids={50081, 3003, 1028, 1015}
I/ActivityManager(  449): Start proc com.accuweather.android:com.urbanairship.push.process for service com.accuweather.android/com.urbanairship.push.PushService: pid=26706 uid=10081 gids={50081, 3003, 1028, 1015}
I/ActivityManager(  449): No longer want com.google.android.apps.maps:GoogleLocationService (pid 25963): empty for 2586s
W/ActivityManager(  449): Scheduling restart of crashed service com.google.android.apps.maps/com.google.android.location.internal.server.GoogleLocationService in 5000ms
I/ActivityManager(  449): Start proc com.google.android.apps.maps:GoogleLocationService for service com.google.android.apps.maps/com.google.android.location.internal.server.GoogleLocationService: pid=26738 uid=10034 gids={50034, 3003, 1015, 1028}
I/ActivityManager(  449): Start proc com.google.android.apps.maps:FriendService for broadcast com.google.android.apps.maps/com.google.googlenav.friend.android.ServiceReceiver: pid=26768 uid=10034 gids={50034, 3003, 1015, 1028}
I/ActivityManager(  449): No longer want com.facebook.katana:providers (pid 26292): empty for 1837s
W/ThrottleService(  449): unable to find stats for iface rmnet0
I/ActivityManager(  449): Start proc android.process.acore for content provider com.android.providers.contacts/.CallLogProvider: pid=26898 uid=10000 gids={50000, 3003, 1015, 1028}
W/ActivityThread( 7570): Content provider com.android.providers.contacts.CallLogProvider already published as call_log
W/ActivityThread( 7570): Content provider com.android.providers.contacts.CallLogProvider already published as call_log
I/ActivityManager(  449): No longer want com.android.providers.calendar (pid 26451): empty for 1825s
I/ActivityManager(  449): No longer want com.google.android.calendar (pid 26469): empty for 1826s
I/ActivityManager(  449): Kill com.google.android.calendar (pid 26469): provider com.android.providers.calendar.CalendarProvider2 in dying process com.android.providers.calendar
I/ActivityManager(  449): Start proc com.android.vending for broadcast com.android.vending/com.google.android.finsky.widget.consumption.NowPlayingWidgetProvider: pid=26961 uid=10043 gids={50043, 3003, 1015, 1028}
I/ActivityManager(  449): No longer want com.google.android.apps.plus (pid 26144): empty for 1800s
I/ActivityManager(  449): Start proc com.google.android.apps.books for service com.google.android.apps.books/.service.BooksUserContentService: pid=27011 uid=10003 gids={50003, 3003, 1015, 1028}
I/ActivityManager(  449): Start proc com.google.android.videos for service com.google.android.videos/com.google.android.youtube.videos.store.VideoUserContentService: pid=27030 uid=10054 gids={50054, 3003, 1028, 1015, 3002}
I/ActivityManager(  449): Start proc com.google.android.music:main for service com.google.android.music/.MusicUserContentBinder$MusicUserContentService: pid=27066 uid=10036 gids={50036, 3003, 1015, 1028}
I/ActivityManager(  449): Start proc com.google.android.apps.magazines for service com.google.android.apps.magazines/com.google.apps.dots.android.dotslib.service.MagazinesUserContentService: pid=27095 uid=10033 gids={50033, 3003, 1015, 1028}
D/ActivityThread(27095): Loading provider com.google.android.apps.magazines: com.google.apps.dots.android.magazines.provider.MagazinesContentProvider
W/ActivityManager(  449): Unable to start service Intent { act=com.google.android.gms.analytics.service.START (has extras) } U=0: not found
I/ActivityManager(  449): No longer want com.google.android.apps.maps (pid 26511): empty for 1801s
W/ActivityManager(  449): Scheduling restart of crashed service com.google.android.apps.maps/com.google.googlenav.prefetch.android.PrefetcherService in 5000ms
W/ActivityManager(  449): Unable to start service Intent { act=com.google.android.gms.analytics.service.START (has extras) } U=0: not found
W/ActivityManager(  449): Unable to start service Intent { act=com.google.android.gms.analytics.service.START (has extras) } U=0: not found
D/PackageManager(  449): generateServicesMap() for 0
D/DevicePolicyManagerService(  449): Handling package changes for user 0
D/PackageManager(  449): generateServicesMap() for 0
I/ActivityManager(  449): Start proc com.google.android.gallery3d for broadcast com.google.android.gallery3d/com.android.gallery3d.app.PackagesMonitor: pid=27133 uid=10017 gids={50017, 1006, 3003, 1015, 1028}
I/ActivityManager(  449): Start proc com.google.android.apps.maps for service com.google.android.apps.maps/com.google.googlenav.prefetch.android.PrefetcherService: pid=27145 uid=10034 gids={50034, 3003, 1015, 1028}
W/ActivityManager(  449): Unable to start service Intent { act=com.google.android.gms.analytics.service.START (has extras) } U=0: not found
I/ActivityManager(  449): Start proc com.google.android.apps.plus for broadcast com.google.android.apps.plus/.service.PackagesMediaMonitor: pid=27162 uid=10044 gids={50044, 3003, 3002, 1015, 1006, 1028}
W/ThrottleService(  449): unable to find stats for iface rmnet0
W/ActivityThread( 7570): Content provider com.android.providers.contacts.CallLogProvider already published as call_log
W/ActivityThread( 7570): Content provider com.android.providers.contacts.CallLogProvider already published as call_log
I/ActivityManager(  449): Start proc com.android.providers.calendar for content provider com.android.providers.calendar/.CalendarProvider2: pid=27316 uid=10007 gids={50007, 3003, 1015, 1028}
I/ActivityManager(  449): Start proc com.google.android.calendar for broadcast com.google.android.calendar/com.android.calendar.alerts.AlertReceiver: pid=27334 uid=10006 gids={50006, 3003, 1028}
I/ActivityManager(  449): No longer want com.accuweather.android:com.urbanairship.push.process (pid 26706): empty #17
I/ActivityManager(  449): No longer want com.google.android.apps.maps:FriendService (pid 26768): empty #17
W/ThrottleService(  449): unable to find stats for iface rmnet0
I/ActivityManager(  449): No longer want com.accuweather.android (pid 26683): empty for 1815s
W/ActivityManager(  449): Scheduling restart of crashed service com.accuweather.android/.widgets.AL_WidgetUpdateService in 5000ms
I/ActivityManager(  449): Start proc com.accuweather.android for service com.accuweather.android/.widgets.AL_WidgetUpdateService: pid=27393 uid=10081 gids={50081, 3003, 1028, 1015}
I/ActivityManager(  449): Start proc com.accuweather.android:com.urbanairship.push.process for service com.accuweather.android/com.urbanairship.push.PushService: pid=27416 uid=10081 gids={50081, 3003, 1028, 1015}
I/ActivityManager(  449): No longer want com.facebook.katana (pid 10888): empty #17
W/ActivityManager(  449): Scheduling restart of crashed service com.facebook.katana/.service.MediaUploadService in 5000ms
I/ActivityManager(  449): Start proc com.facebook.katana for service com.facebook.katana/.service.MediaUploadService: pid=27446 uid=10070 gids={50070, 3003, 1006, 1015, 1028}
I/ActivityManager(  449): Start proc com.facebook.katana:providers for content provider com.facebook.katana/.provider.GraphQLNotificationsContentProvider: pid=27493 uid=10070 gids={50070, 3003, 1006, 1015, 1028}
I/ActivityManager(  449): No longer want com.google.android.apps.books (pid 27011): empty #17
W/ThrottleService(  449): unable to find stats for iface rmnet0
W/ActivityThread( 7570): Content provider com.android.providers.contacts.CallLogProvider already published as call_log
W/ActivityThread( 7570): Content provider com.android.providers.contacts.CallLogProvider already published as call_log
I/ActivityManager(  449): No longer want com.google.android.videos (pid 27030): empty #17
I/ActivityManager(  449): No longer want com.google.android.apps.maps:GoogleLocationService (pid 26738): empty for 2574s
W/ActivityManager(  449): Scheduling restart of crashed service com.google.android.apps.maps/com.google.android.location.internal.server.GoogleLocationService in 5000ms
I/ActivityManager(  449): Start proc com.google.android.apps.maps:GoogleLocationService for service com.google.android.apps.maps/com.google.android.location.internal.server.GoogleLocationService: pid=27666 uid=10034 gids={50034, 3003, 1015, 1028}
I/ActivityManager(  449): Start proc com.google.android.apps.maps:FriendService for broadcast com.google.android.apps.maps/com.google.googlenav.friend.android.ServiceReceiver: pid=27697 uid=10034 gids={50034, 3003, 1015, 1028}
W/ActivityManager(  449): Unable to start service Intent { flg=0x4 cmp=com.facebook.katana/com.facebook.orca.sms.MmsSmsLogExternalMessagesLogic$MmsSmsLogExternalMessagesService (has extras) } U=0: not found
I/ActivityManager(  449): No longer want com.google.android.music:main (pid 27066): empty for 1803s
I/ActivityManager(  449): No longer want com.google.android.apps.magazines (pid 27095): empty for 1808s
I/ActivityManager(  449): No longer want android.process.media (pid 26659): empty for 1802s
I/ActivityManager(  449): No longer want com.android.vending (pid 26961): empty for 1803s
I/ActivityManager(  449): No longer want com.google.android.gallery3d (pid 27133): empty for 1803s
I/ActivityManager(  449): No longer want com.google.android.apps.maps (pid 27145): empty for 1803s
I/ActivityManager(  449): No longer want android.process.acore (pid 26898): empty for 1803s
W/ActivityManager(  449): Scheduling restart of crashed service com.google.android.apps.maps/com.google.googlenav.prefetch.android.PrefetcherService in 5000ms
D/MountService(  449): An IMountServiceListener has died!
W/ActivityManager(  449): Scheduling restart of crashed service com.android.providers.media/.MtpService in 14973ms
D/PerformBackupTask(  449): starting agent for backup of BackupRequest{pkg=android}
D/BackupManagerService(  449): awaiting agent for ApplicationInfo{42276ad8 android}
D/BackupManagerService(  449): agentConnected pkg=android agent=android.app.backup.BackupAgent$BackupServiceBinder@43398c00
I/PerformBackupTask(  449): Backup pass finished.
I/ActivityManager(  449): Start proc com.google.android.apps.maps for service com.google.android.apps.maps/com.google.googlenav.prefetch.android.PrefetcherService: pid=27747 uid=10034 gids={50034, 3003, 1015, 1028}
I/ActivityManager(  449): Start proc android.process.media for service com.android.providers.media/.MtpService: pid=27794 uid=10013 gids={50013, 1015, 1023, 1024, 1028, 2001, 3003, 3007}
I/ActivityManager(  449): Start proc com.google.android.gms for broadcast com.google.android.gms/.recovery.AccountRecoveryService$Receiver: pid=27819 uid=10019 gids={50019, 3003, 1007, 1028, 1015, 2001, 3006}
W/ThrottleService(  449): unable to find stats for iface rmnet0
I/ActivityManager(  449): Start proc android.process.acore for content provider com.android.providers.contacts/.CallLogProvider: pid=27923 uid=10000 gids={50000, 3003, 1015, 1028}
W/ActivityThread( 7570): Content provider com.android.providers.contacts.CallLogProvider already published as call_log
W/ActivityThread( 7570): Content provider com.android.providers.contacts.CallLogProvider already published as call_log
I/ActivityManager(  449): No longer want com.android.providers.calendar (pid 27316): empty for 1816s
I/ActivityManager(  449): No longer want com.google.android.calendar (pid 27334): empty for 1817s
I/ActivityManager(  449): No longer want com.google.android.apps.plus (pid 27162): empty for 1810s
W/ThrottleService(  449): unable to find stats for iface rmnet0
I/ActivityManager(  449): No longer want com.facebook.katana:providers (pid 27493): empty for 1844s
I/ActivityManager(  449): No longer want com.accuweather.android:com.urbanairship.push.process (pid 27416): empty for 1854s
I/ActivityManager(  449): No longer want com.accuweather.android (pid 27393): empty for 1854s
W/ActivityManager(  449): Scheduling restart of crashed service com.accuweather.android/.widgets.AL_WidgetUpdateService in 5000ms
I/ActivityManager(  449): Start proc com.accuweather.android for service com.accuweather.android/.widgets.AL_WidgetUpdateService: pid=27968 uid=10081 gids={50081, 3003, 1028, 1015}
I/ActivityManager(  449): Start proc com.accuweather.android:com.urbanairship.push.process for service com.accuweather.android/com.urbanairship.push.PushService: pid=27986 uid=10081 gids={50081, 3003, 1028, 1015}
I/ActivityManager(  449): No longer want com.facebook.katana (pid 27446): empty for 1837s
W/ActivityManager(  449): Scheduling restart of crashed service com.facebook.katana/.service.MediaUploadService in 5000ms
I/ActivityManager(  449): Start proc com.facebook.katana for service com.facebook.katana/.service.MediaUploadService: pid=28029 uid=10070 gids={50070, 3003, 1006, 1015, 1028}
I/ActivityManager(  449): Start proc com.facebook.katana:providers for content provider com.facebook.katana/.provider.GraphQLNotificationsContentProvider: pid=28075 uid=10070 gids={50070, 3003, 1006, 1015, 1028}
W/ThrottleService(  449): unable to find stats for iface rmnet0
I/ActivityManager(  449): Start proc com.android.providers.calendar for content provider com.android.providers.calendar/.CalendarProvider2: pid=28221 uid=10007 gids={50007, 3003, 1015, 1028}
I/ActivityManager(  449): Start proc com.google.android.calendar for broadcast com.google.android.calendar/com.android.calendar.alerts.AlertReceiver: pid=28238 uid=10006 gids={50006, 3003, 1028}
W/ActivityThread( 7570): Content provider com.android.providers.contacts.CallLogProvider already published as call_log
W/ActivityThread( 7570): Content provider com.android.providers.contacts.CallLogProvider already published as call_log
I/ActivityManager(  449): No longer want com.google.android.apps.maps:FriendService (pid 27697): empty for 1806s
W/ActivityManager(  449): Unable to start service Intent { flg=0x4 cmp=com.facebook.katana/com.facebook.orca.sms.MmsSmsLogExternalMessagesLogic$MmsSmsLogExternalMessagesService (has extras) } U=0: not found
I/ActivityManager(  449): No longer want android.process.media (pid 27794): empty for 1840s
I/ActivityManager(  449): No longer want com.google.android.apps.maps (pid 27747): empty for 1850s
D/MountService(  449): An IMountServiceListener has died!
W/ActivityManager(  449): Scheduling restart of crashed service com.android.providers.media/.MtpService in 5000ms
W/ActivityManager(  449): Scheduling restart of crashed service com.google.android.apps.maps/com.google.googlenav.prefetch.android.PrefetcherService in 14997ms
I/ActivityManager(  449): Start proc android.process.media for service com.android.providers.media/.MtpService: pid=28323 uid=10013 gids={50013, 1015, 1023, 1024, 1028, 2001, 3003, 3007}
I/ActivityManager(  449): Start proc com.google.android.apps.maps for service com.google.android.apps.maps/com.google.googlenav.prefetch.android.PrefetcherService: pid=28347 uid=10034 gids={50034, 3003, 1015, 1028}
I/ActivityManager(  449): No longer want com.google.android.gms (pid 27819): empty for 1830s
W/ThrottleService(  449): unable to find stats for iface rmnet0
I/ActivityManager(  449): No longer want android.process.acore (pid 27923): empty for 1802s
W/ActivityThread( 7570): Content provider com.android.providers.contacts.CallLogProvider already published as call_log
I/ActivityManager(  449): Start proc android.process.acore for content provider com.android.providers.contacts/.CallLogProvider: pid=28481 uid=10000 gids={50000, 3003, 1015, 1028}
W/ActivityThread( 7570): Content provider com.android.providers.contacts.CallLogProvider already published as call_log
W/ActivityThread( 7570): Content provider com.android.providers.contacts.CallLogProvider already published as call_log
I/ActivityManager(  449): No longer want com.google.android.apps.maps:GoogleLocationService (pid 27666): empty for 2634s
W/ActivityManager(  449): Scheduling restart of crashed service com.google.android.apps.maps/com.google.android.location.internal.server.GoogleLocationService in 5000ms
I/ActivityManager(  449): Start proc com.google.android.apps.maps:GoogleLocationService for service com.google.android.apps.maps/com.google.android.location.internal.server.GoogleLocationService: pid=28514 uid=10034 gids={50034, 3003, 1015, 1028}
I/ActivityManager(  449): Start proc com.google.android.apps.maps:FriendService for broadcast com.google.android.apps.maps/com.google.googlenav.friend.android.ServiceReceiver: pid=28543 uid=10034 gids={50034, 3003, 1015, 1028}
I/ActivityManager(  449): Start proc com.google.android.apps.plus for service com.google.android.apps.plus/.service.EsService: pid=28577 uid=10044 gids={50044, 3003, 3002, 1015, 1006, 1028}
I/ActivityManager(  449): Start proc com.android.settings for broadcast com.android.settings/.users.ProfileUpdateReceiver: pid=28621 uid=1000 gids={41000, 1015, 1028, 3002, 3001, 3003, 3007}
W/ThrottleService(  449): unable to find stats for iface rmnet0
I/ActivityManager(  449): No longer want com.accuweather.android:com.urbanairship.push.process (pid 27986): empty for 1843s
I/ActivityManager(  449): No longer want com.accuweather.android (pid 27968): empty for 1843s
W/ActivityManager(  449): Scheduling restart of crashed service com.accuweather.android/.widgets.AL_WidgetUpdateService in 5000ms
I/ActivityManager(  449): Start proc com.accuweather.android for service com.accuweather.android/.widgets.AL_WidgetUpdateService: pid=28662 uid=10081 gids={50081, 3003, 1028, 1015}
I/ActivityManager(  449): Start proc com.accuweather.android:com.urbanairship.push.process for service com.accuweather.android/com.urbanairship.push.PushService: pid=28685 uid=10081 gids={50081, 3003, 1028, 1015}
I/ActivityManager(  449): No longer want com.facebook.katana:providers (pid 28075): empty for 1850s
W/ThrottleService(  449): unable to find stats for iface rmnet0
I/ActivityManager(  449): No longer want com.android.providers.calendar (pid 28221): empty for 1803s
I/ActivityManager(  449): No longer want com.google.android.calendar (pid 28238): empty for 1803s
I/ActivityManager(  449): Kill com.google.android.calendar (pid 28238): provider com.android.providers.calendar.CalendarProvider2 in dying process com.android.providers.calendar
W/ActivityThread( 7570): Content provider com.android.providers.contacts.CallLogProvider already published as call_log
W/ActivityThread( 7570): Content provider com.android.providers.contacts.CallLogProvider already published as call_log
D/PerformBackupTask(  449): starting agent for backup of BackupRequest{pkg=android}
D/BackupManagerService(  449): awaiting agent for ApplicationInfo{42276ad8 android}
D/BackupManagerService(  449): agentConnected pkg=android agent=android.app.backup.BackupAgent$BackupServiceBinder@4282dd38
I/PerformBackupTask(  449): Backup pass finished.
W/ThrottleService(  449): unable to find stats for iface rmnet0
I/ActivityManager(  449): Start proc com.android.providers.calendar for content provider com.android.providers.calendar/.CalendarProvider2: pid=28884 uid=10007 gids={50007, 3003, 1015, 1028}
I/ActivityManager(  449): Start proc com.google.android.calendar for broadcast com.google.android.calendar/com.android.calendar.alerts.AlertReceiver: pid=28901 uid=10006 gids={50006, 3003, 1028}
W/ActivityThread( 7570): Content provider com.android.providers.contacts.CallLogProvider already published as call_log
W/ActivityThread( 7570): Content provider com.android.providers.contacts.CallLogProvider already published as call_log
I/ActivityManager(  449): No longer want com.google.android.apps.maps:FriendService (pid 28543): empty for 1854s
I/ActivityManager(  449): No longer want android.process.acore (pid 28481): empty for 1802s
I/ActivityManager(  449): No longer want android.process.media (pid 28323): empty for 1809s
I/ActivityManager(  449): No longer want com.android.settings (pid 28621): empty for 1805s
D/MountService(  449): An IMountServiceListener has died!
W/ActivityManager(  449): Scheduling restart of crashed service com.android.providers.media/.MtpService in 5000ms
I/ActivityManager(  449): Start proc android.process.media for service com.android.providers.media/.MtpService: pid=29013 uid=10013 gids={50013, 1015, 1023, 1024, 1028, 2001, 3003, 3007}
W/ThrottleService(  449): unable to find stats for iface rmnet0
I/ActivityManager(  449): No longer want com.accuweather.android:com.urbanairship.push.process (pid 28685): empty for 1805s
I/ActivityManager(  449): No longer want com.accuweather.android (pid 28662): empty for 1805s
W/ActivityManager(  449): Scheduling restart of crashed service com.accuweather.android/.widgets.AL_WidgetUpdateService in 5000ms
I/ActivityManager(  449): Start proc com.accuweather.android for service com.accuweather.android/.widgets.AL_WidgetUpdateService: pid=29042 uid=10081 gids={50081, 3003, 1028, 1015}
I/ActivityManager(  449): Start proc com.accuweather.android:com.urbanairship.push.process for service com.accuweather.android/com.urbanairship.push.PushService: pid=29061 uid=10081 gids={50081, 3003, 1028, 1015}
I/ActivityManager(  449): No longer want com.facebook.katana (pid 28029): empty for 1837s
W/ActivityManager(  449): Scheduling restart of crashed service com.facebook.katana/.service.MediaUploadService in 5000ms
I/ActivityManager(  449): Start proc com.facebook.katana for service com.facebook.katana/.service.MediaUploadService: pid=29094 uid=10070 gids={50070, 3003, 1006, 1015, 1028}
I/ActivityManager(  449): Start proc com.facebook.katana:providers for content provider com.facebook.katana/.provider.GraphQLNotificationsContentProvider: pid=29148 uid=10070 gids={50070, 3003, 1006, 1015, 1028}
W/ThrottleService(  449): unable to find stats for iface rmnet0
I/ActivityManager(  449): Start proc android.process.acore for content provider com.android.providers.contacts/.CallLogProvider: pid=29356 uid=10000 gids={50000, 3003, 1015, 1028}
W/ActivityThread( 7570): Content provider com.android.providers.contacts.CallLogProvider already published as call_log
W/ActivityThread( 7570): Content provider com.android.providers.contacts.CallLogProvider already published as call_log
I/ActivityManager(  449): No longer want com.google.android.apps.maps:GoogleLocationService (pid 28514): empty for 2634s
W/ActivityManager(  449): Scheduling restart of crashed service com.google.android.apps.maps/com.google.android.location.internal.server.GoogleLocationService in 5000ms
I/ActivityManager(  449): Start proc com.google.android.apps.maps:GoogleLocationService for service com.google.android.apps.maps/com.google.android.location.internal.server.GoogleLocationService: pid=29433 uid=10034 gids={50034, 3003, 1015, 1028}
I/ActivityManager(  449): Start proc com.google.android.apps.maps:FriendService for broadcast com.google.android.apps.maps/com.google.googlenav.friend.android.ServiceReceiver: pid=29463 uid=10034 gids={50034, 3003, 1015, 1028}
W/ActivityManager(  449): Unable to start service Intent { flg=0x4 cmp=com.facebook.katana/com.facebook.orca.sms.MmsSmsLogExternalMessagesLogic$MmsSmsLogExternalMessagesService (has extras) } U=0: not found
I/ActivityManager(  449): No longer want com.google.android.apps.plus (pid 28577): empty for 1800s
W/ThrottleService(  449): unable to find stats for iface rmnet0
I/ActivityManager(  449): No longer want com.android.providers.calendar (pid 28884): empty for 1806s
I/ActivityManager(  449): No longer want com.google.android.calendar (pid 28901): empty for 1807s
W/ActivityThread( 7570): Content provider com.android.providers.contacts.CallLogProvider already published as call_log
W/ActivityThread( 7570): Content provider com.android.providers.contacts.CallLogProvider already published as call_log
I/ActivityManager(  449): No longer want android.process.media (pid 29013): empty for 1812s
W/ThrottleService(  449): unable to find stats for iface rmnet0
D/MountService(  449): An IMountServiceListener has died!
W/ActivityManager(  449): Scheduling restart of crashed service com.android.providers.media/.MtpService in 5000ms
I/ActivityManager(  449): Start proc android.process.media for service com.android.providers.media/.MtpService: pid=30300 uid=10013 gids={50013, 1015, 1023, 1024, 1028, 2001, 3003, 3007}
I/ActivityManager(  449): Start proc com.google.android.apps.magazines for service com.google.android.apps.magazines/com.google.apps.dots.android.app.service.SyncService: pid=30370 uid=10033 gids={50033, 3003, 1015, 1028}
I/ActivityManager(  449): Start proc com.google.android.apps.currents for service com.google.android.apps.currents/com.google.apps.dots.android.app.service.SyncService: pid=30385 uid=10010 gids={50010, 3003, 1015, 1028}
D/ActivityThread(30370): Loading provider com.google.android.apps.magazines: com.google.apps.dots.android.magazines.provider.MagazinesContentProvider
D/ActivityThread(30385): Loading provider com.google.android.apps.currents: com.google.apps.dots.android.currents.provider.CurrentsContentProvider
W/ActivityManager(  449): Unable to start service Intent { act=com.google.android.gms.analytics.service.START (has extras) } U=0: not found
W/ActivityManager(  449): Unable to start service Intent { act=com.google.android.gms.analytics.service.START (has extras) } U=0: not found
W/ActivityManager(  449): Unable to start service Intent { act=com.google.android.gms.analytics.service.START (has extras) } U=0: not found
W/ActivityManager(  449): Unable to start service Intent { act=com.google.android.gms.analytics.service.START (has extras) } U=0: not found
I/ActivityManager(  449): No longer want com.accuweather.android:com.urbanairship.push.process (pid 29061): empty for 1817s
I/ActivityManager(  449): No longer want com.accuweather.android (pid 29042): empty for 1817s
W/ActivityManager(  449): Scheduling restart of crashed service com.accuweather.android/.widgets.AL_WidgetUpdateService in 5000ms
I/ActivityManager(  449): Start proc com.accuweather.android for service com.accuweather.android/.widgets.AL_WidgetUpdateService: pid=30524 uid=10081 gids={50081, 3003, 1028, 1015}
I/ActivityManager(  449): Start proc com.accuweather.android:com.urbanairship.push.process for service com.accuweather.android/com.urbanairship.push.PushService: pid=30542 uid=10081 gids={50081, 3003, 1028, 1015}
I/ActivityManager(  449): No longer want com.facebook.katana:providers (pid 29148): empty for 1804s
I/ActivityManager(  449): Start proc com.android.providers.calendar for content provider com.android.providers.calendar/.CalendarProvider2: pid=30743 uid=10007 gids={50007, 3003, 1015, 1028}
I/ActivityManager(  449): Start proc com.google.android.calendar for broadcast com.google.android.calendar/com.android.calendar.alerts.AlertReceiver: pid=30760 uid=10006 gids={50006, 3003, 1028}
W/ThrottleService(  449): unable to find stats for iface rmnet0
I/ActivityManager(  449): No longer want android.process.acore (pid 29356): empty for 1803s
W/ActivityThread( 7570): Content provider com.android.providers.contacts.CallLogProvider already published as call_log
I/ActivityManager(  449): Start proc android.process.acore for content provider com.android.providers.contacts/.CallLogProvider: pid=30975 uid=10000 gids={50000, 3003, 1015, 1028}
W/ActivityThread( 7570): Content provider com.android.providers.contacts.CallLogProvider already published as call_log
W/ActivityThread( 7570): Content provider com.android.providers.contacts.CallLogProvider already published as call_log
I/ActivityManager(  449): No longer want com.google.android.apps.maps:FriendService (pid 29463): empty for 1854s
I/ActivityManager(  449): Start proc com.google.android.apps.plus for service com.google.android.apps.plus/.service.EsService: pid=31157 uid=10044 gids={50044, 3003, 3002, 1015, 1006, 1028}
I/ActivityManager(  449): Start proc com.android.settings for broadcast com.android.settings/.users.ProfileUpdateReceiver: pid=31206 uid=1000 gids={41000, 1015, 1028, 3002, 3001, 3003, 3007}
D/PerformBackupTask(  449): starting agent for backup of BackupRequest{pkg=android}
D/BackupManagerService(  449): awaiting agent for ApplicationInfo{42276ad8 android}
D/BackupManagerService(  449): agentConnected pkg=android agent=android.app.backup.BackupAgent$BackupServiceBinder@42765198
