I/ActivityManager(  449): No longer want android.process.media (pid 10417): empty for 1802s
W/ThrottleService(  449): unable to find stats for iface rmnet0
W/ThrottleService(  449): unable to find stats for iface rmnet0
I/ActivityManager(  449): No longer want com.google.android.calendar (pid 10845): empty for 1800s
I/ActivityManager(  449): No longer want com.android.providers.calendar (pid 10830): empty for 1800s
I/ActivityManager(  449): Kill com.google.android.calendar (pid 10845): provider com.android.providers.calendar.CalendarProvider2 in dying process com.android.providers.calendar
I/ActivityManager(  449): No longer want com.google.android.apps.plus (pid 10403): empty for 1800s
I/ActivityManager(  449): No longer want com.google.android.gsf.login (pid 10442): empty for 1805s
W/ThrottleService(  449): unable to find stats for iface rmnet0
I/ActivityManager(  449): Start proc android.process.media for broadcast com.android.providers.media/.MtpReceiver: pid=12211 uid=10013 gids={50013, 1015, 1023, 1024, 1028, 2001, 3003, 3007}
I/PowerManagerService(  449): Waking up from sleep...
W/PowerUI (  576): unknown intent: Intent { act=android.intent.action.ACTION_POWER_CONNECTED flg=0x8000010 }
I/ActivityManager(  449): Start proc com.google.android.gallery3d for broadcast com.google.android.gallery3d/com.google.android.picasasync.BatteryReceiver: pid=12240 uid=10017 gids={50017, 1006, 3003, 1015, 1028}
I/ActivityManager(  449): Start proc com.google.android.apps.uploader for broadcast com.google.android.apps.uploader/com.google.android.picasasync.BatteryReceiver: pid=12257 uid=10035 gids={50035, 3003, 1015, 1028}
I/ActivityManager(  449): Start proc com.google.android.youtube for broadcast com.google.android.youtube/.app.prefetch.PrefetchService$DeviceStateReceiver: pid=12285 uid=10059 gids={50059, 3003, 1015, 1006, 1028}
I/WindowManager(  449): Lock screen displayed!
I/ActivityManager(  449): Start proc com.google.android.apps.plus for broadcast com.google.android.apps.plus/.iu.BatteryReceiver: pid=12330 uid=10044 gids={50044, 3003, 3002, 1015, 1006, 1028}
D/ConnectivityService(  449): Captive portal check NetworkInfo: type: WIFI[], state: CONNECTING/CAPTIVE_PORTAL_CHECK, reason: (unspecified), extra: "Gilma", roaming: false, failover: false, isAvailable: true
D/ConnectivityService(  449): Captive portal check NetworkInfo: type: WIFI[], state: CONNECTING/CAPTIVE_PORTAL_CHECK, reason: (unspecified), extra: "Gilma", roaming: false, failover: false, isAvailable: true
D/ConnectivityService(  449): ConnectivityChange for WIFI: CONNECTED/CONNECTED
D/ConnectivityService(  449): ConnectivityChange for WIFI: CONNECTED/CONNECTED
D/ConnectivityService(  449): handleConnectivityChange: address are the same reset per doReset linkProperty[1]: resetMask=0
I/ActivityManager(  449): Start proc com.google.android.apps.magazines for service com.google.android.apps.magazines/com.google.apps.dots.android.app.service.SyncService: pid=12406 uid=10033 gids={50033, 3003, 1015, 1028}
D/PerformBackupTask(  449): starting agent for backup of BackupRequest{pkg=android}
I/ActivityManager(  449): Start proc com.google.android.apps.currents for service com.google.android.apps.currents/com.google.apps.dots.android.app.service.SyncService: pid=12423 uid=10010 gids={50010, 3003, 1015, 1028}
D/BackupManagerService(  449): awaiting agent for ApplicationInfo{42276ad8 android}
D/BackupManagerService(  449): agentConnected pkg=android agent=android.app.backup.BackupAgent$BackupServiceBinder@428b52c0
I/ActivityManager(  449): Start proc com.google.android.gsf.login for service com.google.android.gsf.login/com.google.android.gsf.loginservice.GoogleLoginService: pid=12436 uid=10019 gids={50019, 3003, 1007, 1028, 1015, 2001, 3006}
I/ActivityManager(  449): Start proc com.google.android.gcm for broadcast com.google.android.gms/.gcm.ServiceAutoStarter: pid=12454 uid=10019 gids={50019, 3003, 1007, 1028, 1015, 2001, 3006}
D/ActivityThread(12423): Loading provider com.google.android.apps.currents: com.google.apps.dots.android.currents.provider.CurrentsContentProvider
D/ActivityThread(12406): Loading provider com.google.android.apps.magazines: com.google.apps.dots.android.magazines.provider.MagazinesContentProvider
I/PerformBackupTask(  449): Backup pass finished.
I/ActivityManager(  449): Start proc com.google.android.apps.walletnfcrel for broadcast com.google.android.apps.walletnfcrel/com.google.android.apps.wallet.util.WalletNetworkAccessReceiver: pid=12494 uid=10057 gids={50057, 3003, 1028}
I/ActivityManager(  449): Start proc android.process.acore for content provider com.android.providers.contacts/.CallLogProvider: pid=12512 uid=10000 gids={50000, 3003, 1015, 1028}
I/ActivityManager(  449): Start proc com.google.android.gms for broadcast com.google.android.gms/.recovery.AccountRecoveryService$Receiver: pid=12522 uid=10019 gids={50019, 3003, 1007, 1028, 1015, 2001, 3006}
W/ActivityThread( 7570): Content provider com.android.providers.contacts.CallLogProvider already published as call_log
W/ActivityThread( 7570): Content provider com.android.providers.contacts.CallLogProvider already published as call_log
D/ConnectivityService(  449): handleInetConditionHoldEnd: net=1, condition=100, published condition=0
I/ActivityManager(  449): Start proc com.google.android.talk for broadcast com.google.android.talk/.ConnectionStateOnlineReceiver: pid=12553 uid=10051 gids={50051, 3003, 1015, 1006, 1028, 3002}
W/ActivityThread( 7570): Content provider com.android.providers.contacts.CallLogProvider already published as call_log
W/ActivityThread( 7570): Content provider com.android.providers.contacts.CallLogProvider already published as call_log
W/ActivityManager(  449): Unable to start service Intent { act=com.google.android.gms.analytics.service.START (has extras) } U=0: not found
W/ActivityManager(  449): Unable to start service Intent { act=com.google.android.gms.analytics.service.START (has extras) } U=0: not found
I/ActivityManager(  449): Start proc com.google.android.gm for service com.google.android.gm/.provider.MailSyncAdapterService: pid=12606 uid=10018 gids={50018, 3003, 1015, 1028}
D/ActivityThread(12606): Loading provider com.android.gmail.ui: com.google.android.gm.provider.UiProvider
W/ActivityThread( 7570): Content provider com.android.providers.contacts.CallLogProvider already published as call_log
W/ActivityThread( 7570): Content provider com.android.providers.contacts.CallLogProvider already published as call_log
W/ActivityThread( 7570): Content provider com.android.providers.contacts.CallLogProvider already published as call_log
I/ActivityManager(  449): Start proc com.android.settings for broadcast com.android.settings/.users.ProfileUpdateReceiver: pid=12658 uid=1000 gids={41000, 1015, 1028, 3002, 3001, 3003, 3007}
W/ActivityManager(  449): Unable to start service Intent { act=com.google.android.gms.analytics.service.START (has extras) } U=0: not found
W/ActivityManager(  449): Unable to start service Intent { act=com.google.android.gms.analytics.service.START (has extras) } U=0: not found
I/ActivityManager(  449): No longer want com.accuweather.android:com.urbanairship.push.process (pid 11296): empty #17
I/ActivityManager(  449): No longer want com.google.android.apps.maps:FriendService (pid 11433): empty #17
I/ActivityManager(  449): Start proc com.android.providers.calendar for content provider com.android.providers.calendar/.CalendarProvider2: pid=12957 uid=10007 gids={50007, 3003, 1015, 1028}
I/ActivityManager(  449): No longer want com.google.android.gallery3d (pid 12240): empty #17
I/ActivityManager(  449): Start proc com.google.android.calendar for broadcast com.google.android.calendar/com.android.calendar.alerts.AlertReceiver: pid=12978 uid=10006 gids={50006, 3003, 1028}
I/ActivityManager(  449): No longer want com.google.android.apps.uploader (pid 12257): empty #17
I/ActivityManager(  449): No longer want com.google.android.youtube (pid 12285): empty #17
I/ActivityManager(  449): No longer want com.google.android.gcm (pid 12454): empty #17
I/ActivityManager(  449): Start proc com.facebook.katana:providers for content provider com.facebook.katana/.provider.GraphQLNotificationsContentProvider: pid=13245 uid=10070 gids={50070, 3003, 1006, 1015, 1028}
I/ActivityManager(  449): No longer want com.google.android.apps.walletnfcrel (pid 12494): empty #17
W/ActivityManager(  449): Unable to start service Intent { flg=0x4 cmp=com.facebook.katana/com.facebook.orca.sms.MmsSmsLogExternalMessagesLogic$MmsSmsLogExternalMessagesService (has extras) } U=0: not found
W/ThrottleService(  449): unable to find stats for iface rmnet0
I/ActivityManager(  449): Config changed: {1.0 ?mcc?mnc en_US ldltr sw600dp w600dp h880dp 213dpi lrg port finger -keyb/v/h -nav/h s.22}
I/ActivityManager(  449): Config changed: {1.0 ?mcc?mnc en_US ldltr sw600dp w961dp h528dp 213dpi lrg land finger -keyb/v/h -nav/h s.23}
D/PhoneStatusBar(  576): disable: < expand icons alerts ticker system_info BACK HOME recent* clock search >
I/ActivityManager(  449): Config changed: {1.0 ?mcc?mnc en_US ldltr sw600dp w600dp h880dp 213dpi lrg port finger -keyb/v/h -nav/h s.24}
D/PhoneStatusBar(  576): disable: < expand icons alerts ticker system_info back* home* recent clock search >
I/ActivityManager(  449): START u0 {act=android.intent.action.MAIN cat=[android.intent.category.LAUNCHER] flg=0x10200000 cmp=com.microsoft.hsg.android.custom/.MainActivity} from pid 723
I/ActivityManager(  449): Start proc com.microsoft.hsg.android.custom for activity com.microsoft.hsg.android.custom/.MainActivity: pid=13594 uid=10079 gids={50079, 3003, 1028}
I/ActivityManager(  449): START u0 {cmp=com.microsoft.hsg.android.custom/.CustomActivity} from pid 13594
W/InputMethodManagerService(  449): Window already focused, ignoring focus gain of: com.android.internal.view.IInputMethodClient$Stub$Proxy@42259c20 attribute=null, token = android.os.BinderProxy@4267eb10
D/PhoneStatusBar(  576): disable: < expand icons alerts TICKER* SYSTEM_INFO* back home recent clock search >
I/ActivityManager(  449): START u0 {act=android.settings.WIFI_SETTINGS flg=0x14000000 cmp=com.android.settings/.Settings$WifiSettingsActivity} from pid 576
D/PhoneStatusBar(  576): disable: < expand icons alerts ticker* system_info* back home recent clock search >
D/WifiService(  449): setWifiEnabled: false pid=12658, uid=1000
D/ConnectivityService(  449): ConnectivityChange for WIFI: DISCONNECTED/DISCONNECTED
D/ConnectivityService(  449): Attempting to switch to BLUETOOTH_TETHER
D/ConnectivityService(  449): Attempting to switch to ETHERNET
D/ConnectivityService(  449): resetConnections(wlan0, 3)
D/ConnectivityService(  449): ConnectivityChange for WIFI: DISCONNECTED/DISCONNECTED
D/ConnectivityService(  449): Attempting to switch to BLUETOOTH_TETHER
D/ConnectivityService(  449): Attempting to switch to ETHERNET
D/ConnectivityService(  449): resetConnections(wlan0, 3)
W/ApplicationContext(12658): Calling a method in the system process without a qualified user: android.app.ContextImpl.bindService:1406 android.content.ContextWrapper.bindService:473 android.bluetooth.BluetoothInputDevice.<init>:240 
W/ApplicationContext(12658): Calling a method in the system process without a qualified user: android.app.ContextImpl.bindService:1406 android.content.ContextWrapper.bindService:473 android.bluetooth.BluetoothPan.<init>:141 
W/ApplicationContext(12658): Calling a method in the system process without a qualified user: android.app.ContextImpl.bindService:1406 android.content.ContextWrapper.bindService:473 android.bluetooth.BluetoothPbap.<init>:161 
D/ConnectivityService(  449): handleInetConditionChange: no active default network - ignore
I/ActivityManager(  449): Start proc com.google.android.gallery3d for broadcast com.google.android.gallery3d/com.google.android.picasasync.ConnectivityReceiver: pid=13898 uid=10017 gids={50017, 1006, 3003, 1015, 1028}
I/ActivityManager(  449): No longer want com.google.android.talk (pid 12553): empty #17
I/ActivityManager(  449): Start proc com.google.android.apps.uploader for broadcast com.google.android.apps.uploader/com.google.android.picasasync.ConnectivityReceiver: pid=13915 uid=10035 gids={50035, 3003, 1015, 1028}
I/ActivityManager(  449): Start proc com.google.android.youtube for broadcast com.google.android.youtube/.app.prefetch.PrefetchService$DeviceStateReceiver: pid=13930 uid=10059 gids={50059, 3003, 1015, 1006, 1028}
I/ActivityManager(  449): No longer want com.google.android.apps.currents (pid 12423): empty #17
I/ActivityManager(  449): Start proc com.google.android.gcm for broadcast com.google.android.gms/.gcm.ServiceAutoStarter: pid=13974 uid=10019 gids={50019, 3003, 1007, 1028, 1015, 2001, 3006}
I/ActivityManager(  449): No longer want com.google.android.apps.magazines (pid 12406): empty #17
I/ActivityManager(  449): Start proc com.google.android.apps.walletnfcrel for broadcast com.google.android.apps.walletnfcrel/com.google.android.apps.wallet.util.WalletNetworkAccessReceiver: pid=13989 uid=10057 gids={50057, 3003, 1028}
I/ActivityManager(  449): No longer want com.google.android.gms (pid 12522): empty #17
I/ActivityManager(  449): No longer want android.process.acore (pid 12512): empty #17
I/ActivityManager(  449): Start proc com.google.android.gms for broadcast com.google.android.gms/.recovery.AccountRecoveryService$Receiver: pid=14003 uid=10019 gids={50019, 3003, 1007, 1028, 1015, 2001, 3006}
I/ActivityManager(  449): No longer want com.facebook.katana:providers (pid 13245): empty #17
I/ActivityManager(  449): Start proc android.process.acore for content provider com.android.providers.contacts/.ContactsProvider2: pid=14023 uid=10000 gids={50000, 3003, 1015, 1028}
I/ActivityManager(  449): No longer want com.google.android.calendar (pid 12978): empty #17
D/ConnectivityService(  449): NetTransition Wakelock for WifiStateMachine released by timeout
W/ActivityThread( 7570): Content provider com.android.providers.contacts.CallLogProvider already published as call_log
W/ActivityThread( 7570): Content provider com.android.providers.contacts.CallLogProvider already published as call_log
W/InputMethodManagerService(  449): Window already focused, ignoring focus gain of: com.android.internal.view.IInputMethodClient$Stub$Proxy@42727598 attribute=null, token = android.os.BinderProxy@4267eb10
I/ActivityManager(  449): No longer want com.google.android.apps.maps:GoogleLocationService (pid 11408): empty for 2607s
W/ActivityManager(  449): Scheduling restart of crashed service com.google.android.apps.maps/com.google.android.location.internal.server.GoogleLocationService in 5000ms
I/ActivityManager(  449): Start proc com.google.android.apps.maps:GoogleLocationService for service com.google.android.apps.maps/com.google.android.location.internal.server.GoogleLocationService: pid=14444 uid=10034 gids={50034, 3003, 1015, 1028}
I/ActivityManager(  449): Start proc com.google.android.apps.maps:FriendService for broadcast com.google.android.apps.maps/com.google.googlenav.friend.android.ServiceReceiver: pid=14478 uid=10034 gids={50034, 3003, 1015, 1028}
I/ActivityManager(  449): No longer want com.android.providers.calendar (pid 12957): empty #17
I/ActivityManager(  449): Start proc com.android.providers.calendar for content provider com.android.providers.calendar/.CalendarProvider2: pid=14501 uid=10007 gids={50007, 3003, 1015, 1028}
I/ActivityManager(  449): Start proc com.google.android.calendar for broadcast com.google.android.calendar/com.android.calendar.alerts.AlertReceiver: pid=14515 uid=10006 gids={50006, 3003, 1028}
I/ActivityManager(  449): No longer want com.google.android.gm (pid 12606): empty #17
I/ActivityManager(  449): No longer want com.android.settings (pid 12658): empty #17
W/ThrottleService(  449): unable to find stats for iface rmnet0
I/ActivityManager(  449): Config changed: {1.0 ?mcc?mnc en_US ldltr sw600dp w961dp h528dp 213dpi lrg land finger -keyb/v/h -nav/h s.25}
I/ActivityManager(  449): Start proc com.google.android.inputmethod.latin.dictionarypack for broadcast com.google.android.inputmethod.latin.dictionarypack/.EventHandler: pid=14861 uid=10029 gids={50029, 3003, 1015, 1028}
I/ActivityManager(  449): No longer want com.google.android.gallery3d (pid 13898): empty #17
W/ThrottleService(  449): unable to find stats for iface rmnet0
I/ActivityManager(  449): No longer want android.process.media (pid 12211): empty #17
D/MountService(  449): An IMountServiceListener has died!
W/ActivityManager(  449): Scheduling restart of crashed service com.android.providers.media/.MtpService in 5000ms
I/ActivityManager(  449): Start proc android.process.media for service com.android.providers.media/.MtpService: pid=15127 uid=10013 gids={50013, 1015, 1023, 1024, 1028, 2001, 3003, 3007}
I/ActivityManager(  449): No longer want com.google.android.apps.uploader (pid 13915): empty #17
W/ProcessStats(  449): Skipping unknown process pid 15577
W/ProcessStats(  449): Skipping unknown process pid 15579
W/ThrottleService(  449): unable to find stats for iface rmnet0
I/ActivityManager(  449): No longer want android.process.acore (pid 14023): empty for 1803s
I/ActivityManager(  449): No longer want com.google.android.gms (pid 14003): empty for 1809s
I/ActivityManager(  449): No longer want com.google.android.gsf.login (pid 12436): empty for 1809s
I/ActivityManager(  449): No longer want com.accuweather.android (pid 11273): empty for 1809s
I/ActivityManager(  449): No longer want com.google.android.apps.walletnfcrel (pid 13989): empty for 1809s
I/ActivityManager(  449): No longer want com.google.android.apps.plus (pid 12330): empty for 1809s
I/ActivityManager(  449): No longer want com.google.android.gcm (pid 13974): empty for 1809s
I/ActivityManager(  449): No longer want com.google.android.youtube (pid 13930): empty for 1809s
W/ActivityManager(  449): Scheduling restart of crashed service com.accuweather.android/.widgets.AL_WidgetUpdateService in 5000ms
I/ActivityManager(  449): Start proc com.accuweather.android for service com.accuweather.android/.widgets.AL_WidgetUpdateService: pid=15848 uid=10081 gids={50081, 3003, 1028, 1015}
I/ActivityManager(  449): Start proc com.accuweather.android:com.urbanairship.push.process for service com.accuweather.android/com.urbanairship.push.PushService: pid=15883 uid=10081 gids={50081, 3003, 1028, 1015}
I/ActivityManager(  449): No longer want com.google.android.apps.maps:FriendService (pid 14478): empty for 1810s
W/ThrottleService(  449): unable to find stats for iface rmnet0
I/ActivityManager(  449): No longer want com.android.providers.calendar (pid 14501): empty for 1817s
I/ActivityManager(  449): No longer want com.google.android.calendar (pid 14515): empty for 1817s
I/ActivityManager(  449): No longer want com.google.android.inputmethod.latin.dictionarypack (pid 14861): empty for 1817s
I/ActivityManager(  449): Kill com.google.android.calendar (pid 14515): provider com.android.providers.calendar.CalendarProvider2 in dying process com.android.providers.calendar
I/ActivityManager(  449): Config changed: {1.0 ?mcc?mnc en_US ldltr sw600dp w961dp h528dp 213dpi lrg land finger -keyb/v/h -nav/h s.26}
I/ActivityManager(  449): Config changed: {1.0 ?mcc?mnc en_US ldltr sw600dp w600dp h880dp 213dpi lrg port finger -keyb/v/h -nav/h s.27}
I/ActivityManager(  449): Config changed: {1.0 ?mcc?mnc en_US ldltr sw600dp w961dp h528dp 213dpi lrg land finger -keyb/v/h -nav/h s.28}
I/ActivityManager(  449): Config changed: {1.0 ?mcc?mnc en_US ldltr sw600dp w600dp h880dp 213dpi lrg port finger -keyb/v/h -nav/h s.29}
W/ThrottleService(  449): unable to find stats for iface rmnet0
W/InputMethodManagerService(  449): Window already focused, ignoring focus gain of: com.android.internal.view.IInputMethodClient$Stub$Proxy@427399b8 attribute=null, token = android.os.BinderProxy@42671530
I/ActivityManager(  449): Config changed: {1.0 ?mcc?mnc en_US ldltr sw600dp w961dp h528dp 213dpi lrg land finger -keyb/v/h -nav/h s.30}
I/ActivityManager(  449): No longer want android.process.media (pid 15127): empty for 1803s
D/MountService(  449): An IMountServiceListener has died!
W/ActivityManager(  449): Scheduling restart of crashed service com.android.providers.media/.MtpService in 5000ms
I/ActivityManager(  449): Start proc android.process.media for service com.android.providers.media/.MtpService: pid=16981 uid=10013 gids={50013, 1015, 1023, 1024, 1028, 2001, 3003, 3007}
I/ActivityManager(  449): No longer want com.microsoft.hsg.android.custom (pid 13594): empty for 2833s
I/ActivityManager(  449): Start proc com.google.android.gm for service com.google.android.gm/com.android.mail.widget.GmailWidgetService: pid=17036 uid=10018 gids={50018, 3003, 1015, 1028}
I/ActivityManager(  449): Start proc com.google.android.calendar for service com.google.android.calendar/com.android.calendar.widget.CalendarAppWidgetService: pid=17049 uid=10006 gids={50006, 3003, 1028}
I/ActivityManager(  449): Start proc com.android.providers.calendar for content provider com.android.providers.calendar/.CalendarProvider2: pid=17070 uid=10007 gids={50007, 3003, 1015, 1028}
I/WindowState(  449): WIN DEATH: Window{429cf858 u0 com.microsoft.hsg.android.custom/com.microsoft.hsg.android.custom.CustomActivity}
D/ActivityThread(17036): Loading provider com.android.gmail.ui: com.google.android.gm.provider.UiProvider
I/ActivityManager(  449): Start proc com.google.android.gms for service com.google.android.gms/.icing.impl.IndexService: pid=17093 uid=10019 gids={50019, 3003, 1007, 1028, 1015, 2001, 3006}
I/ActivityManager(  449): Start proc com.google.android.gsf.login for service com.google.android.gms/.recovery.AccountRecoveryService: pid=17124 uid=10019 gids={50019, 3003, 1007, 1028, 1015, 2001, 3006}
I/ActivityManager(  449): Start proc com.android.defcontainer for service com.android.defcontainer/.DefaultContainerService: pid=17199 uid=10011 gids={50011, 1015, 2001, 1028}
W/ActivityManager(  449): No content provider found for permission revoke: file:///data/local/tmp/AndroidCustomWrite-0.0.1-SNAPSHOT.apk
I/ActivityManager(  449): Start proc com.android.vending for broadcast com.android.vending/com.google.android.vending.verifier.PackageVerificationReceiver: pid=17213 uid=10043 gids={50043, 3003, 1015, 1028}
W/ActivityManager(  449): No content provider found for permission revoke: file:///data/local/tmp/AndroidCustomWrite-0.0.1-SNAPSHOT.apk
I/PackageManager(  449): Copying native libraries to /data/app-lib/vmdl-1608170415
W/PackageManager(  449): Invalid verification token 17 received
I/ActivityManager(  449): Force stopping package com.microsoft.hsg.android.custom appid=10079 user=-1
I/PackageManager(  449): Package com.microsoft.hsg.android.custom codePath changed from /data/app/com.microsoft.hsg.android.custom-1.apk to /data/app/com.microsoft.hsg.android.custom-2.apk; Retaining data and using new
I/PackageManager(  449): Linking native library dir for /data/app/com.microsoft.hsg.android.custom-2.apk
I/ActivityManager(  449): Force stopping package com.microsoft.hsg.android.custom appid=10079 user=-1
W/PackageManager(  449): Code path for pkg : com.microsoft.hsg.android.custom changing from /data/app/com.microsoft.hsg.android.custom-1.apk to /data/app/com.microsoft.hsg.android.custom-2.apk
W/PackageManager(  449): Resource path for pkg : com.microsoft.hsg.android.custom changing from /data/app/com.microsoft.hsg.android.custom-1.apk to /data/app/com.microsoft.hsg.android.custom-2.apk
I/ActivityManager(  449): Force stopping package com.microsoft.hsg.android.custom appid=10079 user=0
D/PackageManager(  449): generateServicesMap() for 0
D/DevicePolicyManagerService(  449): Handling package changes for user 0
D/PackageManager(  449): generateServicesMap() for 0
I/ActivityManager(  449): Start proc net.nakvic.dromoris for broadcast net.nakvic.dromoris/.AppReceiver: pid=17258 uid=10078 gids={50078, 3003, 1006, 1015, 1028}
D/PackageManager(  449): generateServicesMap() for 0
D/PackageManager(  449): generateServicesMap() for 0
I/ActivityManager(  449): Start proc android.process.acore for broadcast com.android.providers.contacts/.PackageIntentReceiver: pid=17271 uid=10000 gids={50000, 3003, 1015, 1028}
I/ActivityManager(  449): Start proc com.google.android.gallery3d for broadcast com.google.android.gallery3d/com.android.gallery3d.app.PackagesMonitor: pid=17287 uid=10017 gids={50017, 1006, 3003, 1015, 1028}
I/ActivityManager(  449): Start proc com.android.keychain for broadcast com.android.keychain/.KeyChainBroadcastReceiver: pid=17305 uid=1000 gids={41000, 1015, 1028, 3002, 3001, 3003, 3007}
W/ApplicationContext(17305): Calling a method in the system process without a qualified user: android.app.ContextImpl.startService:1352 android.content.ContextWrapper.startService:450 android.content.ContextWrapper.startService:450 
I/ActivityManager(  449): Start proc com.android.musicfx for broadcast com.android.musicfx/.Compatibility$Receiver: pid=17320 uid=10037 gids={50037, 3003, 3002, 1028}
I/ActivityManager(  449): No longer want com.accuweather.android:com.urbanairship.push.process (pid 15883): empty #17
I/ActivityManager(  449): Start proc jp.co.omronsoft.iwnnime.ml for broadcast jp.co.omronsoft.iwnnime.ml/.UninstallReceiver: pid=17334 uid=10060 gids={50060, 1028}
I/ActivityManager(  449): No longer want com.google.android.googlequicksearchbox (pid 15857): empty #17
I/ActivityManager(  449): No longer want com.facebook.katana (pid 5516): empty #17
I/ActivityManager(  449): Start proc com.google.android.apps.plus for broadcast com.google.android.apps.plus/.service.PackagesMediaMonitor: pid=17348 uid=10044 gids={50044, 3003, 3002, 1015, 1006, 1028}
W/ActivityManager(  449): Scheduling restart of crashed service com.facebook.katana/.service.MediaUploadService in 5000ms
I/ActivityManager(  449): Start proc com.google.android.googlequicksearchbox for broadcast com.google.android.googlequicksearchbox/com.google.android.apps.sidekick.GmmLocationProviderImpl$GmmPackageWatcher: pid=17373 uid=10053 gids={50053, 3003, 1028, 1007, 3002, 1015, 1006}
I/ActivityManager(  449): No longer want com.google.android.gsf.login (pid 17124): empty #17
I/ActivityManager(  449): Start proc com.google.android.partnersetup for content provider com.google.android.partnersetup/.RlzAppProvider: pid=17395 uid=10023 gids={50023, 3003, 1028}
I/ActivityManager(  449): Start proc com.google.android.gsf.login for service com.google.android.gsf.login/com.google.android.gsf.loginservice.GoogleLoginService: pid=17410 uid=10019 gids={50019, 3003, 1007, 1028, 1015, 2001, 3006}
I/ActivityManager(  449): No longer want com.google.android.calendar (pid 17049): empty #17
I/ActivityManager(  449): No longer want com.google.android.deskclock (pid 4978): empty #18
I/ActivityManager(  449): Start proc com.google.android.apps.maps:FriendService for broadcast com.google.android.apps.maps/com.google.googlenav.friend.android.ServiceReceiver: pid=17445 uid=10034 gids={50034, 3003, 1015, 1028}
I/ActivityManager(  449): No longer want com.google.android.gm (pid 17036): empty #17
I/ActivityManager(  449): Start proc com.facebook.katana for service com.facebook.katana/.service.MediaUploadService: pid=17462 uid=10070 gids={50070, 3003, 1006, 1015, 1028}
W/ActivityManager(  449): Unable to start service Intent { act=com.google.android.gms.analytics.service.START (has extras) } U=0: not found
I/ActivityManager(  449): No longer want com.android.defcontainer (pid 17199): empty #17
I/ActivityManager(  449): START u0 {act=android.intent.action.MAIN cat=[android.intent.category.LAUNCHER] flg=0x10200000 cmp=com.microsoft.hsg.android.custom/.MainActivity} from pid 723
I/ActivityManager(  449): Start proc com.microsoft.hsg.android.custom for activity com.microsoft.hsg.android.custom/.MainActivity: pid=17487 uid=10079 gids={50079, 3003, 1028}
W/InputMethodManagerService(  449): Window already focused, ignoring focus gain of: com.android.internal.view.IInputMethodClient$Stub$Proxy@42667ab8 attribute=null, token = android.os.BinderProxy@4251c8a8
I/ActivityManager(  449): Start proc com.facebook.katana:providers for content provider com.facebook.katana/.provider.GraphQLNotificationsContentProvider: pid=17530 uid=10070 gids={50070, 3003, 1006, 1015, 1028}
W/ActivityManager(  449): Unable to start service Intent { act=com.google.android.gms.analytics.service.START (has extras) } U=0: not found
I/ActivityManager(  449): No longer want com.android.keychain (pid 17305): empty #17
W/ProcessStats(  449): Skipping unknown process pid 17508
W/ProcessStats(  449): Skipping unknown process pid 17510
W/ProcessStats(  449): Skipping unknown process pid 17511
D/PhoneStatusBar(  576): disable: < expand icons alerts TICKER* SYSTEM_INFO* back home recent clock search >
I/ActivityManager(  449): START u0 {act=android.settings.WIFI_SETTINGS flg=0x14000000 cmp=com.android.settings/.Settings$WifiSettingsActivity} from pid 576
I/ActivityManager(  449): Start proc com.android.settings for activity com.android.settings/.Settings$WifiSettingsActivity: pid=17580 uid=1000 gids={41000, 1015, 1028, 3002, 3001, 3003, 3007}
D/PhoneStatusBar(  576): disable: < expand icons alerts ticker* system_info* back home recent clock search >
D/WifiService(  449): setWifiEnabled: true pid=17580, uid=1000
W/ApplicationContext(17580): Calling a method in the system process without a qualified user: android.app.ContextImpl.bindService:1406 android.content.ContextWrapper.bindService:473 android.bluetooth.BluetoothInputDevice.<init>:240 
W/ApplicationContext(17580): Calling a method in the system process without a qualified user: android.app.ContextImpl.bindService:1406 android.content.ContextWrapper.bindService:473 android.bluetooth.BluetoothPan.<init>:141 
W/ApplicationContext(17580): Calling a method in the system process without a qualified user: android.app.ContextImpl.bindService:1406 android.content.ContextWrapper.bindService:473 android.bluetooth.BluetoothPbap.<init>:161 
D/ConnectivityService(  449): Captive portal check NetworkInfo: type: WIFI[], state: CONNECTING/CAPTIVE_PORTAL_CHECK, reason: (unspecified), extra: "Gilma", roaming: false, failover: false, isAvailable: true
D/ConnectivityService(  449): Captive portal check NetworkInfo: type: WIFI[], state: CONNECTING/CAPTIVE_PORTAL_CHECK, reason: (unspecified), extra: "Gilma", roaming: false, failover: false, isAvailable: true
D/ConnectivityService(  449): ConnectivityChange for WIFI: CONNECTED/CONNECTED
D/ConnectivityService(  449): ConnectivityChange for WIFI: CONNECTED/CONNECTED
D/ConnectivityService(  449): handleConnectivityChange: address are the same reset per doReset linkProperty[1]: resetMask=0
W/InputMethodManagerService(  449): Starting input on non-focused client com.android.internal.view.IInputMethodClient$Stub$Proxy@429b9650 (uid=1000 pid=17580)
I/ActivityManager(  449): No longer want jp.co.omronsoft.iwnnime.ml (pid 17334): empty #17
I/ActivityManager(  449): Start proc com.google.android.apps.uploader for broadcast com.google.android.apps.uploader/com.google.android.picasasync.ConnectivityReceiver: pid=17673 uid=10035 gids={50035, 3003, 1015, 1028}
I/ActivityManager(  449): Start proc com.google.android.youtube for broadcast com.google.android.youtube/.app.prefetch.PrefetchService$DeviceStateReceiver: pid=17691 uid=10059 gids={50059, 3003, 1015, 1006, 1028}
I/ActivityManager(  449): No longer want com.google.android.gms (pid 17093): empty #17
I/ActivityManager(  449): START u0 {cmp=com.microsoft.hsg.android.custom/.CustomActivity} from pid 17487
I/ActivityManager(  449): Start proc com.google.android.gcm for broadcast com.google.android.gms/.gcm.ServiceAutoStarter: pid=17747 uid=10019 gids={50019, 3003, 1007, 1028, 1015, 2001, 3006}
I/ActivityManager(  449): No longer want net.nakvic.dromoris (pid 17258): empty #17
D/ConnectivityService(  449): handleInetConditionHoldEnd: net=1, condition=100, published condition=0
I/ActivityManager(  449): Start proc com.google.android.apps.walletnfcrel for broadcast com.google.android.apps.walletnfcrel/com.google.android.apps.wallet.util.WalletNetworkAccessReceiver: pid=17764 uid=10057 gids={50057, 3003, 1028}
I/ActivityManager(  449): No longer want com.google.android.partnersetup (pid 17395): empty #17
I/ActivityManager(  449): No longer want com.android.musicfx (pid 17320): empty #17
W/ActivityThread( 7570): Content provider com.android.providers.contacts.CallLogProvider already published as call_log
W/ActivityThread( 7570): Content provider com.android.providers.contacts.CallLogProvider already published as call_log
I/ActivityManager(  449): Start proc com.google.android.gms for broadcast com.google.android.gms/.recovery.AccountRecoveryService$Receiver: pid=17783 uid=10019 gids={50019, 3003, 1007, 1028, 1015, 2001, 3006}
I/ActivityManager(  449): Start proc com.google.android.talk for broadcast com.google.android.talk/.ConnectionStateOnlineReceiver: pid=17797 uid=10051 gids={50051, 3003, 1015, 1006, 1028, 3002}
I/ActivityManager(  449): No longer want com.google.android.apps.maps:FriendService (pid 17445): empty #17
I/ActivityManager(  449): No longer want com.facebook.katana:providers (pid 17530): empty #17
W/ActivityThread( 7570): Content provider com.android.providers.contacts.CallLogProvider already published as call_log
W/ActivityThread( 7570): Content provider com.android.providers.contacts.CallLogProvider already published as call_log
W/ActivityThread( 7570): Content provider com.android.providers.contacts.CallLogProvider already published as call_log
W/ActivityThread( 7570): Content provider com.android.providers.contacts.CallLogProvider already published as call_log
D/PhoneStatusBar(  576): disable: < expand icons alerts TICKER* SYSTEM_INFO* back home recent clock search >
W/ActivityThread( 7570): Content provider com.android.providers.contacts.CallLogProvider already published as call_log
W/ActivityThread( 7570): Content provider com.android.providers.contacts.CallLogProvider already published as call_log
I/ActivityManager(  449): START u0 {act=android.settings.WIFI_SETTINGS flg=0x14000000 cmp=com.android.settings/.Settings$WifiSettingsActivity} from pid 576
D/PhoneStatusBar(  576): disable: < expand icons alerts ticker* system_info* back home recent clock search >
W/ActivityThread( 7570): Content provider com.android.providers.contacts.CallLogProvider already published as call_log
W/ActivityThread( 7570): Content provider com.android.providers.contacts.CallLogProvider already published as call_log
D/WifiService(  449): setWifiEnabled: false pid=17580, uid=1000
D/ConnectivityService(  449): ConnectivityChange for WIFI: DISCONNECTED/DISCONNECTED
D/ConnectivityService(  449): Attempting to switch to BLUETOOTH_TETHER
D/ConnectivityService(  449): Attempting to switch to ETHERNET
D/ConnectivityService(  449): resetConnections(wlan0, 3)
D/ConnectivityService(  449): ConnectivityChange for WIFI: DISCONNECTED/DISCONNECTED
D/ConnectivityService(  449): Attempting to switch to BLUETOOTH_TETHER
D/ConnectivityService(  449): Attempting to switch to ETHERNET
D/ConnectivityService(  449): resetConnections(wlan0, 3)
D/ConnectivityService(  449): handleInetConditionChange: no active default network - ignore
D/ConnectivityService(  449): NetTransition Wakelock for WifiStateMachine released by timeout
W/InputMethodManagerService(  449): Window already focused, ignoring focus gain of: com.android.internal.view.IInputMethodClient$Stub$Proxy@4267fc70 attribute=null, token = android.os.BinderProxy@430860b8
D/PerformBackupTask(  449): starting agent for backup of BackupRequest{pkg=android}
D/BackupManagerService(  449): awaiting agent for ApplicationInfo{42276ad8 android}
D/BackupManagerService(  449): agentConnected pkg=android agent=android.app.backup.BackupAgent$BackupServiceBinder@4261acb8
I/PerformBackupTask(  449): Backup pass finished.
W/ActivityManager(  449): Unable to start service Intent { flg=0x4 cmp=com.facebook.katana/com.facebook.orca.sms.MmsSmsLogExternalMessagesLogic$MmsSmsLogExternalMessagesService (has extras) } U=0: not found
W/SocketClient(  123): write error (Broken pipe)
W/ThrottleService(  449): unable to find stats for iface rmnet0
I/ActivityManager(  449): No longer want com.android.vending (pid 17213): empty #17
D/PhoneStatusBar(  576): disable: < expand icons alerts TICKER* SYSTEM_INFO* back home recent clock search >
I/ActivityManager(  449): START u0 {act=android.settings.WIFI_SETTINGS flg=0x14000000 cmp=com.android.settings/.Settings$WifiSettingsActivity} from pid 576
D/PhoneStatusBar(  576): disable: < expand icons alerts ticker* system_info* back home recent clock search >
D/WifiService(  449): setWifiEnabled: true pid=17580, uid=1000
I/ActivityManager(  449): Start proc com.android.defcontainer for service com.android.defcontainer/.DefaultContainerService: pid=18336 uid=10011 gids={50011, 1015, 2001, 1028}
W/ActivityManager(  449): No content provider found for permission revoke: file:///data/local/tmp/AndroidCustomWrite-0.0.1-SNAPSHOT.apk
I/ActivityManager(  449): Start proc com.android.vending for broadcast com.android.vending/com.google.android.vending.verifier.PackageVerificationReceiver: pid=18350 uid=10043 gids={50043, 3003, 1015, 1028}
W/ActivityManager(  449): No content provider found for permission revoke: file:///data/local/tmp/AndroidCustomWrite-0.0.1-SNAPSHOT.apk
I/PackageManager(  449): Copying native libraries to /data/app-lib/vmdl1007400622
W/PackageManager(  449): Invalid verification token 18 received
I/ActivityManager(  449): Force stopping package com.microsoft.hsg.android.custom appid=10079 user=-1
I/ActivityManager(  449): Killing proc 17487:com.microsoft.hsg.android.custom/u0a10079: force stop com.microsoft.hsg.android.custom
I/PackageManager(  449): Package com.microsoft.hsg.android.custom codePath changed from /data/app/com.microsoft.hsg.android.custom-2.apk to /data/app/com.microsoft.hsg.android.custom-1.apk; Retaining data and using new
I/PackageManager(  449): Linking native library dir for /data/app/com.microsoft.hsg.android.custom-1.apk
D/ConnectivityService(  449): Captive portal check NetworkInfo: type: WIFI[], state: CONNECTING/CAPTIVE_PORTAL_CHECK, reason: (unspecified), extra: "Gilma", roaming: false, failover: false, isAvailable: true
D/ConnectivityService(  449): Captive portal check NetworkInfo: type: WIFI[], state: CONNECTING/CAPTIVE_PORTAL_CHECK, reason: (unspecified), extra: "Gilma", roaming: false, failover: false, isAvailable: true
D/ConnectivityService(  449): ConnectivityChange for WIFI: CONNECTED/CONNECTED
D/ConnectivityService(  449): ConnectivityChange for WIFI: CONNECTED/CONNECTED
D/ConnectivityService(  449): handleConnectivityChange: address are the same reset per doReset linkProperty[1]: resetMask=0
I/ActivityManager(  449): Force stopping package com.microsoft.hsg.android.custom appid=10079 user=-1
W/PackageManager(  449): Code path for pkg : com.microsoft.hsg.android.custom changing from /data/app/com.microsoft.hsg.android.custom-2.apk to /data/app/com.microsoft.hsg.android.custom-1.apk
W/PackageManager(  449): Resource path for pkg : com.microsoft.hsg.android.custom changing from /data/app/com.microsoft.hsg.android.custom-2.apk to /data/app/com.microsoft.hsg.android.custom-1.apk
I/ActivityManager(  449): Force stopping package com.microsoft.hsg.android.custom appid=10079 user=0
D/PerformBackupTask(  449): starting agent for backup of BackupRequest{pkg=android}
D/BackupManagerService(  449): awaiting agent for ApplicationInfo{42276ad8 android}
D/BackupManagerService(  449): agentConnected pkg=android agent=android.app.backup.BackupAgent$BackupServiceBinder@43bab630
D/PackageManager(  449): generateServicesMap() for 0
D/DevicePolicyManagerService(  449): Handling package changes for user 0
D/PackageManager(  449): generateServicesMap() for 0
D/PackageManager(  449): generateServicesMap() for 0
D/PackageManager(  449): generateServicesMap() for 0
I/ActivityManager(  449): Start proc net.nakvic.dromoris for broadcast net.nakvic.dromoris/.AppReceiver: pid=18430 uid=10078 gids={50078, 3003, 1006, 1015, 1028}
D/PerformBackupTask(  449): starting agent for backup of BackupRequest{pkg=com.android.providers.settings}
D/BackupManagerService(  449): awaiting agent for ApplicationInfo{42387f58 com.android.providers.settings}
D/BackupManagerService(  449): agentConnected pkg=com.android.providers.settings agent=android.app.backup.BackupAgent$BackupServiceBinder@426f9d88
I/PerformBackupTask(  449): Backup pass finished.
I/ActivityManager(  449): Start proc com.android.keychain for broadcast com.android.keychain/.KeyChainBroadcastReceiver: pid=18459 uid=1000 gids={41000, 1015, 1028, 3002, 3001, 3003, 3007}
W/ApplicationContext(18459): Calling a method in the system process without a qualified user: android.app.ContextImpl.startService:1352 android.content.ContextWrapper.startService:450 android.content.ContextWrapper.startService:450 
D/ConnectivityService(  449): handleInetConditionHoldEnd: net=1, condition=100, published condition=0
I/ActivityManager(  449): Start proc com.android.musicfx for broadcast com.android.musicfx/.Compatibility$Receiver: pid=18472 uid=10037 gids={50037, 3003, 3002, 1028}
I/ActivityManager(  449): Start proc jp.co.omronsoft.iwnnime.ml for broadcast jp.co.omronsoft.iwnnime.ml/.UninstallReceiver: pid=18486 uid=10060 gids={50060, 1028}
I/ActivityManager(  449): No longer want com.android.providers.calendar (pid 17070): empty #17
I/ActivityManager(  449): Start proc com.google.android.partnersetup for broadcast com.google.android.partnersetup/.RlzPingBroadcastReceiver: pid=18503 uid=10023 gids={50023, 3003, 1028}
I/ActivityManager(  449): No longer want com.google.android.talk (pid 17797): empty #17
I/ActivityManager(  449): No longer want com.android.defcontainer (pid 18336): empty #17
I/ActivityManager(  449): Start proc com.google.android.apps.maps:FriendService for broadcast com.google.android.apps.maps/com.google.googlenav.friend.android.ServiceReceiver: pid=18524 uid=10034 gids={50034, 3003, 1015, 1028}
I/ActivityManager(  449): No longer want com.google.android.apps.uploader (pid 17673): empty #17
I/ActivityManager(  449): Start proc com.google.android.talk for broadcast com.google.android.talk/.ConnectionStateOnlineReceiver: pid=18543 uid=10051 gids={50051, 3003, 1015, 1006, 1028, 3002}
I/ActivityManager(  449): No longer want com.google.android.youtube (pid 17691): empty #17
I/ActivityManager(  449): No longer want com.google.android.gcm (pid 17747): empty #17
W/ActivityThread( 7570): Content provider com.android.providers.contacts.CallLogProvider already published as call_log
W/ActivityThread( 7570): Content provider com.android.providers.contacts.CallLogProvider already published as call_log
W/ActivityThread( 7570): Content provider com.android.providers.contacts.CallLogProvider already published as call_log
W/ActivityThread( 7570): Content provider com.android.providers.contacts.CallLogProvider already published as call_log
W/ActivityThread( 7570): Content provider com.android.providers.contacts.CallLogProvider already published as call_log
W/ActivityThread( 7570): Content provider com.android.providers.contacts.CallLogProvider already published as call_log
I/ActivityManager(  449): Start proc com.google.android.gm for service com.google.android.gm/com.android.mail.widget.GmailWidgetService: pid=18599 uid=10018 gids={50018, 3003, 1015, 1028}
I/ActivityManager(  449): No longer want com.google.android.apps.walletnfcrel (pid 17764): empty #17
I/ActivityManager(  449): Start proc com.google.android.calendar for service com.google.android.calendar/com.android.calendar.widget.CalendarAppWidgetService: pid=18612 uid=10006 gids={50006, 3003, 1028}
I/ActivityManager(  449): Start proc com.android.providers.calendar for content provider com.android.providers.calendar/.CalendarProvider2: pid=18629 uid=10007 gids={50007, 3003, 1015, 1028}
D/ActivityThread(18599): Loading provider com.android.gmail.ui: com.google.android.gm.provider.UiProvider
I/ActivityManager(  449): No longer want com.android.keychain (pid 18459): empty #17
I/ActivityManager(  449): No longer want jp.co.omronsoft.iwnnime.ml (pid 18486): empty #17
I/ActivityManager(  449): START u0 {act=android.intent.action.MAIN cat=[android.intent.category.LAUNCHER] flg=0x10200000 cmp=com.microsoft.hsg.android.custom/.MainActivity} from pid 723
I/ActivityManager(  449): Start proc com.microsoft.hsg.android.custom for activity com.microsoft.hsg.android.custom/.MainActivity: pid=18681 uid=10079 gids={50079, 3003, 1028}
W/InputMethodManagerService(  449): Starting input on non-focused client com.android.internal.view.IInputMethodClient$Stub$Proxy@42a91020 (uid=10031 pid=723)
I/ActivityManager(  449): START u0 {cmp=com.microsoft.hsg.android.custom/.CustomActivity} from pid 18681
I/ActivityManager(  449): No longer want net.nakvic.dromoris (pid 18430): empty #17
D/PhoneStatusBar(  576): disable: < expand icons alerts TICKER* SYSTEM_INFO* back home recent clock search >
I/ActivityManager(  449): START u0 {act=android.settings.WIFI_SETTINGS flg=0x14000000 cmp=com.android.settings/.Settings$WifiSettingsActivity} from pid 576
D/PhoneStatusBar(  576): disable: < expand icons alerts ticker* system_info* back home recent clock search >
D/WifiService(  449): setWifiEnabled: false pid=17580, uid=1000
D/ConnectivityService(  449): ConnectivityChange for WIFI: DISCONNECTED/DISCONNECTED
D/ConnectivityService(  449): Attempting to switch to BLUETOOTH_TETHER
D/ConnectivityService(  449): Attempting to switch to ETHERNET
D/ConnectivityService(  449): resetConnections(wlan0, 3)
D/ConnectivityService(  449): ConnectivityChange for WIFI: DISCONNECTED/DISCONNECTED
D/ConnectivityService(  449): Attempting to switch to BLUETOOTH_TETHER
D/ConnectivityService(  449): Attempting to switch to ETHERNET
D/ConnectivityService(  449): resetConnections(wlan0, 3)
D/ConnectivityService(  449): handleInetConditionChange: no active default network - ignore
I/ActivityManager(  449): No longer want com.google.android.gallery3d (pid 17287): empty #17
I/ActivityManager(  449): Start proc com.google.android.gallery3d for broadcast com.google.android.gallery3d/com.google.android.picasasync.ConnectivityReceiver: pid=18730 uid=10017 gids={50017, 1006, 3003, 1015, 1028}
I/ActivityManager(  449): No longer want com.google.android.partnersetup (pid 18503): empty #17
I/ActivityManager(  449): Start proc com.google.android.apps.uploader for broadcast com.google.android.apps.uploader/com.google.android.picasasync.ConnectivityReceiver: pid=18747 uid=10035 gids={50035, 3003, 1015, 1028}
I/ActivityManager(  449): Start proc com.google.android.youtube for broadcast com.google.android.youtube/.app.prefetch.PrefetchService$DeviceStateReceiver: pid=18759 uid=10059 gids={50059, 3003, 1015, 1006, 1028}
I/ActivityManager(  449): No longer want com.android.musicfx (pid 18472): empty #17
I/ActivityManager(  449): Start proc com.google.android.gcm for broadcast com.google.android.gms/.gcm.ServiceAutoStarter: pid=18812 uid=10019 gids={50019, 3003, 1007, 1028, 1015, 2001, 3006}
I/ActivityManager(  449): No longer want com.google.android.apps.maps:FriendService (pid 18524): empty #17
I/ActivityManager(  449): Start proc com.google.android.apps.walletnfcrel for broadcast com.google.android.apps.walletnfcrel/com.google.android.apps.wallet.util.WalletNetworkAccessReceiver: pid=18829 uid=10057 gids={50057, 3003, 1028}
I/ActivityManager(  449): No longer want com.google.android.googlequicksearchbox (pid 17373): empty #17
I/ActivityManager(  449): No longer want com.google.android.talk (pid 18543): empty #17
D/ConnectivityService(  449): NetTransition Wakelock for WifiStateMachine released by timeout
W/InputMethodManagerService(  449): Window already focused, ignoring focus gain of: com.android.internal.view.IInputMethodClient$Stub$Proxy@42679e28 attribute=null, token = android.os.BinderProxy@43136c20
I/ActivityManager(  449): No longer want android.process.acore (pid 17271): empty #17
I/ActivityManager(  449): Config changed: {1.0 ?mcc?mnc en_US ldltr sw600dp w600dp h880dp 213dpi lrg port finger -keyb/v/h -nav/h s.31}
I/ActivityManager(  449): Start proc com.android.defcontainer for service com.android.defcontainer/.DefaultContainerService: pid=19288 uid=10011 gids={50011, 1015, 2001, 1028}
W/ActivityManager(  449): No content provider found for permission revoke: file:///data/local/tmp/AndroidCustomWrite-0.0.1-SNAPSHOT.apk
W/ActivityManager(  449): No content provider found for permission revoke: file:///data/local/tmp/AndroidCustomWrite-0.0.1-SNAPSHOT.apk
I/PackageManager(  449): Copying native libraries to /data/app-lib/vmdl257309722
W/PackageManager(  449): Invalid verification token 19 received
I/ActivityManager(  449): Force stopping package com.microsoft.hsg.android.custom appid=10079 user=-1
I/ActivityManager(  449): Killing proc 18681:com.microsoft.hsg.android.custom/u0a10079: force stop com.microsoft.hsg.android.custom
I/PackageManager(  449): Package com.microsoft.hsg.android.custom codePath changed from /data/app/com.microsoft.hsg.android.custom-1.apk to /data/app/com.microsoft.hsg.android.custom-2.apk; Retaining data and using new
I/PackageManager(  449): Linking native library dir for /data/app/com.microsoft.hsg.android.custom-2.apk
I/ActivityManager(  449): Force stopping package com.microsoft.hsg.android.custom appid=10079 user=-1
W/PackageManager(  449): Code path for pkg : com.microsoft.hsg.android.custom changing from /data/app/com.microsoft.hsg.android.custom-1.apk to /data/app/com.microsoft.hsg.android.custom-2.apk
