W/PackageManager(  449): Resource path for pkg : com.microsoft.hsg.android.custom changing from /data/app/com.microsoft.hsg.android.custom-1.apk to /data/app/com.microsoft.hsg.android.custom-2.apk
I/ActivityManager(  449): Force stopping package com.microsoft.hsg.android.custom appid=10079 user=0
D/PackageManager(  449): generateServicesMap() for 0
D/DevicePolicyManagerService(  449): Handling package changes for user 0
D/PackageManager(  449): generateServicesMap() for 0
D/PackageManager(  449): generateServicesMap() for 0
D/PackageManager(  449): generateServicesMap() for 0
I/ActivityManager(  449): Start proc net.nakvic.dromoris for broadcast net.nakvic.dromoris/.AppReceiver: pid=19313 uid=10078 gids={50078, 3003, 1006, 1015, 1028}
I/ActivityManager(  449): Start proc android.process.acore for broadcast com.android.providers.contacts/.PackageIntentReceiver: pid=19329 uid=10000 gids={50000, 3003, 1015, 1028}
I/ActivityManager(  449): No longer want com.google.android.calendar (pid 18612): empty #17
I/ActivityManager(  449): Start proc com.android.keychain for broadcast com.android.keychain/.KeyChainBroadcastReceiver: pid=19346 uid=1000 gids={41000, 1015, 1028, 3002, 3001, 3003, 3007}
I/ActivityManager(  449): No longer want com.android.providers.calendar (pid 18629): empty #17
W/ApplicationContext(19346): Calling a method in the system process without a qualified user: android.app.ContextImpl.startService:1352 android.content.ContextWrapper.startService:450 android.content.ContextWrapper.startService:450 
I/ActivityManager(  449): Start proc com.android.musicfx for broadcast com.android.musicfx/.Compatibility$Receiver: pid=19359 uid=10037 gids={50037, 3003, 3002, 1028}
I/ActivityManager(  449): No longer want com.android.settings (pid 17580): empty #17
I/ActivityManager(  449): Start proc jp.co.omronsoft.iwnnime.ml for broadcast jp.co.omronsoft.iwnnime.ml/.UninstallReceiver: pid=19373 uid=10060 gids={50060, 1028}
I/ActivityManager(  449): No longer want com.google.android.apps.uploader (pid 18747): empty #17
I/ActivityManager(  449): No longer want com.google.android.youtube (pid 18759): empty #17
I/ActivityManager(  449): Start proc com.google.android.googlequicksearchbox for broadcast com.google.android.googlequicksearchbox/com.google.android.apps.sidekick.GmmLocationProviderImpl$GmmPackageWatcher: pid=19387 uid=10053 gids={50053, 3003, 1028, 1007, 3002, 1015, 1006}
I/ActivityManager(  449): Start proc com.google.android.partnersetup for content provider com.google.android.partnersetup/.RlzAppProvider: pid=19403 uid=10023 gids={50023, 3003, 1028}
I/ActivityManager(  449): No longer want com.google.android.gcm (pid 18812): empty #17
I/ActivityManager(  449): Start proc com.google.android.apps.maps:FriendService for broadcast com.google.android.apps.maps/com.google.googlenav.friend.android.ServiceReceiver: pid=19440 uid=10034 gids={50034, 3003, 1015, 1028}
I/ActivityManager(  449): Config changed: {1.0 ?mcc?mnc en_US ldltr sw600dp w961dp h528dp 213dpi lrg land finger -keyb/v/h -nav/h s.32}
I/ActivityManager(  449): Start proc com.android.providers.calendar for content provider com.android.providers.calendar/.CalendarProvider2: pid=19458 uid=10007 gids={50007, 3003, 1015, 1028}
I/ActivityManager(  449): No longer want com.google.android.apps.walletnfcrel (pid 18829): empty #17
W/ActivityThread( 7570): Content provider com.android.providers.contacts.CallLogProvider already published as call_log
W/ActivityThread( 7570): Content provider com.android.providers.contacts.CallLogProvider already published as call_log
W/ActivityThread( 7570): Content provider com.android.providers.contacts.CallLogProvider already published as call_log
W/ActivityThread( 7570): Content provider com.android.providers.contacts.CallLogProvider already published as call_log
I/ActivityManager(  449): Start proc com.google.android.calendar for broadcast com.google.android.calendar/com.android.calendar.alerts.AlertReceiver: pid=19489 uid=10006 gids={50006, 3003, 1028}
I/ActivityManager(  449): No longer want com.google.android.gm (pid 18599): empty #17
I/ActivityManager(  449): Config changed: {1.0 ?mcc?mnc en_US ldltr sw600dp w600dp h880dp 213dpi lrg port finger -keyb/v/h -nav/h s.33}
D/PhoneStatusBar(  576): disable: < expand icons alerts TICKER* SYSTEM_INFO* back home recent clock search >
I/ActivityManager(  449): START u0 {act=android.settings.WIFI_SETTINGS flg=0x14000000 cmp=com.android.settings/.Settings$WifiSettingsActivity} from pid 576
I/ActivityManager(  449): Start proc com.android.settings for activity com.android.settings/.Settings$WifiSettingsActivity: pid=19522 uid=1000 gids={41000, 1015, 1028, 3002, 3001, 3003, 3007}
D/PhoneStatusBar(  576): disable: < expand icons alerts ticker* system_info* back home recent clock search >
W/ActivityManager(  449): Unable to start service Intent { act=com.google.android.gms.analytics.service.START (has extras) } U=0: not found
I/ActivityManager(  449): No longer want com.android.keychain (pid 19346): empty #17
I/ActivityManager(  449): No longer want com.android.defcontainer (pid 19288): empty #18
I/ActivityManager(  449): No longer want jp.co.omronsoft.iwnnime.ml (pid 19373): empty #17
W/ActivityManager(  449): Unable to start service Intent { act=com.google.android.gms.analytics.service.START (has extras) } U=0: not found
D/PhoneStatusBar(  576): disable: < expand icons alerts TICKER* SYSTEM_INFO* back home recent clock search >
I/ActivityManager(  449): START u0 {act=android.settings.WIFI_SETTINGS flg=0x14000000 cmp=com.android.settings/.Settings$WifiSettingsActivity} from pid 576
D/PhoneStatusBar(  576): disable: < expand icons alerts ticker* system_info* back home recent clock search >
D/WifiService(  449): setWifiEnabled: true pid=19522, uid=1000
W/ApplicationContext(19522): Calling a method in the system process without a qualified user: android.app.ContextImpl.bindService:1406 android.content.ContextWrapper.bindService:473 android.bluetooth.BluetoothInputDevice.<init>:240 
W/ApplicationContext(19522): Calling a method in the system process without a qualified user: android.app.ContextImpl.bindService:1406 android.content.ContextWrapper.bindService:473 android.bluetooth.BluetoothPan.<init>:141 
W/ApplicationContext(19522): Calling a method in the system process without a qualified user: android.app.ContextImpl.bindService:1406 android.content.ContextWrapper.bindService:473 android.bluetooth.BluetoothPbap.<init>:161 
D/ConnectivityService(  449): Captive portal check NetworkInfo: type: WIFI[], state: CONNECTING/CAPTIVE_PORTAL_CHECK, reason: (unspecified), extra: "Gilma", roaming: false, failover: false, isAvailable: true
D/ConnectivityService(  449): Captive portal check NetworkInfo: type: WIFI[], state: CONNECTING/CAPTIVE_PORTAL_CHECK, reason: (unspecified), extra: "Gilma", roaming: false, failover: false, isAvailable: true
D/ConnectivityService(  449): ConnectivityChange for WIFI: CONNECTED/CONNECTED
D/ConnectivityService(  449): ConnectivityChange for WIFI: CONNECTED/CONNECTED
D/ConnectivityService(  449): handleConnectivityChange: address are the same reset per doReset linkProperty[1]: resetMask=0
I/ActivityManager(  449): Start proc com.google.android.apps.uploader for broadcast com.google.android.apps.uploader/com.google.android.picasasync.ConnectivityReceiver: pid=19633 uid=10035 gids={50035, 3003, 1015, 1028}
I/ActivityManager(  449): Start proc com.google.android.youtube for broadcast com.google.android.youtube/.app.prefetch.PrefetchService$DeviceStateReceiver: pid=19651 uid=10059 gids={50059, 3003, 1015, 1006, 1028}
I/ActivityManager(  449): No longer want com.google.android.gms (pid 17783): empty #17
I/ActivityManager(  449): START u0 {act=android.intent.action.MAIN cat=[android.intent.category.LAUNCHER] flg=0x10200000 cmp=com.microsoft.hsg.android.custom/.MainActivity} from pid 723
I/ActivityManager(  449): Start proc com.microsoft.hsg.android.custom for activity com.microsoft.hsg.android.custom/.MainActivity: pid=19673 uid=10079 gids={50079, 3003, 1028}
I/ActivityManager(  449): Start proc com.google.android.gcm for broadcast com.google.android.gms/.gcm.ServiceAutoStarter: pid=19713 uid=10019 gids={50019, 3003, 1007, 1028, 1015, 2001, 3006}
I/ActivityManager(  449): No longer want net.nakvic.dromoris (pid 19313): empty #17
I/ActivityManager(  449): Start proc com.google.android.apps.walletnfcrel for broadcast com.google.android.apps.walletnfcrel/com.google.android.apps.wallet.util.WalletNetworkAccessReceiver: pid=19729 uid=10057 gids={50057, 3003, 1028}
I/ActivityManager(  449): No longer want com.google.android.gsf.login (pid 17410): empty #17
I/ActivityManager(  449): No longer want com.google.android.partnersetup (pid 19403): empty #17
W/ActivityThread( 7570): Content provider com.android.providers.contacts.CallLogProvider already published as call_log
I/ActivityManager(  449): Start proc com.google.android.gms for broadcast com.google.android.gms/.recovery.AccountRecoveryService$Receiver: pid=19746 uid=10019 gids={50019, 3003, 1007, 1028, 1015, 2001, 3006}
W/ActivityThread( 7570): Content provider com.android.providers.contacts.CallLogProvider already published as call_log
I/ActivityManager(  449): Start proc com.google.android.gsf.login for service com.google.android.gms/.recovery.AccountRecoveryService: pid=19759 uid=10019 gids={50019, 3003, 1007, 1028, 1015, 2001, 3006}
I/ActivityManager(  449): No longer want com.android.musicfx (pid 19359): empty #17
D/ConnectivityService(  449): handleInetConditionHoldEnd: net=1, condition=100, published condition=0
I/ActivityManager(  449): No longer want com.google.android.apps.maps:FriendService (pid 19440): empty #17
I/ActivityManager(  449): Start proc com.google.android.talk for broadcast com.google.android.talk/.ConnectionStateOnlineReceiver: pid=19778 uid=10051 gids={50051, 3003, 1015, 1006, 1028, 3002}
W/ActivityThread( 7570): Content provider com.android.providers.contacts.CallLogProvider already published as call_log
W/ActivityThread( 7570): Content provider com.android.providers.contacts.CallLogProvider already published as call_log
I/ActivityManager(  449): START u0 {cmp=com.microsoft.hsg.android.custom/.CustomActivity} from pid 19673
I/ActivityManager(  449): No longer want com.google.android.calendar (pid 19489): empty #17
D/PhoneStatusBar(  576): disable: < expand icons alerts TICKER* SYSTEM_INFO* back home recent clock search >
I/ActivityManager(  449): START u0 {act=android.settings.WIFI_SETTINGS flg=0x14000000 cmp=com.android.settings/.Settings$WifiSettingsActivity} from pid 576
D/PhoneStatusBar(  576): disable: < expand icons alerts ticker* system_info* back home recent clock search >
D/WifiService(  449): setWifiEnabled: false pid=19522, uid=1000
D/ConnectivityService(  449): ConnectivityChange for WIFI: DISCONNECTED/DISCONNECTED
D/ConnectivityService(  449): Attempting to switch to BLUETOOTH_TETHER
D/ConnectivityService(  449): Attempting to switch to ETHERNET
D/ConnectivityService(  449): resetConnections(wlan0, 3)
D/ConnectivityService(  449): ConnectivityChange for WIFI: DISCONNECTED/DISCONNECTED
D/ConnectivityService(  449): Attempting to switch to BLUETOOTH_TETHER
D/ConnectivityService(  449): Attempting to switch to ETHERNET
D/ConnectivityService(  449): resetConnections(wlan0, 3)
D/ConnectivityService(  449): handleInetConditionChange: no active default network - ignore
W/InputMethodManagerService(  449): Window already focused, ignoring focus gain of: com.android.internal.view.IInputMethodClient$Stub$Proxy@427d1d08 attribute=null, token = android.os.BinderProxy@426f00a0
D/ConnectivityService(  449): NetTransition Wakelock for WifiStateMachine released by timeout
W/ThrottleService(  449): unable to find stats for iface rmnet0
I/ActivityManager(  449): No longer want com.google.android.apps.maps (pid 10964): empty #17
W/ActivityManager(  449): Scheduling restart of crashed service com.google.android.apps.maps/com.google.googlenav.prefetch.android.PrefetcherService in 5000ms
I/ActivityManager(  449): Start proc com.google.android.apps.maps for service com.google.android.apps.maps/com.google.googlenav.prefetch.android.PrefetcherService: pid=20121 uid=10034 gids={50034, 3003, 1015, 1028}
I/ActivityManager(  449): No longer want com.android.providers.calendar (pid 19458): empty #17
D/PhoneStatusBar(  576): disable: < expand icons alerts TICKER* SYSTEM_INFO* back home recent clock search >
I/ActivityManager(  449): START u0 {act=android.settings.WIFI_SETTINGS flg=0x14000000 cmp=com.android.settings/.Settings$WifiSettingsActivity} from pid 576
D/PhoneStatusBar(  576): disable: < expand icons alerts ticker* system_info* back home recent clock search >
D/WifiService(  449): setWifiEnabled: true pid=19522, uid=1000
D/PhoneStatusBar(  576): disable: < expand icons alerts TICKER* SYSTEM_INFO* back home recent clock search >
I/ActivityManager(  449): START u0 {act=android.settings.WIFI_SETTINGS flg=0x14000000 cmp=com.android.settings/.Settings$WifiSettingsActivity} from pid 576
D/PhoneStatusBar(  576): disable: < expand icons alerts ticker* system_info* back home recent clock search >
D/ConnectivityService(  449): Captive portal check NetworkInfo: type: WIFI[], state: CONNECTING/CAPTIVE_PORTAL_CHECK, reason: (unspecified), extra: "Gilma", roaming: false, failover: false, isAvailable: true
D/ConnectivityService(  449): Captive portal check NetworkInfo: type: WIFI[], state: CONNECTING/CAPTIVE_PORTAL_CHECK, reason: (unspecified), extra: "Gilma", roaming: false, failover: false, isAvailable: true
D/ConnectivityService(  449): ConnectivityChange for WIFI: CONNECTED/CONNECTED
D/ConnectivityService(  449): ConnectivityChange for WIFI: CONNECTED/CONNECTED
D/ConnectivityService(  449): handleConnectivityChange: address are the same reset per doReset linkProperty[1]: resetMask=0
D/ConnectivityService(  449): handleInetConditionHoldEnd: net=1, condition=100, published condition=0
I/ActivityManager(  449): Start proc com.android.defcontainer for service com.android.defcontainer/.DefaultContainerService: pid=20292 uid=10011 gids={50011, 1015, 2001, 1028}
W/ActivityManager(  449): No content provider found for permission revoke: file:///data/local/tmp/AndroidCustomWrite-0.0.1-SNAPSHOT.apk
W/ActivityManager(  449): No content provider found for permission revoke: file:///data/local/tmp/AndroidCustomWrite-0.0.1-SNAPSHOT.apk
I/PackageManager(  449): Copying native libraries to /data/app-lib/vmdl-2004549948
I/ActivityManager(  449): Force stopping package com.microsoft.hsg.android.custom appid=10079 user=-1
I/ActivityManager(  449): Killing proc 19673:com.microsoft.hsg.android.custom/u0a10079: force stop com.microsoft.hsg.android.custom
I/PackageManager(  449): Package com.microsoft.hsg.android.custom codePath changed from /data/app/com.microsoft.hsg.android.custom-2.apk to /data/app/com.microsoft.hsg.android.custom-1.apk; Retaining data and using new
I/PackageManager(  449): Linking native library dir for /data/app/com.microsoft.hsg.android.custom-1.apk
I/ActivityManager(  449): Force stopping package com.microsoft.hsg.android.custom appid=10079 user=-1
W/PackageManager(  449): Code path for pkg : com.microsoft.hsg.android.custom changing from /data/app/com.microsoft.hsg.android.custom-2.apk to /data/app/com.microsoft.hsg.android.custom-1.apk
W/PackageManager(  449): Resource path for pkg : com.microsoft.hsg.android.custom changing from /data/app/com.microsoft.hsg.android.custom-2.apk to /data/app/com.microsoft.hsg.android.custom-1.apk
I/ActivityManager(  449): Force stopping package com.microsoft.hsg.android.custom appid=10079 user=0
D/PackageManager(  449): generateServicesMap() for 0
D/DevicePolicyManagerService(  449): Handling package changes for user 0
D/PackageManager(  449): generateServicesMap() for 0
D/PackageManager(  449): generateServicesMap() for 0
D/PackageManager(  449): generateServicesMap() for 0
I/ActivityManager(  449): Start proc net.nakvic.dromoris for broadcast net.nakvic.dromoris/.AppReceiver: pid=20313 uid=10078 gids={50078, 3003, 1006, 1015, 1028}
I/ActivityManager(  449): Start proc com.android.keychain for broadcast com.android.keychain/.KeyChainBroadcastReceiver: pid=20333 uid=1000 gids={41000, 1015, 1028, 3002, 3001, 3003, 3007}
W/ApplicationContext(20333): Calling a method in the system process without a qualified user: android.app.ContextImpl.startService:1352 android.content.ContextWrapper.startService:450 android.content.ContextWrapper.startService:450 
I/ActivityManager(  449): Start proc com.android.musicfx for broadcast com.android.musicfx/.Compatibility$Receiver: pid=20350 uid=10037 gids={50037, 3003, 3002, 1028}
I/ActivityManager(  449): No longer want com.google.android.gsf.login (pid 19759): empty #17
I/ActivityManager(  449): Start proc jp.co.omronsoft.iwnnime.ml for broadcast jp.co.omronsoft.iwnnime.ml/.UninstallReceiver: pid=20367 uid=10060 gids={50060, 1028}
I/ActivityManager(  449): No longer want com.google.android.gms (pid 19746): empty #17
I/ActivityManager(  449): No longer want com.google.android.googlequicksearchbox (pid 19387): empty #17
I/ActivityManager(  449): Start proc com.google.android.gms for broadcast com.google.android.gms/.common.receiver.SystemBroadcastReceiver: pid=20380 uid=10019 gids={50019, 3003, 1007, 1028, 1015, 2001, 3006}
I/ActivityManager(  449): Start proc com.google.android.googlequicksearchbox for broadcast com.google.android.googlequicksearchbox/com.google.android.apps.sidekick.GmmLocationProviderImpl$GmmPackageWatcher: pid=20395 uid=10053 gids={50053, 3003, 1028, 1007, 3002, 1015, 1006}
I/ActivityManager(  449): No longer want com.google.android.apps.uploader (pid 19633): empty #17
I/ActivityManager(  449): Start proc com.google.android.partnersetup for content provider com.google.android.partnersetup/.RlzAppProvider: pid=20418 uid=10023 gids={50023, 3003, 1028}
I/ActivityManager(  449): Start proc com.google.android.gsf.login for service com.google.android.gsf.login/com.google.android.gsf.loginservice.GoogleLoginService: pid=20434 uid=10019 gids={50019, 3003, 1007, 1028, 1015, 2001, 3006}
I/ActivityManager(  449): No longer want com.google.android.gcm (pid 19713): empty #17
I/ActivityManager(  449): No longer want com.google.android.youtube (pid 19651): empty #18
I/ActivityManager(  449): Start proc com.google.android.apps.maps:FriendService for broadcast com.google.android.apps.maps/com.google.googlenav.friend.android.ServiceReceiver: pid=20466 uid=10034 gids={50034, 3003, 1015, 1028}
I/ActivityManager(  449): Start proc com.android.providers.calendar for content provider com.android.providers.calendar/.CalendarProvider2: pid=20483 uid=10007 gids={50007, 3003, 1015, 1028}
W/ActivityThread( 7570): Content provider com.android.providers.contacts.CallLogProvider already published as call_log
W/ActivityThread( 7570): Content provider com.android.providers.contacts.CallLogProvider already published as call_log
I/ActivityManager(  449): No longer want com.google.android.apps.walletnfcrel (pid 19729): empty #17
I/ActivityManager(  449): Start proc com.google.android.calendar for broadcast com.google.android.calendar/com.android.calendar.alerts.AlertReceiver: pid=20508 uid=10006 gids={50006, 3003, 1028}
I/ActivityManager(  449): No longer want com.google.android.talk (pid 19778): empty #17
W/ActivityThread( 7570): Content provider com.android.providers.contacts.CallLogProvider already published as call_log
W/ActivityThread( 7570): Content provider com.android.providers.contacts.CallLogProvider already published as call_log
W/ActivityThread( 7570): Content provider com.android.providers.contacts.CallLogProvider already published as call_log
W/ActivityThread( 7570): Content provider com.android.providers.contacts.CallLogProvider already published as call_log
W/ActivityManager(  449): Unable to start service Intent { act=com.google.android.gms.analytics.service.START (has extras) } U=0: not found
I/ActivityManager(  449): No longer want com.android.keychain (pid 20333): empty #17
I/ActivityManager(  449): No longer want com.android.defcontainer (pid 20292): empty #18
W/ActivityManager(  449): Unable to start service Intent { act=com.google.android.gms.analytics.service.START (has extras) } U=0: not found
I/ActivityManager(  449): Start proc com.google.android.gm for service com.google.android.gm/com.android.mail.widget.GmailWidgetService: pid=20565 uid=10018 gids={50018, 3003, 1015, 1028}
D/ActivityThread(20565): Loading provider com.android.gmail.ui: com.google.android.gm.provider.UiProvider
I/ActivityManager(  449): START u0 {act=android.intent.action.MAIN cat=[android.intent.category.LAUNCHER] flg=0x10200000 cmp=com.microsoft.hsg.android.custom/.MainActivity} from pid 723
I/ActivityManager(  449): Start proc com.microsoft.hsg.android.custom for activity com.microsoft.hsg.android.custom/.MainActivity: pid=20616 uid=10079 gids={50079, 3003, 1028}
W/InputMethodManagerService(  449): Starting input on non-focused client com.android.internal.view.IInputMethodClient$Stub$Proxy@42a91020 (uid=10031 pid=723)
I/ActivityManager(  449): START u0 {cmp=com.microsoft.hsg.android.custom/.CustomActivity} from pid 20616
I/ActivityManager(  449): No longer want com.android.settings (pid 19522): empty #17
D/PhoneStatusBar(  576): disable: < expand icons alerts TICKER* SYSTEM_INFO* back home recent clock search >
I/ActivityManager(  449): START u0 {act=android.settings.WIFI_SETTINGS flg=0x14000000 cmp=com.android.settings/.Settings$WifiSettingsActivity} from pid 576
I/ActivityManager(  449): Start proc com.android.settings for activity com.android.settings/.Settings$WifiSettingsActivity: pid=20640 uid=1000 gids={41000, 1015, 1028, 3002, 3001, 3003, 3007}
D/PhoneStatusBar(  576): disable: < expand icons alerts ticker* system_info* back home recent clock search >
D/WifiService(  449): setWifiEnabled: false pid=20640, uid=1000
D/ConnectivityService(  449): ConnectivityChange for WIFI: DISCONNECTED/DISCONNECTED
D/ConnectivityService(  449): Attempting to switch to BLUETOOTH_TETHER
D/ConnectivityService(  449): Attempting to switch to ETHERNET
D/ConnectivityService(  449): resetConnections(wlan0, 3)
W/ApplicationContext(20640): Calling a method in the system process without a qualified user: android.app.ContextImpl.bindService:1406 android.content.ContextWrapper.bindService:473 android.bluetooth.BluetoothInputDevice.<init>:240 
W/ApplicationContext(20640): Calling a method in the system process without a qualified user: android.app.ContextImpl.bindService:1406 android.content.ContextWrapper.bindService:473 android.bluetooth.BluetoothPan.<init>:141 
W/ApplicationContext(20640): Calling a method in the system process without a qualified user: android.app.ContextImpl.bindService:1406 android.content.ContextWrapper.bindService:473 android.bluetooth.BluetoothPbap.<init>:161 
D/ConnectivityService(  449): ConnectivityChange for WIFI: DISCONNECTED/DISCONNECTED
D/ConnectivityService(  449): Attempting to switch to BLUETOOTH_TETHER
D/ConnectivityService(  449): Attempting to switch to ETHERNET
D/ConnectivityService(  449): resetConnections(wlan0, 3)
D/ConnectivityService(  449): handleInetConditionChange: no active default network - ignore
I/ActivityManager(  449): No longer want jp.co.omronsoft.iwnnime.ml (pid 20367): empty #17
I/ActivityManager(  449): No longer want net.nakvic.dromoris (pid 20313): empty #17
I/ActivityManager(  449): Start proc com.google.android.apps.uploader for broadcast com.google.android.apps.uploader/com.google.android.picasasync.ConnectivityReceiver: pid=20674 uid=10035 gids={50035, 3003, 1015, 1028}
I/ActivityManager(  449): Start proc com.google.android.youtube for broadcast com.google.android.youtube/.app.prefetch.PrefetchService$DeviceStateReceiver: pid=20687 uid=10059 gids={50059, 3003, 1015, 1006, 1028}
I/ActivityManager(  449): No longer want com.google.android.apps.plus (pid 17348): empty #17
I/ActivityManager(  449): Start proc com.google.android.gcm for broadcast com.google.android.gms/.gcm.ServiceAutoStarter: pid=20734 uid=10019 gids={50019, 3003, 1007, 1028, 1015, 2001, 3006}
I/ActivityManager(  449): No longer want com.google.android.partnersetup (pid 20418): empty #17
I/ActivityManager(  449): Start proc com.google.android.apps.plus for broadcast com.google.android.apps.plus/.service.ConnectivityReceiver: pid=20749 uid=10044 gids={50044, 3003, 3002, 1015, 1006, 1028}
I/ActivityManager(  449): No longer want com.android.musicfx (pid 20350): empty #17
I/ActivityManager(  449): Start proc com.google.android.apps.walletnfcrel for broadcast com.google.android.apps.walletnfcrel/com.google.android.apps.wallet.util.WalletNetworkAccessReceiver: pid=20770 uid=10057 gids={50057, 3003, 1028}
I/ActivityManager(  449): No longer want com.google.android.apps.maps:FriendService (pid 20466): empty #17
I/ActivityManager(  449): No longer want com.google.android.googlequicksearchbox (pid 20395): empty #17
W/InputMethodManagerService(  449): Window already focused, ignoring focus gain of: com.android.internal.view.IInputMethodClient$Stub$Proxy@42a85970 attribute=null, token = android.os.BinderProxy@43131cb8
D/ConnectivityService(  449): NetTransition Wakelock for WifiStateMachine released by timeout
W/InputMethodManagerService(  449): Window already focused, ignoring focus gain of: com.android.internal.view.IInputMethodClient$Stub$Proxy@42977840 attribute=null, token = android.os.BinderProxy@43131cb8
D/PhoneStatusBar(  576): disable: < expand icons alerts TICKER* SYSTEM_INFO* back home recent clock search >
I/ActivityManager(  449): START u0 {act=android.settings.WIFI_SETTINGS flg=0x14000000 cmp=com.android.settings/.Settings$WifiSettingsActivity} from pid 576
D/PhoneStatusBar(  576): disable: < expand icons alerts ticker* system_info* back home recent clock search >
D/WifiService(  449): setWifiEnabled: true pid=20640, uid=1000
I/ActivityManager(  449): No longer want android.process.acore (pid 19329): empty #17
D/ConnectivityService(  449): Captive portal check NetworkInfo: type: WIFI[], state: CONNECTING/CAPTIVE_PORTAL_CHECK, reason: (unspecified), extra: "Gilma", roaming: false, failover: false, isAvailable: true
D/ConnectivityService(  449): Captive portal check NetworkInfo: type: WIFI[], state: CONNECTING/CAPTIVE_PORTAL_CHECK, reason: (unspecified), extra: "Gilma", roaming: false, failover: false, isAvailable: true
D/ConnectivityService(  449): ConnectivityChange for WIFI: CONNECTED/CONNECTED
D/ConnectivityService(  449): ConnectivityChange for WIFI: CONNECTED/CONNECTED
D/ConnectivityService(  449): handleConnectivityChange: address are the same reset per doReset linkProperty[1]: resetMask=0
I/ActivityManager(  449): Start proc android.process.acore for content provider com.android.providers.contacts/.ContactsProvider2: pid=21145 uid=10000 gids={50000, 3003, 1015, 1028}
I/ActivityManager(  449): No longer want com.android.vending (pid 18350): empty #17
D/ConnectivityService(  449): handleInetConditionHoldEnd: net=1, condition=100, published condition=0
I/ActivityManager(  449): Start proc com.google.android.talk for broadcast com.google.android.talk/.ConnectionStateOnlineReceiver: pid=21161 uid=10051 gids={50051, 3003, 1015, 1006, 1028, 3002}
I/ActivityManager(  449): No longer want com.google.android.calendar (pid 20508): empty #17
I/ActivityManager(  449): Start proc com.android.defcontainer for service com.android.defcontainer/.DefaultContainerService: pid=21212 uid=10011 gids={50011, 1015, 2001, 1028}
W/ActivityManager(  449): No content provider found for permission revoke: file:///data/local/tmp/AndroidCustomWrite-0.0.1-SNAPSHOT.apk
I/ActivityManager(  449): Start proc com.android.vending for broadcast com.android.vending/com.google.android.vending.verifier.PackageVerificationReceiver: pid=21225 uid=10043 gids={50043, 3003, 1015, 1028}
I/ActivityManager(  449): No longer want com.android.providers.calendar (pid 20483): empty #17
W/ActivityManager(  449): No content provider found for permission revoke: file:///data/local/tmp/AndroidCustomWrite-0.0.1-SNAPSHOT.apk
I/PackageManager(  449): Copying native libraries to /data/app-lib/vmdl1057211566
I/ActivityManager(  449): Force stopping package com.microsoft.hsg.android.custom appid=10079 user=-1
I/ActivityManager(  449): Killing proc 20616:com.microsoft.hsg.android.custom/u0a10079: force stop com.microsoft.hsg.android.custom
I/PackageManager(  449): Package com.microsoft.hsg.android.custom codePath changed from /data/app/com.microsoft.hsg.android.custom-1.apk to /data/app/com.microsoft.hsg.android.custom-2.apk; Retaining data and using new
I/PackageManager(  449): Linking native library dir for /data/app/com.microsoft.hsg.android.custom-2.apk
I/ActivityManager(  449): Force stopping package com.microsoft.hsg.android.custom appid=10079 user=-1
W/PackageManager(  449): Code path for pkg : com.microsoft.hsg.android.custom changing from /data/app/com.microsoft.hsg.android.custom-1.apk to /data/app/com.microsoft.hsg.android.custom-2.apk
W/PackageManager(  449): Resource path for pkg : com.microsoft.hsg.android.custom changing from /data/app/com.microsoft.hsg.android.custom-1.apk to /data/app/com.microsoft.hsg.android.custom-2.apk
I/ActivityManager(  449): Force stopping package com.microsoft.hsg.android.custom appid=10079 user=0
D/PackageManager(  449): generateServicesMap() for 0
D/DevicePolicyManagerService(  449): Handling package changes for user 0
D/PackageManager(  449): generateServicesMap() for 0
D/PackageManager(  449): generateServicesMap() for 0
D/PackageManager(  449): generateServicesMap() for 0
I/ActivityManager(  449): Start proc net.nakvic.dromoris for broadcast net.nakvic.dromoris/.AppReceiver: pid=21265 uid=10078 gids={50078, 3003, 1006, 1015, 1028}
I/ActivityManager(  449): Start proc com.android.keychain for broadcast com.android.keychain/.KeyChainBroadcastReceiver: pid=21279 uid=1000 gids={41000, 1015, 1028, 3002, 3001, 3003, 3007}
W/ApplicationContext(21279): Calling a method in the system process without a qualified user: android.app.ContextImpl.startService:1352 android.content.ContextWrapper.startService:450 android.content.ContextWrapper.startService:450 
I/ActivityManager(  449): Start proc com.android.musicfx for broadcast com.android.musicfx/.Compatibility$Receiver: pid=21292 uid=10037 gids={50037, 3003, 3002, 1028}
I/ActivityManager(  449): Start proc jp.co.omronsoft.iwnnime.ml for broadcast jp.co.omronsoft.iwnnime.ml/.UninstallReceiver: pid=21305 uid=10060 gids={50060, 1028}
I/ActivityManager(  449): No longer want com.google.android.gsf.login (pid 20434): empty #17
I/ActivityManager(  449): No longer want com.google.android.gms (pid 20380): empty #17
I/ActivityManager(  449): No longer want com.google.android.gm (pid 20565): empty #17
I/ActivityManager(  449): No longer want com.android.settings (pid 20640): empty #17
I/ActivityManager(  449): Start proc com.google.android.gms for broadcast com.google.android.gms/.common.receiver.SystemBroadcastReceiver: pid=21329 uid=10019 gids={50019, 3003, 1007, 1028, 1015, 2001, 3006}
I/ActivityManager(  449): Start proc com.google.android.googlequicksearchbox for broadcast com.google.android.googlequicksearchbox/com.google.android.apps.sidekick.GmmLocationProviderImpl$GmmPackageWatcher: pid=21349 uid=10053 gids={50053, 3003, 1028, 1007, 3002, 1015, 1006}
I/ActivityManager(  449): Start proc com.google.android.partnersetup for content provider com.google.android.partnersetup/.RlzAppProvider: pid=21369 uid=10023 gids={50023, 3003, 1028}
I/ActivityManager(  449): Start proc com.google.android.gsf.login for service com.google.android.gsf.login/com.google.android.gsf.loginservice.GoogleLoginService: pid=21385 uid=10019 gids={50019, 3003, 1007, 1028, 1015, 2001, 3006}
I/ActivityManager(  449): No longer want com.google.android.apps.uploader (pid 20674): empty #17
I/ActivityManager(  449): No longer want com.google.android.gcm (pid 20734): empty #17
I/ActivityManager(  449): No longer want com.google.android.youtube (pid 20687): empty #18
I/ActivityManager(  449): Start proc com.google.android.apps.maps:FriendService for broadcast com.google.android.apps.maps/com.google.googlenav.friend.android.ServiceReceiver: pid=21422 uid=10034 gids={50034, 3003, 1015, 1028}
W/ActivityThread( 7570): Content provider com.android.providers.contacts.CallLogProvider already published as call_log
W/ActivityThread( 7570): Content provider com.android.providers.contacts.CallLogProvider already published as call_log
I/ActivityManager(  449): No longer want com.google.android.apps.walletnfcrel (pid 20770): empty #17
I/ActivityManager(  449): Start proc com.android.providers.calendar for content provider com.android.providers.calendar/.CalendarProvider2: pid=21436 uid=10007 gids={50007, 3003, 1015, 1028}
I/ActivityManager(  449): Start proc com.google.android.calendar for broadcast com.google.android.calendar/com.android.calendar.alerts.AlertReceiver: pid=21457 uid=10006 gids={50006, 3003, 1028}
I/ActivityManager(  449): No longer want com.google.android.talk (pid 21161): empty #17
W/ActivityThread( 7570): Content provider com.android.providers.contacts.CallLogProvider already published as call_log
W/ActivityThread( 7570): Content provider com.android.providers.contacts.CallLogProvider already published as call_log
I/ActivityManager(  449): START u0 {act=android.intent.action.MAIN cat=[android.intent.category.LAUNCHER] flg=0x10200000 cmp=com.microsoft.hsg.android.custom/.MainActivity} from pid 723
I/ActivityManager(  449): Start proc com.microsoft.hsg.android.custom for activity com.microsoft.hsg.android.custom/.MainActivity: pid=21488 uid=10079 gids={50079, 3003, 1028}
W/ActivityThread( 7570): Content provider com.android.providers.contacts.CallLogProvider already published as call_log
W/ActivityThread( 7570): Content provider com.android.providers.contacts.CallLogProvider already published as call_log
W/ActivityManager(  449): Unable to start service Intent { act=com.google.android.gms.analytics.service.START (has extras) } U=0: not found
I/ActivityManager(  449): No longer want com.android.keychain (pid 21279): empty #17
I/ActivityManager(  449): No longer want com.android.defcontainer (pid 21212): empty #18
I/ActivityManager(  449): START u0 {cmp=com.microsoft.hsg.android.custom/.CustomActivity} from pid 21488
D/PhoneStatusBar(  576): disable: < expand icons alerts TICKER* SYSTEM_INFO* back home recent clock search >
W/ActivityManager(  449): Unable to start service Intent { act=com.google.android.gms.analytics.service.START (has extras) } U=0: not found
I/ActivityManager(  449): START u0 {act=android.settings.WIFI_SETTINGS flg=0x14000000 cmp=com.android.settings/.Settings$WifiSettingsActivity} from pid 576
I/ActivityManager(  449): Start proc com.android.settings for activity com.android.settings/.Settings$WifiSettingsActivity: pid=21528 uid=1000 gids={41000, 1015, 1028, 3002, 3001, 3003, 3007}
D/PhoneStatusBar(  576): disable: < expand icons alerts ticker* system_info* back home recent clock search >
D/WifiService(  449): setWifiEnabled: false pid=21528, uid=1000
D/ConnectivityService(  449): ConnectivityChange for WIFI: DISCONNECTED/DISCONNECTED
D/ConnectivityService(  449): Attempting to switch to BLUETOOTH_TETHER
D/ConnectivityService(  449): Attempting to switch to ETHERNET
D/ConnectivityService(  449): resetConnections(wlan0, 3)
D/ConnectivityService(  449): ConnectivityChange for WIFI: DISCONNECTED/DISCONNECTED
D/ConnectivityService(  449): Attempting to switch to BLUETOOTH_TETHER
D/ConnectivityService(  449): Attempting to switch to ETHERNET
D/ConnectivityService(  449): resetConnections(wlan0, 3)
W/ApplicationContext(21528): Calling a method in the system process without a qualified user: android.app.ContextImpl.bindService:1406 android.content.ContextWrapper.bindService:473 android.bluetooth.BluetoothInputDevice.<init>:240 
W/ApplicationContext(21528): Calling a method in the system process without a qualified user: android.app.ContextImpl.bindService:1406 android.content.ContextWrapper.bindService:473 android.bluetooth.BluetoothPan.<init>:141 
W/ApplicationContext(21528): Calling a method in the system process without a qualified user: android.app.ContextImpl.bindService:1406 android.content.ContextWrapper.bindService:473 android.bluetooth.BluetoothPbap.<init>:161 
D/ConnectivityService(  449): handleInetConditionChange: no active default network - ignore
I/ActivityManager(  449): Start proc com.google.android.apps.uploader for broadcast com.google.android.apps.uploader/com.google.android.picasasync.ConnectivityReceiver: pid=21561 uid=10035 gids={50035, 3003, 1015, 1028}
I/ActivityManager(  449): Start proc com.google.android.youtube for broadcast com.google.android.youtube/.app.prefetch.PrefetchService$DeviceStateReceiver: pid=21578 uid=10059 gids={50059, 3003, 1015, 1006, 1028}
I/ActivityManager(  449): No longer want jp.co.omronsoft.iwnnime.ml (pid 21305): empty #17
I/ActivityManager(  449): Start proc com.google.android.gcm for broadcast com.google.android.gms/.gcm.ServiceAutoStarter: pid=21626 uid=10019 gids={50019, 3003, 1007, 1028, 1015, 2001, 3006}
I/ActivityManager(  449): No longer want net.nakvic.dromoris (pid 21265): empty #17
I/ActivityManager(  449): Start proc com.google.android.apps.walletnfcrel for broadcast com.google.android.apps.walletnfcrel/com.google.android.apps.wallet.util.WalletNetworkAccessReceiver: pid=21644 uid=10057 gids={50057, 3003, 1028}
I/ActivityManager(  449): No longer want com.google.android.partnersetup (pid 21369): empty #17
I/ActivityManager(  449): No longer want com.android.musicfx (pid 21292): empty #17
V/DeadZone(  576): consuming errant click: (201.25,14.393921)
I/ActivityManager(  449): No longer want com.google.android.apps.maps:FriendService (pid 21422): empty #17
W/ThrottleService(  449): unable to find stats for iface rmnet0
D/ConnectivityService(  449): NetTransition Wakelock for WifiStateMachine released by timeout
W/InputMethodManagerService(  449): Window already focused, ignoring focus gain of: com.android.internal.view.IInputMethodClient$Stub$Proxy@42823208 attribute=null, token = android.os.BinderProxy@429ede58
I/ActivityManager(  449): No longer want com.google.android.calendar (pid 21457): empty #17
W/ThrottleService(  449): unable to find stats for iface rmnet0
I/ActivityManager(  449): No longer want com.android.providers.calendar (pid 21436): empty #17
I/ActivityManager(  449): START u0 {act=android.intent.action.MAIN cat=[android.intent.category.LAUNCHER] flg=0x10200000 cmp=com.microsoft.hsg.android.custom/.MainActivity} from pid 723
W/InputMethodManagerService(  449): Starting input on non-focused client com.android.internal.view.IInputMethodClient$Stub$Proxy@43380bc8 (uid=10079 pid=21488)
D/PhoneStatusBar(  576): disable: < expand icons alerts TICKER* SYSTEM_INFO* back home recent clock search >
I/ActivityManager(  449): START u0 {act=android.settings.WIFI_SETTINGS flg=0x14000000 cmp=com.android.settings/.Settings$WifiSettingsActivity} from pid 576
D/PhoneStatusBar(  576): disable: < expand icons alerts ticker* system_info* back home recent clock search >
D/WifiService(  449): setWifiEnabled: true pid=21528, uid=1000
D/ConnectivityService(  449): Captive portal check NetworkInfo: type: WIFI[], state: CONNECTING/CAPTIVE_PORTAL_CHECK, reason: (unspecified), extra: "Gilma", roaming: false, failover: false, isAvailable: true
D/ConnectivityService(  449): Captive portal check NetworkInfo: type: WIFI[], state: CONNECTING/CAPTIVE_PORTAL_CHECK, reason: (unspecified), extra: "Gilma", roaming: false, failover: false, isAvailable: true
D/ConnectivityService(  449): ConnectivityChange for WIFI: CONNECTED/CONNECTED
D/ConnectivityService(  449): ConnectivityChange for WIFI: CONNECTED/CONNECTED
D/ConnectivityService(  449): handleConnectivityChange: address are the same reset per doReset linkProperty[1]: resetMask=0
I/ActivityManager(  449): Start proc com.android.defcontainer for service com.android.defcontainer/.DefaultContainerService: pid=22321 uid=10011 gids={50011, 1015, 2001, 1028}
W/ActivityManager(  449): No content provider found for permission revoke: file:///data/local/tmp/AndroidCustomWrite-0.0.1-SNAPSHOT.apk
W/ActivityManager(  449): No content provider found for permission revoke: file:///data/local/tmp/AndroidCustomWrite-0.0.1-SNAPSHOT.apk
I/PackageManager(  449): Copying native libraries to /data/app-lib/vmdl-56963916
I/ActivityManager(  449): Force stopping package com.microsoft.hsg.android.custom appid=10079 user=-1
I/ActivityManager(  449): Killing proc 21488:com.microsoft.hsg.android.custom/u0a10079: force stop com.microsoft.hsg.android.custom
I/PackageManager(  449): Package com.microsoft.hsg.android.custom codePath changed from /data/app/com.microsoft.hsg.android.custom-2.apk to /data/app/com.microsoft.hsg.android.custom-1.apk; Retaining data and using new
I/PackageManager(  449): Linking native library dir for /data/app/com.microsoft.hsg.android.custom-1.apk
I/ActivityManager(  449): Start proc com.google.android.apps.currents for service com.google.android.apps.currents/com.google.apps.dots.android.app.service.SyncService: pid=22346 uid=10010 gids={50010, 3003, 1015, 1028}
I/ActivityManager(  449): Start proc com.google.android.apps.magazines for service com.google.android.apps.magazines/com.google.apps.dots.android.app.service.SyncService: pid=22369 uid=10033 gids={50033, 3003, 1015, 1028}
D/ActivityThread(22369): Loading provider com.google.android.apps.magazines: com.google.apps.dots.android.magazines.provider.MagazinesContentProvider
I/ActivityManager(  449): Force stopping package com.microsoft.hsg.android.custom appid=10079 user=-1
W/PackageManager(  449): Code path for pkg : com.microsoft.hsg.android.custom changing from /data/app/com.microsoft.hsg.android.custom-2.apk to /data/app/com.microsoft.hsg.android.custom-1.apk
W/PackageManager(  449): Resource path for pkg : com.microsoft.hsg.android.custom changing from /data/app/com.microsoft.hsg.android.custom-2.apk to /data/app/com.microsoft.hsg.android.custom-1.apk
W/ActivityManager(  449): Unable to start service Intent { act=com.google.android.gms.analytics.service.START (has extras) } U=0: not found
I/ActivityManager(  449): Force stopping package com.microsoft.hsg.android.custom appid=10079 user=0
I/BootReceiver(  449): Copying /data/tombstones/tombstone_07 to DropBox (SYSTEM_TOMBSTONE)
D/PackageManager(  449): generateServicesMap() for 0
D/DevicePolicyManagerService(  449): Handling package changes for user 0
D/PackageManager(  449): generateServicesMap() for 0
D/PackageManager(  449): generateServicesMap() for 0
D/PackageManager(  449): generateServicesMap() for 0
D/ConnectivityService(  449): handleInetConditionHoldEnd: net=1, condition=100, published condition=0
I/ActivityManager(  449): Start proc net.nakvic.dromoris for broadcast net.nakvic.dromoris/.AppReceiver: pid=22431 uid=10078 gids={50078, 3003, 1006, 1015, 1028}
I/ActivityManager(  449): Start proc com.android.keychain for broadcast com.android.keychain/.KeyChainBroadcastReceiver: pid=22449 uid=1000 gids={41000, 1015, 1028, 3002, 3001, 3003, 3007}
W/ApplicationContext(22449): Calling a method in the system process without a qualified user: android.app.ContextImpl.startService:1352 android.content.ContextWrapper.startService:450 android.content.ContextWrapper.startService:450 
I/ActivityManager(  449): Start proc com.android.musicfx for broadcast com.android.musicfx/.Compatibility$Receiver: pid=22462 uid=10037 gids={50037, 3003, 3002, 1028}
I/ActivityManager(  449): Start proc jp.co.omronsoft.iwnnime.ml for broadcast jp.co.omronsoft.iwnnime.ml/.UninstallReceiver: pid=22477 uid=10060 gids={50060, 1028}
I/ActivityManager(  449): No longer want com.google.android.gms (pid 21329): empty #17
W/ActivityManager(  449): Unable to start service Intent { act=com.google.android.gms.analytics.service.START (has extras) } U=0: not found
I/ActivityManager(  449): No longer want com.google.android.gsf.login (pid 21385): empty #17
I/ActivityManager(  449): No longer want com.google.android.googlequicksearchbox (pid 21349): empty #17
I/ActivityManager(  449): Start proc com.google.android.gms for broadcast com.google.android.gms/.common.receiver.SystemBroadcastReceiver: pid=22492 uid=10019 gids={50019, 3003, 1007, 1028, 1015, 2001, 3006}
I/ActivityManager(  449): Start proc com.google.android.googlequicksearchbox for broadcast com.google.android.googlequicksearchbox/com.google.android.apps.sidekick.GmmLocationProviderImpl$GmmPackageWatcher: pid=22507 uid=10053 gids={50053, 3003, 1028, 1007, 3002, 1015, 1006}
I/ActivityManager(  449): No longer want android.process.media (pid 16981): empty #17
D/MountService(  449): An IMountServiceListener has died!
W/ActivityManager(  449): Scheduling restart of crashed service com.android.providers.media/.MtpService in 5000ms
I/ActivityManager(  449): Start proc com.google.android.partnersetup for content provider com.google.android.partnersetup/.RlzAppProvider: pid=22527 uid=10023 gids={50023, 3003, 1028}
I/ActivityManager(  449): Start proc com.google.android.gsf.login for service com.google.android.gsf.login/com.google.android.gsf.loginservice.GoogleLoginService: pid=22543 uid=10019 gids={50019, 3003, 1007, 1028, 1015, 2001, 3006}
I/ActivityManager(  449): No longer want com.google.android.youtube (pid 21578): empty #17
I/ActivityManager(  449): No longer want com.google.android.apps.uploader (pid 21561): empty #18
I/ActivityManager(  449): Start proc com.google.android.apps.maps:FriendService for broadcast com.google.android.apps.maps/com.google.googlenav.friend.android.ServiceReceiver: pid=22574 uid=10034 gids={50034, 3003, 1015, 1028}
I/ActivityManager(  449): No longer want com.google.android.gcm (pid 21626): empty #17
I/ActivityManager(  449): Start proc com.google.android.talk for broadcast com.google.android.talk/.ConnectionStateOnlineReceiver: pid=22591 uid=10051 gids={50051, 3003, 1015, 1006, 1028, 3002}
I/ActivityManager(  449): Start proc com.android.providers.calendar for content provider com.android.providers.calendar/.CalendarProvider2: pid=22603 uid=10007 gids={50007, 3003, 1015, 1028}
I/ActivityManager(  449): Start proc android.process.media for content provider com.android.providers.media/.MediaProvider: pid=22628 uid=10013 gids={50013, 1015, 1023, 1024, 1028, 2001, 3003, 3007}
I/ActivityManager(  449): No longer want com.google.android.apps.walletnfcrel (pid 21644): empty #17
W/ActivityThread( 7570): Content provider com.android.providers.contacts.CallLogProvider already published as call_log
W/ActivityThread( 7570): Content provider com.android.providers.contacts.CallLogProvider already published as call_log
I/ActivityManager(  449): Start proc com.google.android.calendar for broadcast com.google.android.calendar/com.android.calendar.alerts.AlertReceiver: pid=22658 uid=10006 gids={50006, 3003, 1028}
I/ActivityManager(  449): No longer want com.android.defcontainer (pid 22321): empty #17
W/ActivityManager(  449): Unable to start service Intent { act=com.google.android.gms.analytics.service.START (has extras) } U=0: not found
W/ActivityThread( 7570): Content provider com.android.providers.contacts.CallLogProvider already published as call_log
--------- beginning of /dev/log/main
W/Settings( 7570): Setting install_non_market_apps has moved from android.provider.Settings.Secure to android.provider.Settings.Global.
D/dalvikvm( 7570): GC_CONCURRENT freed 537K, 9% free 7708K/8404K, paused 10ms+2ms, total 41ms
W/ActivityManager(  449): Unable to start service Intent { act=com.google.android.gms.analytics.service.START (has extras) } U=0: not found
W/GAV2    (22369): Thread[Service Reconnect,5,main]: Service unavailable (code=1), using local store.
I/ActivityThread( 7570): Acquiring provider call_log for user 0: existing object's process dead
E/DatabaseUtils(21145): Writing exception to parcel
E/DatabaseUtils(21145): java.lang.IllegalArgumentException: Invalid column logtype
E/DatabaseUtils(21145): 	at android.database.sqlite.SQLiteQueryBuilder.computeProjection(SQLiteQueryBuilder.java:632)
E/DatabaseUtils(21145): 	at android.database.sqlite.SQLiteQueryBuilder.buildQuery(SQLiteQueryBuilder.java:447)
E/DatabaseUtils(21145): 	at android.database.sqlite.SQLiteQueryBuilder.query(SQLiteQueryBuilder.java:387)
E/DatabaseUtils(21145): 	at android.database.sqlite.SQLiteQueryBuilder.query(SQLiteQueryBuilder.java:333)
E/DatabaseUtils(21145): 	at com.android.providers.contacts.CallLogProvider.query(CallLogProvider.java:165)
E/DatabaseUtils(21145): 	at android.content.ContentProvider.query(ContentProvider.java:652)
E/DatabaseUtils(21145): 	at android.content.ContentProvider$Transport.query(ContentProvider.java:189)
E/DatabaseUtils(21145): 	at android.content.ContentProviderNative.onTransact(ContentProviderNative.java:113)
E/DatabaseUtils(21145): 	at android.os.Binder.execTransact(Binder.java:351)
E/DatabaseUtils(21145): 	at dalvik.system.NativeStart.run(Native Method)
W/ActivityThread( 7570): Content provider com.android.providers.contacts.CallLogProvider already published as call_log
I/ActivityThread( 7570): Acquiring provider call_log for user 0: existing object's process dead
I/ActivityThread( 7570): Acquiring provider call_log for user 0: existing object's process dead
W/Settings( 7570): Setting install_non_market_apps has moved from android.provider.Settings.Secure to android.provider.Settings.Global.
W/ActivityThread( 7570): Content provider com.android.providers.contacts.CallLogProvider already published as call_log
